L 04/16/2026 - 17:39:23: Log file started (file "logs/L0416053.log") (game "cstrike") (version "48/1.1.2.7/Stdio/4328")
L 04/16/2026 - 17:39:23: Server cvar "mp_friendlyfire" = "1"
L 04/16/2026 - 17:39:23: Server cvar "mp_give_player_c4" = "1"
L 04/16/2026 - 17:39:23: Server cvar "mp_round_restart_delay" = "5"
L 04/16/2026 - 17:39:23: Server cvar "mp_weapons_allow_map_placed" = "1"
L 04/16/2026 - 17:39:23: Server cvar "mp_timelimit" = "0"
L 04/16/2026 - 17:39:23: World triggered "Restart_Round_(1_second)"
L 04/16/2026 - 17:39:23: Team "CT" scored "1" with "2" players
L 04/16/2026 - 17:39:23: Team "TERRORIST" scored "0" with "2" players
L 04/16/2026 - 17:39:23: Server cvar "sv_restart" = "0"
L 04/16/2026 - 17:39:24: "SPORK<105><STEAM_0:0:32599427><TERRORIST>" triggered "Spawned_With_The_Bomb"
L 04/16/2026 - 17:39:26: Server cvar "sv_restart" = "1"
L 04/16/2026 - 17:39:26: World triggered "Restart_Round_(1_second)"
L 04/16/2026 - 17:39:26: Team "CT" scored "0" with "2" players
L 04/16/2026 - 17:39:26: Team "TERRORIST" scored "0" with "2" players
L 04/16/2026 - 17:39:26: Server cvar "sv_restart" = "0"
L 04/16/2026 - 17:39:27: "4f<104><STEAM_0:0:19989970><TERRORIST>" triggered "Spawned_With_The_Bomb"
L 04/16/2026 - 17:39:29: Server cvar "sv_restart" = "1"
L 04/16/2026 - 17:39:29: World triggered "Restart_Round_(1_second)"
L 04/16/2026 - 17:39:29: Team "CT" scored "0" with "2" players
L 04/16/2026 - 17:39:29: Team "TERRORIST" scored "0" with "2" players
L 04/16/2026 - 17:39:29: Server cvar "sv_restart" = "0"
L 04/16/2026 - 17:39:30: "SPORK<105><STEAM_0:0:32599427><TERRORIST>" triggered "Spawned_With_The_Bomb"
L 04/16/2026 - 17:39:32: Server cvar "sv_restart" = "1"
L 04/16/2026 - 17:39:32: World triggered "Restart_Round_(1_second)"
L 04/16/2026 - 17:39:32: Team "CT" scored "0" with "2" players
L 04/16/2026 - 17:39:32: Team "TERRORIST" scored "0" with "2" players
L 04/16/2026 - 17:39:32: Server cvar "sv_restart" = "0"
L 04/16/2026 - 17:39:33: "4f<104><STEAM_0:0:19989970><TERRORIST>" triggered "Spawned_With_The_Bomb"
L 04/16/2026 - 17:39:48: World triggered "Round_Start"
L 04/16/2026 - 17:39:48: Rcon: "rcon 2122926088 "pikabu" status" from "172.18.0.1:60344"
L 04/16/2026 - 17:39:48: Rcon: "rcon 2122926088 "pikabu" sv_visiblemaxplayers" from "172.18.0.1:38252"
L 04/16/2026 - 17:39:56: "4f<104><STEAM_0:0:19989970><TERRORIST>" triggered "Dropped_The_Bomb"
L 04/16/2026 - 17:40:01: "SPORK<105><STEAM_0:0:32599427><TERRORIST>" triggered "Got_The_Bomb"
L 04/16/2026 - 17:40:33: "4f<104><STEAM_0:0:19989970><TERRORIST>" killed "mURk<96><STEAM_0:0:36417680><CT>" with "glock18" (attacker_position "1238 470 184") (victim_position "1535 220 196")
L 04/16/2026 - 17:40:33: "mURk<96><STEAM_0:0:36417680><CT>" triggered "weaponstats" (weapon "grenade") (shots "1") (hits "0") (kills "0") (headshots "0") (tks "0") (damage "0") (deaths "0")
L 04/16/2026 - 17:40:33: "mURk<96><STEAM_0:0:36417680><CT>" triggered "weaponstats2" (weapon "grenade") (head "0") (chest "0") (stomach "0") (leftarm "0") (rightarm "0") (leftleg "0") (rightleg "0")
L 04/16/2026 - 17:40:33: "mURk<96><STEAM_0:0:36417680><CT>" triggered "weaponstats" (weapon "usp") (shots "6") (hits "4") (kills "0") (headshots "0") (tks "0") (damage "64") (deaths "1")
L 04/16/2026 - 17:40:33: "mURk<96><STEAM_0:0:36417680><CT>" triggered "weaponstats2" (weapon "usp") (head "0") (chest "0") (stomach "0") (leftarm "1") (rightarm "3") (leftleg "0") (rightleg "0")
L 04/16/2026 - 17:40:33: "mURk<96><STEAM_0:0:36417680><CT>" triggered "weaponstats" (weapon "deagle") (shots "7") (hits "2") (kills "0") (headshots "0") (tks "0") (damage "50") (deaths "0")
L 04/16/2026 - 17:40:33: "mURk<96><STEAM_0:0:36417680><CT>" triggered "weaponstats2" (weapon "deagle") (head "0") (chest "0") (stomach "0") (leftarm "1") (rightarm "1") (leftleg "0") (rightleg "0")
L 04/16/2026 - 17:40:33: "mURk<96><STEAM_0:0:36417680><CT>" triggered "weaponstats" (weapon "ak47") (shots "29") (hits "6") (kills "2") (headshots "0") (tks "0") (damage "160") (deaths "0")
L 04/16/2026 - 17:40:33: "mURk<96><STEAM_0:0:36417680><CT>" triggered "weaponstats2" (weapon "ak47") (head "0") (chest "2") (stomach "0") (leftarm "3") (rightarm "1") (leftleg "0") (rightleg "0")
L 04/16/2026 - 17:40:33: "mURk<96><STEAM_0:0:36417680><CT>" triggered "weaponstats" (weapon "knife") (shots "17") (hits "3") (kills "0") (headshots "0") (tks "0") (damage "92") (deaths "0")
L 04/16/2026 - 17:40:33: "mURk<96><STEAM_0:0:36417680><CT>" triggered "weaponstats2" (weapon "knife") (head "0") (chest "3") (stomach "0") (leftarm "0") (rightarm "0") (leftleg "0") (rightleg "0")
L 04/16/2026 - 17:40:45: "Psych<100><STEAM_0:0:49933366><CT>" killed "SPORK<105><STEAM_0:0:32599427><TERRORIST>" with "usp" (headshot) (attacker_position "1608 1112 196") (victim_position "1505 956 196")
L 04/16/2026 - 17:40:45: "SPORK<105><STEAM_0:0:32599427><TERRORIST>" triggered "Dropped_The_Bomb"
L 04/16/2026 - 17:40:45: "SPORK<105><STEAM_0:0:32599427><TERRORIST>" triggered "weaponstats" (weapon "deagle") (shots "11") (hits "3") (kills "0") (headshots "0") (tks "0") (damage "82") (deaths "1")
L 04/16/2026 - 17:40:45: "SPORK<105><STEAM_0:0:32599427><TERRORIST>" triggered "weaponstats2" (weapon "deagle") (head "0") (chest "0") (stomach "0") (leftarm "0") (rightarm "3") (leftleg "0") (rightleg "0")
L 04/16/2026 - 17:40:49: Rcon: "rcon 2122926088 "pikabu" stats" from "172.18.0.1:33765"
L 04/16/2026 - 17:41:02: "4f<104><STEAM_0:0:19989970><TERRORIST>" triggered "Got_The_Bomb"
L 04/16/2026 - 17:41:31: "4f<104><STEAM_0:0:19989970><TERRORIST>" triggered "Planted_The_Bomb"
L 04/16/2026 - 17:41:56: "Psych<100><STEAM_0:0:49933366><CT>" triggered "Begin_Bomb_Defuse_Without_Kit"
L 04/16/2026 - 17:41:56: Rcon: "rcon 2122926088 "pikabu" status" from "172.18.0.1:35222"
L 04/16/2026 - 17:41:56: Rcon: "rcon 2122926088 "pikabu" sv_visiblemaxplayers" from "172.18.0.1:38613"
L 04/16/2026 - 17:42:00: "Psych<100><STEAM_0:0:49933366><CT>" triggered "Begin_Bomb_Defuse_Without_Kit"
L 04/16/2026 - 17:42:03: "4f<104><STEAM_0:0:19989970><TERRORIST>" killed "Psych<100><STEAM_0:0:49933366><CT>" with "knife" (attacker_position "2092 62 196") (victim_position "2098 4 196")
L 04/16/2026 - 17:42:03: Team "TERRORIST" triggered "Terrorists_Win" (CT "0") (T "1")
L 04/16/2026 - 17:42:03: World triggered "Round_End"
L 04/16/2026 - 17:42:03: "Psych<100><STEAM_0:0:49933366><CT>" triggered "weaponstats" (weapon "grenade") (shots "1") (hits "0") (kills "0") (headshots "0") (tks "0") (damage "0") (deaths "0")
L 04/16/2026 - 17:42:03: "Psych<100><STEAM_0:0:49933366><CT>" triggered "weaponstats2" (weapon "grenade") (head "0") (chest "0") (stomach "0") (leftarm "0") (rightarm "0") (leftleg "0") (rightleg "0")
L 04/16/2026 - 17:42:03: "Psych<100><STEAM_0:0:49933366><CT>" triggered "weaponstats" (weapon "usp") (shots "10") (hits "1") (kills "1") (headshots "1") (tks "0") (damage "124") (deaths "1")
L 04/16/2026 - 17:42:03: "Psych<100><STEAM_0:0:49933366><CT>" triggered "weaponstats2" (weapon "usp") (head "1") (chest "0") (stomach "0") (leftarm "0") (rightarm "0") (leftleg "0") (rightleg "0")
L 04/16/2026 - 17:42:03: "Psych<100><STEAM_0:0:49933366><CT>" triggered "weaponstats" (weapon "knife") (shots "9") (hits "3") (kills "2") (headshots "0") (tks "0") (damage "175") (deaths "0")
L 04/16/2026 - 17:42:03: "Psych<100><STEAM_0:0:49933366><CT>" triggered "weaponstats2" (weapon "knife") (head "0") (chest "0") (stomach "0") (leftarm "0") (rightarm "0") (leftleg "0") (rightleg "1")
L 04/16/2026 - 17:42:06: "4f<104><STEAM_0:0:19989970><TERRORIST>" triggered "weaponstats" (weapon "glock18") (shots "10") (hits "1") (kills "1") (headshots "0") (tks "0") (damage "20") (deaths "0")
L 04/16/2026 - 17:42:06: "4f<104><STEAM_0:0:19989970><TERRORIST>" triggered "weaponstats2" (weapon "glock18") (head "0") (chest "0") (stomach "0") (leftarm "0") (rightarm "1") (leftleg "0") (rightleg "0")
L 04/16/2026 - 17:42:06: "4f<104><STEAM_0:0:19989970><TERRORIST>" triggered "weaponstats" (weapon "knife") (shots "1") (hits "1") (kills "1") (headshots "0") (tks "0") (damage "195") (deaths "0")
L 04/16/2026 - 17:42:06: "4f<104><STEAM_0:0:19989970><TERRORIST>" triggered "weaponstats2" (weapon "knife") (head "0") (chest "0") (stomach "0") (leftarm "0") (rightarm "0") (leftleg "0") (rightleg "0")
L 04/16/2026 - 17:42:08: "SPORK<105><STEAM_0:0:32599427><TERRORIST>" triggered "Spawned_With_The_Bomb"
L 04/16/2026 - 17:42:14: "SPORK<105><STEAM_0:0:32599427><TERRORIST>" triggered "Dropped_The_Bomb"
L 04/16/2026 - 17:42:14: "4f<104><STEAM_0:0:19989970><TERRORIST>" triggered "Got_The_Bomb"
L 04/16/2026 - 17:42:23: World triggered "Round_Start"
L 04/16/2026 - 17:43:26: "mURk<96><STEAM_0:0:36417680><CT>" killed "SPORK<105><STEAM_0:0:32599427><TERRORIST>" with "usp" (headshot) (attacker_position "1764 1270 196") (victim_position "1414 856 196")
L 04/16/2026 - 17:43:26: "SPORK<105><STEAM_0:0:32599427><TERRORIST>" triggered "weaponstats" (weapon "ak47") (shots "4") (hits "1") (kills "0") (headshots "0") (tks "0") (damage "26") (deaths "1")
L 04/16/2026 - 17:43:26: "SPORK<105><STEAM_0:0:32599427><TERRORIST>" triggered "weaponstats2" (weapon "ak47") (head "0") (chest "0") (stomach "0") (leftarm "0") (rightarm "0") (leftleg "1") (rightleg "0")
L 04/16/2026 - 17:43:38: "4f<104><STEAM_0:0:19989970><TERRORIST>" killed "mURk<96><STEAM_0:0:36417680><CT>" with "ak47" (attacker_position "1121 432 162") (victim_position "1672 1168 196")
L 04/16/2026 - 17:43:38: "mURk<96><STEAM_0:0:36417680><CT>" triggered "weaponstats" (weapon "usp") (shots "2") (hits "1") (kills "1") (headshots "1") (tks "0") (damage "104") (deaths "0")
L 04/16/2026 - 17:43:38: "mURk<96><STEAM_0:0:36417680><CT>" triggered "weaponstats2" (weapon "usp") (head "1") (chest "0") (stomach "0") (leftarm "0") (rightarm "0") (leftleg "0") (rightleg "0")
L 04/16/2026 - 17:43:38: "mURk<96><STEAM_0:0:36417680><CT>" triggered "weaponstats" (weapon "ak47") (shots "1") (hits "1") (kills "0") (headshots "0") (tks "0") (damage "26") (deaths "1")
L 04/16/2026 - 17:43:38: "mURk<96><STEAM_0:0:36417680><CT>" triggered "weaponstats2" (weapon "ak47") (head "0") (chest "0") (stomach "0") (leftarm "1") (rightarm "0") (leftleg "0") (rightleg "0")
L 04/16/2026 - 17:44:00: "4f<104><STEAM_0:0:19989970><TERRORIST>" triggered "Planted_The_Bomb"
L 04/16/2026 - 17:44:00: Rcon: "rcon 2122926088 "pikabu" status" from "172.18.0.1:33668"
L 04/16/2026 - 17:44:00: Rcon: "rcon 2122926088 "pikabu" sv_visiblemaxplayers" from "172.18.0.1:35953"
L 04/16/2026 - 17:44:25: "4f<104><STEAM_0:0:19989970><TERRORIST>" killed "Psych<100><STEAM_0:0:49933366><CT>" with "ak47" (headshot) (attacker_position "1820 316 196") (victim_position "1902 333 196")
L 04/16/2026 - 17:44:25: Team "TERRORIST" triggered "Terrorists_Win" (CT "0") (T "2")
L 04/16/2026 - 17:44:25: World triggered "Round_End"
L 04/16/2026 - 17:44:25: "Psych<100><STEAM_0:0:49933366><CT>" triggered "weaponstats" (weapon "usp") (shots "2") (hits "1") (kills "0") (headshots "0") (tks "0") (damage "18") (deaths "1")
L 04/16/2026 - 17:44:25: "Psych<100><STEAM_0:0:49933366><CT>" triggered "weaponstats2" (weapon "usp") (head "0") (chest "0") (stomach "0") (leftarm "0") (rightarm "0") (leftleg "1") (rightleg "0")
L 04/16/2026 - 17:44:30: "4f<104><STEAM_0:0:19989970><TERRORIST>" triggered "Spawned_With_The_Bomb"
L 04/16/2026 - 17:44:45: World triggered "Round_Start"
L 04/16/2026 - 17:45:17: "mURk<96><STEAM_0:0:36417680><CT>" killed "4f<104><STEAM_0:0:19989970><TERRORIST>" with "famas" (headshot) (attacker_position "1466 366 196") (victim_position "-90 862 124")
L 04/16/2026 - 17:45:17: "4f<104><STEAM_0:0:19989970><TERRORIST>" triggered "Dropped_The_Bomb"
L 04/16/2026 - 17:45:17: "4f<104><STEAM_0:0:19989970><TERRORIST>" triggered "weaponstats" (weapon "ak47") (shots "25") (hits "5") (kills "2") (headshots "1") (tks "0") (damage "245") (deaths "1")
L 04/16/2026 - 17:45:17: "4f<104><STEAM_0:0:19989970><TERRORIST>" triggered "weaponstats2" (weapon "ak47") (head "1") (chest "0") (stomach "0") (leftarm "2") (rightarm "0") (leftleg "1") (rightleg "1")
L 04/16/2026 - 17:45:32: "SPORK<105><STEAM_0:0:32599427><TERRORIST>" killed "mURk<96><STEAM_0:0:36417680><CT>" with "ak47" (headshot) (attacker_position "-284 878 71") (victim_position "578 541 132")
L 04/16/2026 - 17:45:32: "mURk<96><STEAM_0:0:36417680><CT>" triggered "weaponstats" (weapon "famas") (shots "7") (hits "3") (kills "1") (headshots "1") (tks "0") (damage "162") (deaths "1")
L 04/16/2026 - 17:45:32: "mURk<96><STEAM_0:0:36417680><CT>" triggered "weaponstats2" (weapon "famas") (head "2") (chest "1") (stomach "0") (leftarm "0") (rightarm "0") (leftleg "0") (rightleg "0")
L 04/16/2026 - 17:45:32: "mURk<96><STEAM_0:0:36417680><CT>" triggered "weaponstats" (weapon "knife") (shots "1") (hits "0") (kills "0") (headshots "0") (tks "0") (damage "0") (deaths "0")
L 04/16/2026 - 17:45:32: "mURk<96><STEAM_0:0:36417680><CT>" triggered "weaponstats2" (weapon "knife") (head "0") (chest "0") (stomach "0") (leftarm "0") (rightarm "0") (leftleg "0") (rightleg "0")
L 04/16/2026 - 17:45:37: "SPORK<105><STEAM_0:0:32599427><TERRORIST>" triggered "Got_The_Bomb"
L 04/16/2026 - 17:45:49: Rcon: "rcon 2122926088 "pikabu" stats" from "172.18.0.1:56204"
L 04/16/2026 - 17:46:04: "SPORK<105><STEAM_0:0:32599427><TERRORIST>" killed "Psych<100><STEAM_0:0:49933366><CT>" with "ak47" (attacker_position "1135 49 260") (victim_position "1001 -239 260")
L 04/16/2026 - 17:46:04: Team "TERRORIST" triggered "Terrorists_Win" (CT "0") (T "3")
L 04/16/2026 - 17:46:04: World triggered "Round_End"
L 04/16/2026 - 17:46:04: Rcon: "rcon 2122926088 "pikabu" status" from "172.18.0.1:52045"
L 04/16/2026 - 17:46:04: Rcon: "rcon 2122926088 "pikabu" sv_visiblemaxplayers" from "172.18.0.1:37265"
L 04/16/2026 - 17:46:04: "Psych<100><STEAM_0:0:49933366><CT>" triggered "weaponstats" (weapon "m4a1") (shots "5") (hits "0") (kills "0") (headshots "0") (tks "0") (damage "0") (deaths "1")
L 04/16/2026 - 17:46:04: "Psych<100><STEAM_0:0:49933366><CT>" triggered "weaponstats2" (weapon "m4a1") (head "0") (chest "0") (stomach "0") (leftarm "0") (rightarm "0") (leftleg "0") (rightleg "0")
L 04/16/2026 - 17:46:04: "Psych<100><STEAM_0:0:49933366><CT>" triggered "weaponstats" (weapon "knife") (shots "3") (hits "0") (kills "0") (headshots "0") (tks "0") (damage "0") (deaths "0")
L 04/16/2026 - 17:46:04: "Psych<100><STEAM_0:0:49933366><CT>" triggered "weaponstats2" (weapon "knife") (head "0") (chest "0") (stomach "0") (leftarm "0") (rightarm "0") (leftleg "0") (rightleg "0")
L 04/16/2026 - 17:46:09: "SPORK<105><STEAM_0:0:32599427><TERRORIST>" triggered "Spawned_With_The_Bomb"
L 04/16/2026 - 17:46:24: World triggered "Round_Start"
L 04/16/2026 - 17:46:45: "4f<104><STEAM_0:0:19989970><TERRORIST>" killed "mURk<96><STEAM_0:0:36417680><CT>" with "ak47" (attacker_position "239 709 84") (victim_position "1530 363 196")
L 04/16/2026 - 17:46:45: "mURk<96><STEAM_0:0:36417680><CT>" triggered "weaponstats" (weapon "grenade") (shots "1") (hits "2") (kills "0") (headshots "0") (tks "0") (damage "33") (deaths "0")
L 04/16/2026 - 17:46:45: "mURk<96><STEAM_0:0:36417680><CT>" triggered "weaponstats2" (weapon "grenade") (head "0") (chest "0") (stomach "0") (leftarm "0") (rightarm "0") (leftleg "0") (rightleg "0")
L 04/16/2026 - 17:46:45: "mURk<96><STEAM_0:0:36417680><CT>" triggered "weaponstats" (weapon "usp") (shots "5") (hits "0") (kills "0") (headshots "0") (tks "0") (damage "0") (deaths "1")
L 04/16/2026 - 17:46:45: "mURk<96><STEAM_0:0:36417680><CT>" triggered "weaponstats2" (weapon "usp") (head "0") (chest "0") (stomach "0") (leftarm "0") (rightarm "0") (leftleg "0") (rightleg "0")
L 04/16/2026 - 17:47:00: "SPORK<105><STEAM_0:0:32599427><TERRORIST>" killed "Psych<100><STEAM_0:0:49933366><CT>" with "m4a1" (attacker_position "1357 812 196") (victim_position "1903 1421 196")
L 04/16/2026 - 17:47:00: Team "TERRORIST" triggered "Terrorists_Win" (CT "0") (T "4")
L 04/16/2026 - 17:47:00: World triggered "Round_End"
L 04/16/2026 - 17:47:00: "Psych<100><STEAM_0:0:49933366><CT>" triggered "weaponstats" (weapon "grenade") (shots "1") (hits "1") (kills "0") (headshots "0") (tks "0") (damage "8") (deaths "0")
L 04/16/2026 - 17:47:00: "Psych<100><STEAM_0:0:49933366><CT>" triggered "weaponstats2" (weapon "grenade") (head "0") (chest "0") (stomach "0") (leftarm "0") (rightarm "0") (leftleg "0") (rightleg "0")
L 04/16/2026 - 17:47:00: "Psych<100><STEAM_0:0:49933366><CT>" triggered "weaponstats" (weapon "usp") (shots "4") (hits "1") (kills "0") (headshots "0") (tks "0") (damage "10") (deaths "1")
L 04/16/2026 - 17:47:00: "Psych<100><STEAM_0:0:49933366><CT>" triggered "weaponstats2" (weapon "usp") (head "0") (chest "0") (stomach "0") (leftarm "0") (rightarm "1") (leftleg "0") (rightleg "0")
L 04/16/2026 - 17:47:00: "Psych<100><STEAM_0:0:49933366><CT>" triggered "weaponstats" (weapon "knife") (shots "3") (hits "0") (kills "0") (headshots "0") (tks "0") (damage "0") (deaths "0")
L 04/16/2026 - 17:47:00: "Psych<100><STEAM_0:0:49933366><CT>" triggered "weaponstats2" (weapon "knife") (head "0") (chest "0") (stomach "0") (leftarm "0") (rightarm "0") (leftleg "0") (rightleg "0")
L 04/16/2026 - 17:47:05: "4f<104><STEAM_0:0:19989970><TERRORIST>" triggered "Spawned_With_The_Bomb"
L 04/16/2026 - 17:47:20: World triggered "Round_Start"
L 04/16/2026 - 17:47:24: "4f<104><STEAM_0:0:19989970><TERRORIST>" triggered "Dropped_The_Bomb"
L 04/16/2026 - 17:47:25: "SPORK<105><STEAM_0:0:32599427><TERRORIST>" triggered "Got_The_Bomb"
L 04/16/2026 - 17:48:04: "mURk<96><STEAM_0:0:36417680><CT>" killed "SPORK<105><STEAM_0:0:32599427><TERRORIST>" with "m4a1" (attacker_position "1625 1151 178") (victim_position "1269 632 190")
L 04/16/2026 - 17:48:04: "SPORK<105><STEAM_0:0:32599427><TERRORIST>" triggered "Dropped_The_Bomb"
L 04/16/2026 - 17:48:04: "SPORK<105><STEAM_0:0:32599427><TERRORIST>" triggered "weaponstats" (weapon "grenade") (shots "2") (hits "1") (kills "0") (headshots "0") (tks "0") (damage "15") (deaths "0")
L 04/16/2026 - 17:48:04: "SPORK<105><STEAM_0:0:32599427><TERRORIST>" triggered "weaponstats2" (weapon "grenade") (head "0") (chest "0") (stomach "0") (leftarm "0") (rightarm "0") (leftleg "0") (rightleg "0")
L 04/16/2026 - 17:48:04: "SPORK<105><STEAM_0:0:32599427><TERRORIST>" triggered "weaponstats" (weapon "m4a1") (shots "24") (hits "2") (kills "1") (headshots "0") (tks "0") (damage "65") (deaths "1")
L 04/16/2026 - 17:48:04: "SPORK<105><STEAM_0:0:32599427><TERRORIST>" triggered "weaponstats2" (weapon "m4a1") (head "0") (chest "0") (stomach "1") (leftarm "1") (rightarm "0") (leftleg "0") (rightleg "0")
L 04/16/2026 - 17:48:04: "SPORK<105><STEAM_0:0:32599427><TERRORIST>" triggered "weaponstats" (weapon "ak47") (shots "15") (hits "7") (kills "2") (headshots "1") (tks "0") (damage "257") (deaths "0")
L 04/16/2026 - 17:48:04: "SPORK<105><STEAM_0:0:32599427><TERRORIST>" triggered "weaponstats2" (weapon "ak47") (head "1") (chest "0") (stomach "1") (leftarm "4") (rightarm "0") (leftleg "1") (rightleg "0")
L 04/16/2026 - 17:48:28: Rcon: "rcon 2122926088 "pikabu" status" from "172.18.0.1:44087"
L 04/16/2026 - 17:48:28: Rcon: "rcon 2122926088 "pikabu" sv_visiblemaxplayers" from "172.18.0.1:53867"
L 04/16/2026 - 17:48:52: "mURk<96><STEAM_0:0:36417680><CT>" killed "4f<104><STEAM_0:0:19989970><TERRORIST>" with "m4a1" (attacker_position "1353 759 196") (victim_position "1545 57 196")
L 04/16/2026 - 17:48:52: Team "CT" triggered "CTs_Win" (CT "1") (T "4")
L 04/16/2026 - 17:48:52: World triggered "Round_End"
L 04/16/2026 - 17:48:52: "4f<104><STEAM_0:0:19989970><TERRORIST>" triggered "weaponstats" (weapon "grenade") (shots "2") (hits "1") (kills "0") (headshots "0") (tks "0") (damage "91") (deaths "0")
L 04/16/2026 - 17:48:52: "4f<104><STEAM_0:0:19989970><TERRORIST>" triggered "weaponstats2" (weapon "grenade") (head "0") (chest "0") (stomach "0") (leftarm "0") (rightarm "0") (leftleg "0") (rightleg "0")
L 04/16/2026 - 17:48:52: "4f<104><STEAM_0:0:19989970><TERRORIST>" triggered "weaponstats" (weapon "ak47") (shots "46") (hits "5") (kills "1") (headshots "0") (tks "0") (damage "147") (deaths "1")
L 04/16/2026 - 17:48:52: "4f<104><STEAM_0:0:19989970><TERRORIST>" triggered "weaponstats2" (weapon "ak47") (head "0") (chest "0") (stomach "2") (leftarm "2") (rightarm "0") (leftleg "1") (rightleg "0")
L 04/16/2026 - 17:48:57: "SPORK<105><STEAM_0:0:32599427><TERRORIST>" triggered "Spawned_With_The_Bomb"
L 04/16/2026 - 17:49:12: World triggered "Round_Start"
L 04/16/2026 - 17:50:50: Rcon: "rcon 2122926088 "pikabu" stats" from "172.18.0.1:50542"
L 04/16/2026 - 17:50:55: "4f<104><STEAM_0:0:19989970><TERRORIST>" killed "Psych<100><STEAM_0:0:49933366><CT>" with "ak47" (attacker_position "1939 310 196") (victim_position "2066 -264 308")
L 04/16/2026 - 17:50:55: Rcon: "rcon 2122926088 "pikabu" status" from "172.18.0.1:39932"
L 04/16/2026 - 17:50:55: Rcon: "rcon 2122926088 "pikabu" sv_visiblemaxplayers" from "172.18.0.1:39874"
L 04/16/2026 - 17:50:55: "Psych<100><STEAM_0:0:49933366><CT>" triggered "weaponstats" (weapon "grenade") (shots "2") (hits "0") (kills "0") (headshots "0") (tks "0") (damage "0") (deaths "0")
L 04/16/2026 - 17:50:55: "Psych<100><STEAM_0:0:49933366><CT>" triggered "weaponstats2" (weapon "grenade") (head "0") (chest "0") (stomach "0") (leftarm "0") (rightarm "0") (leftleg "0") (rightleg "0")
L 04/16/2026 - 17:50:55: "Psych<100><STEAM_0:0:49933366><CT>" triggered "weaponstats" (weapon "famas") (shots "56") (hits "5") (kills "0") (headshots "0") (tks "0") (damage "89") (deaths "1")
L 04/16/2026 - 17:50:55: "Psych<100><STEAM_0:0:49933366><CT>" triggered "weaponstats2" (weapon "famas") (head "0") (chest "1") (stomach "0") (leftarm "2") (rightarm "1") (leftleg "0") (rightleg "1")
L 04/16/2026 - 17:50:55: "SPORK<105><STEAM_0:0:32599427><TERRORIST>" triggered "Planted_The_Bomb"
L 04/16/2026 - 17:50:56: "4f<104><STEAM_0:0:19989970><TERRORIST>" killed "mURk<96><STEAM_0:0:36417680><CT>" with "ak47" (headshot) (attacker_position "2079 362 196") (victim_position "2500 -99 143")
L 04/16/2026 - 17:50:56: Team "TERRORIST" triggered "Terrorists_Win" (CT "1") (T "5")
L 04/16/2026 - 17:50:56: World triggered "Round_End"
L 04/16/2026 - 17:50:56: "mURk<96><STEAM_0:0:36417680><CT>" triggered "weaponstats" (weapon "grenade") (shots "2") (hits "0") (kills "0") (headshots "0") (tks "0") (damage "0") (deaths "0")
L 04/16/2026 - 17:50:56: "mURk<96><STEAM_0:0:36417680><CT>" triggered "weaponstats2" (weapon "grenade") (head "0") (chest "0") (stomach "0") (leftarm "0") (rightarm "0") (leftleg "0") (rightleg "0")
L 04/16/2026 - 17:50:56: "mURk<96><STEAM_0:0:36417680><CT>" triggered "weaponstats" (weapon "m4a1") (shots "55") (hits "11") (kills "2") (headshots "0") (tks "0") (damage "218") (deaths "1")
L 04/16/2026 - 17:50:56: "mURk<96><STEAM_0:0:36417680><CT>" triggered "weaponstats2" (weapon "m4a1") (head "0") (chest "1") (stomach "2") (leftarm "4") (rightarm "1") (leftleg "0") (rightleg "3")
L 04/16/2026 - 17:50:56: "mURk<96><STEAM_0:0:36417680><CT>" triggered "weaponstats" (weapon "knife") (shots "2") (hits "0") (kills "0") (headshots "0") (tks "0") (damage "0") (deaths "0")
L 04/16/2026 - 17:50:56: "mURk<96><STEAM_0:0:36417680><CT>" triggered "weaponstats2" (weapon "knife") (head "0") (chest "0") (stomach "0") (leftarm "0") (rightarm "0") (leftleg "0") (rightleg "0")
L 04/16/2026 - 17:51:01: "4f<104><STEAM_0:0:19989970><TERRORIST>" triggered "Spawned_With_The_Bomb"
L 04/16/2026 - 17:51:16: World triggered "Round_Start"
L 04/16/2026 - 17:52:22: "mURk<96><STEAM_0:0:36417680><CT>" killed "4f<104><STEAM_0:0:19989970><TERRORIST>" with "famas" (headshot) (attacker_position "1599 769 178") (victim_position "804 483 132")
L 04/16/2026 - 17:52:22: "4f<104><STEAM_0:0:19989970><TERRORIST>" triggered "Dropped_The_Bomb"
L 04/16/2026 - 17:52:22: "4f<104><STEAM_0:0:19989970><TERRORIST>" triggered "weaponstats" (weapon "grenade") (shots "1") (hits "1") (kills "0") (headshots "0") (tks "0") (damage "17") (deaths "0")
L 04/16/2026 - 17:52:22: "4f<104><STEAM_0:0:19989970><TERRORIST>" triggered "weaponstats2" (weapon "grenade") (head "0") (chest "0") (stomach "0") (leftarm "0") (rightarm "0") (leftleg "0") (rightleg "0")
L 04/16/2026 - 17:52:22: "4f<104><STEAM_0:0:19989970><TERRORIST>" triggered "weaponstats" (weapon "ak47") (shots "41") (hits "9") (kills "2") (headshots "1") (tks "0") (damage "268") (deaths "1")
L 04/16/2026 - 17:52:22: "4f<104><STEAM_0:0:19989970><TERRORIST>" triggered "weaponstats2" (weapon "ak47") (head "1") (chest "1") (stomach "1") (leftarm "5") (rightarm "0") (leftleg "1") (rightleg "0")
L 04/16/2026 - 17:53:01: Team "CT" triggered "Target_Saved" (CT "2") (T "5")
L 04/16/2026 - 17:53:01: World triggered "Round_End"
L 04/16/2026 - 17:53:01: Rcon: "rcon 2122926088 "pikabu" status" from "172.18.0.1:38745"
L 04/16/2026 - 17:53:01: Rcon: "rcon 2122926088 "pikabu" sv_visiblemaxplayers" from "172.18.0.1:60603"
L 04/16/2026 - 17:53:06: "SPORK<105><STEAM_0:0:32599427><TERRORIST>" triggered "Spawned_With_The_Bomb"
L 04/16/2026 - 17:53:17: "SPORK<105><STEAM_0:0:32599427><TERRORIST>" triggered "Dropped_The_Bomb"
L 04/16/2026 - 17:53:17: "4f<104><STEAM_0:0:19989970><TERRORIST>" triggered "Got_The_Bomb"
L 04/16/2026 - 17:53:21: World triggered "Round_Start"
L 04/16/2026 - 17:54:30: "4f<104><STEAM_0:0:19989970><TERRORIST>" killed "mURk<96><STEAM_0:0:36417680><CT>" with "ak47" (headshot) (attacker_position "2174 1013 196") (victim_position "2470 -141 132")
L 04/16/2026 - 17:54:30: "mURk<96><STEAM_0:0:36417680><CT>" triggered "weaponstats" (weapon "grenade") (shots "2") (hits "2") (kills "0") (headshots "0") (tks "0") (damage "46") (deaths "0")
L 04/16/2026 - 17:54:30: "mURk<96><STEAM_0:0:36417680><CT>" triggered "weaponstats2" (weapon "grenade") (head "0") (chest "0") (stomach "0") (leftarm "0") (rightarm "0") (leftleg "0") (rightleg "0")
L 04/16/2026 - 17:54:30: "mURk<96><STEAM_0:0:36417680><CT>" triggered "weaponstats" (weapon "famas") (shots "22") (hits "7") (kills "1") (headshots "1") (tks "0") (damage "130") (deaths "1")
L 04/16/2026 - 17:54:30: "mURk<96><STEAM_0:0:36417680><CT>" triggered "weaponstats2" (weapon "famas") (head "1") (chest "1") (stomach "0") (leftarm "5") (rightarm "0") (leftleg "0") (rightleg "0")
L 04/16/2026 - 17:54:30: "mURk<96><STEAM_0:0:36417680><CT>" triggered "weaponstats" (weapon "knife") (shots "4") (hits "0") (kills "0") (headshots "0") (tks "0") (damage "0") (deaths "0")
L 04/16/2026 - 17:54:30: "mURk<96><STEAM_0:0:36417680><CT>" triggered "weaponstats2" (weapon "knife") (head "0") (chest "0") (stomach "0") (leftarm "0") (rightarm "0") (leftleg "0") (rightleg "0")
L 04/16/2026 - 17:54:32: "4f<104><STEAM_0:0:19989970><TERRORIST>" killed "Psych<100><STEAM_0:0:49933366><CT>" with "ak47" (attacker_position "2235 1018 196") (victim_position "2181 331 196")
L 04/16/2026 - 17:54:32: Team "TERRORIST" triggered "Terrorists_Win" (CT "2") (T "6")
L 04/16/2026 - 17:54:32: World triggered "Round_End"
L 04/16/2026 - 17:54:32: "Psych<100><STEAM_0:0:49933366><CT>" triggered "weaponstats" (weapon "grenade") (shots "2") (hits "1") (kills "0") (headshots "0") (tks "0") (damage "9") (deaths "0")
L 04/16/2026 - 17:54:32: "Psych<100><STEAM_0:0:49933366><CT>" triggered "weaponstats2" (weapon "grenade") (head "0") (chest "0") (stomach "0") (leftarm "0") (rightarm "0") (leftleg "0") (rightleg "0")
L 04/16/2026 - 17:54:32: "Psych<100><STEAM_0:0:49933366><CT>" triggered "weaponstats" (weapon "famas") (shots "62") (hits "5") (kills "0") (headshots "0") (tks "0") (damage "61") (deaths "1")
L 04/16/2026 - 17:54:32: "Psych<100><STEAM_0:0:49933366><CT>" triggered "weaponstats2" (weapon "famas") (head "0") (chest "0") (stomach "2") (leftarm "1") (rightarm "0") (leftleg "2") (rightleg "0")
L 04/16/2026 - 17:54:32: "Psych<100><STEAM_0:0:49933366><CT>" triggered "weaponstats" (weapon "knife") (shots "5") (hits "0") (kills "0") (headshots "0") (tks "0") (damage "0") (deaths "0")
L 04/16/2026 - 17:54:32: "Psych<100><STEAM_0:0:49933366><CT>" triggered "weaponstats2" (weapon "knife") (head "0") (chest "0") (stomach "0") (leftarm "0") (rightarm "0") (leftleg "0") (rightleg "0")
L 04/16/2026 - 17:54:37: "4f<104><STEAM_0:0:19989970><TERRORIST>" triggered "Spawned_With_The_Bomb"
L 04/16/2026 - 17:54:52: World triggered "Round_Start"
L 04/16/2026 - 17:55:24: "SPORK<105><STEAM_0:0:32599427><TERRORIST>" killed "Psych<100><STEAM_0:0:49933366><CT>" with "ak47" (headshot) (attacker_position "1994 -187 308") (victim_position "2171 -282 276")
L 04/16/2026 - 17:55:24: "Psych<100><STEAM_0:0:49933366><CT>" triggered "weaponstats" (weapon "deagle") (shots "3") (hits "1") (kills "0") (headshots "0") (tks "0") (damage "36") (deaths "1")
L 04/16/2026 - 17:55:24: "Psych<100><STEAM_0:0:49933366><CT>" triggered "weaponstats2" (weapon "deagle") (head "0") (chest "0") (stomach "0") (leftarm "0") (rightarm "1") (leftleg "0") (rightleg "0")
L 04/16/2026 - 17:55:24: Rcon: "rcon 2122926088 "pikabu" status" from "172.18.0.1:55527"
L 04/16/2026 - 17:55:24: Rcon: "rcon 2122926088 "pikabu" sv_visiblemaxplayers" from "172.18.0.1:47969"
L 04/16/2026 - 17:55:50: Rcon: "rcon 2122926088 "pikabu" stats" from "172.18.0.1:58562"
L 04/16/2026 - 17:55:56: "4f<104><STEAM_0:0:19989970><TERRORIST>" killed "mURk<96><STEAM_0:0:36417680><CT>" with "ak47" (headshot) (attacker_position "2382 777 196") (victim_position "2104 703 178")
L 04/16/2026 - 17:55:56: Team "TERRORIST" triggered "Terrorists_Win" (CT "2") (T "7")
L 04/16/2026 - 17:55:56: World triggered "Round_End"
L 04/16/2026 - 17:55:56: "mURk<96><STEAM_0:0:36417680><CT>" triggered "weaponstats" (weapon "grenade") (shots "1") (hits "1") (kills "0") (headshots "0") (tks "0") (damage "20") (deaths "0")
L 04/16/2026 - 17:55:56: "mURk<96><STEAM_0:0:36417680><CT>" triggered "weaponstats2" (weapon "grenade") (head "0") (chest "0") (stomach "0") (leftarm "0") (rightarm "0") (leftleg "0") (rightleg "0")
L 04/16/2026 - 17:55:56: "mURk<96><STEAM_0:0:36417680><CT>" triggered "weaponstats" (weapon "deagle") (shots "2") (hits "0") (kills "0") (headshots "0") (tks "0") (damage "0") (deaths "1")
L 04/16/2026 - 17:55:56: "mURk<96><STEAM_0:0:36417680><CT>" triggered "weaponstats2" (weapon "deagle") (head "0") (chest "0") (stomach "0") (leftarm "0") (rightarm "0") (leftleg "0") (rightleg "0")
L 04/16/2026 - 17:56:01: "SPORK<105><STEAM_0:0:32599427><TERRORIST>" triggered "Spawned_With_The_Bomb"
L 04/16/2026 - 17:56:16: World triggered "Round_Start"
L 04/16/2026 - 17:56:55: "Psych<100><STEAM_0:0:49933366><CT>" killed "SPORK<105><STEAM_0:0:32599427><TERRORIST>" with "m4a1" (headshot) (attacker_position "1023 -716 171") (victim_position "955 -626 158")
L 04/16/2026 - 17:56:55: "SPORK<105><STEAM_0:0:32599427><TERRORIST>" triggered "Dropped_The_Bomb"
L 04/16/2026 - 17:56:55: "SPORK<105><STEAM_0:0:32599427><TERRORIST>" triggered "weaponstats" (weapon "grenade") (shots "4") (hits "2") (kills "0") (headshots "0") (tks "0") (damage "29") (deaths "0")
L 04/16/2026 - 17:56:55: "SPORK<105><STEAM_0:0:32599427><TERRORIST>" triggered "weaponstats2" (weapon "grenade") (head "0") (chest "0") (stomach "0") (leftarm "0") (rightarm "0") (leftleg "0") (rightleg "0")
L 04/16/2026 - 17:56:55: "SPORK<105><STEAM_0:0:32599427><TERRORIST>" triggered "weaponstats" (weapon "ak47") (shots "42") (hits "7") (kills "1") (headshots "1") (tks "0") (damage "264") (deaths "1")
L 04/16/2026 - 17:56:55: "SPORK<105><STEAM_0:0:32599427><TERRORIST>" triggered "weaponstats2" (weapon "ak47") (head "1") (chest "0") (stomach "0") (leftarm "5") (rightarm "0") (leftleg "1") (rightleg "0")
L 04/16/2026 - 17:56:56: "4f<104><STEAM_0:0:19989970><TERRORIST>" killed "mURk<96><STEAM_0:0:36417680><CT>" with "ak47" (headshot) (attacker_position "1042 499 147") (victim_position "1599 799 178")
L 04/16/2026 - 17:56:56: "mURk<96><STEAM_0:0:36417680><CT>" triggered "weaponstats" (weapon "famas") (shots "2") (hits "2") (kills "0") (headshots "0") (tks "0") (damage "97") (deaths "1")
L 04/16/2026 - 17:56:56: "mURk<96><STEAM_0:0:36417680><CT>" triggered "weaponstats2" (weapon "famas") (head "1") (chest "0") (stomach "0") (leftarm "1") (rightarm "0") (leftleg "0") (rightleg "0")
L 04/16/2026 - 17:57:08: "Psych<100><STEAM_0:0:49933366><CT>" killed "4f<104><STEAM_0:0:19989970><TERRORIST>" with "m4a1" (headshot) (attacker_position "2087 -158 308") (victim_position "1603 -17 196")
L 04/16/2026 - 17:57:08: Team "CT" triggered "CTs_Win" (CT "3") (T "7")
L 04/16/2026 - 17:57:08: World triggered "Round_End"
L 04/16/2026 - 17:57:08: "4f<104><STEAM_0:0:19989970><TERRORIST>" triggered "weaponstats" (weapon "grenade") (shots "1") (hits "0") (kills "0") (headshots "0") (tks "0") (damage "0") (deaths "0")
L 04/16/2026 - 17:57:08: "4f<104><STEAM_0:0:19989970><TERRORIST>" triggered "weaponstats2" (weapon "grenade") (head "0") (chest "0") (stomach "0") (leftarm "0") (rightarm "0") (leftleg "0") (rightleg "0")
L 04/16/2026 - 17:57:08: "4f<104><STEAM_0:0:19989970><TERRORIST>" triggered "weaponstats" (weapon "ak47") (shots "59") (hits "12") (kills "4") (headshots "3") (tks "0") (damage "490") (deaths "1")
L 04/16/2026 - 17:57:08: "4f<104><STEAM_0:0:19989970><TERRORIST>" triggered "weaponstats2" (weapon "ak47") (head "4") (chest "0") (stomach "2") (leftarm "5") (rightarm "1") (leftleg "0") (rightleg "0")
L 04/16/2026 - 17:57:13: "4f<104><STEAM_0:0:19989970><TERRORIST>" triggered "Spawned_With_The_Bomb"
L 04/16/2026 - 17:57:28: World triggered "Round_Start"
L 04/16/2026 - 17:57:28: Rcon: "rcon 2122926088 "pikabu" status" from "172.18.0.1:49514"
L 04/16/2026 - 17:57:28: Rcon: "rcon 2122926088 "pikabu" sv_visiblemaxplayers" from "172.18.0.1:40177"
L 04/16/2026 - 17:58:37: "SPORK<105><STEAM_0:0:32599427><TERRORIST>" killed "Psych<100><STEAM_0:0:49933366><CT>" with "ak47" (attacker_position "1691 -390 309") (victim_position "1880 -319 308")
L 04/16/2026 - 17:58:37: "Psych<100><STEAM_0:0:49933366><CT>" triggered "weaponstats" (weapon "grenade") (shots "1") (hits "0") (kills "0") (headshots "0") (tks "0") (damage "0") (deaths "0")
L 04/16/2026 - 17:58:37: "Psych<100><STEAM_0:0:49933366><CT>" triggered "weaponstats2" (weapon "grenade") (head "0") (chest "0") (stomach "0") (leftarm "0") (rightarm "0") (leftleg "0") (rightleg "0")
L 04/16/2026 - 17:58:37: "Psych<100><STEAM_0:0:49933366><CT>" triggered "weaponstats" (weapon "m4a1") (shots "29") (hits "3") (kills "2") (headshots "2") (tks "0") (damage "197") (deaths "0")
L 04/16/2026 - 17:58:37: "Psych<100><STEAM_0:0:49933366><CT>" triggered "weaponstats2" (weapon "m4a1") (head "2") (chest "1") (stomach "0") (leftarm "0") (rightarm "0") (leftleg "0") (rightleg "0")
L 04/16/2026 - 17:58:37: "Psych<100><STEAM_0:0:49933366><CT>" triggered "weaponstats" (weapon "ak47") (shots "5") (hits "0") (kills "0") (headshots "0") (tks "0") (damage "0") (deaths "1")
L 04/16/2026 - 17:58:37: "Psych<100><STEAM_0:0:49933366><CT>" triggered "weaponstats2" (weapon "ak47") (head "0") (chest "0") (stomach "0") (leftarm "0") (rightarm "0") (leftleg "0") (rightleg "0")
L 04/16/2026 - 17:58:37: "Psych<100><STEAM_0:0:49933366><CT>" triggered "weaponstats" (weapon "knife") (shots "10") (hits "0") (kills "0") (headshots "0") (tks "0") (damage "0") (deaths "0")
L 04/16/2026 - 17:58:37: "Psych<100><STEAM_0:0:49933366><CT>" triggered "weaponstats2" (weapon "knife") (head "0") (chest "0") (stomach "0") (leftarm "0") (rightarm "0") (leftleg "0") (rightleg "0")
L 04/16/2026 - 17:58:47: "SPORK<105><STEAM_0:0:32599427><TERRORIST>" killed "mURk<96><STEAM_0:0:36417680><CT>" with "ak47" (attacker_position "2091 -324 290") (victim_position "2347 -152 120")
L 04/16/2026 - 17:58:47: Team "TERRORIST" triggered "Terrorists_Win" (CT "3") (T "8")
L 04/16/2026 - 17:58:47: World triggered "Round_End"
L 04/16/2026 - 17:58:47: "mURk<96><STEAM_0:0:36417680><CT>" triggered "weaponstats" (weapon "grenade") (shots "1") (hits "2") (kills "0") (headshots "0") (tks "0") (damage "63") (deaths "0")
L 04/16/2026 - 17:58:47: "mURk<96><STEAM_0:0:36417680><CT>" triggered "weaponstats2" (weapon "grenade") (head "0") (chest "0") (stomach "0") (leftarm "0") (rightarm "0") (leftleg "0") (rightleg "0")
L 04/16/2026 - 17:58:47: "mURk<96><STEAM_0:0:36417680><CT>" triggered "weaponstats" (weapon "deagle") (shots "6") (hits "4") (kills "0") (headshots "0") (tks "0") (damage "123") (deaths "1")
L 04/16/2026 - 17:58:47: "mURk<96><STEAM_0:0:36417680><CT>" triggered "weaponstats2" (weapon "deagle") (head "0") (chest "1") (stomach "0") (leftarm "2") (rightarm "0") (leftleg "1") (rightleg "0")
L 04/16/2026 - 17:58:52: "SPORK<105><STEAM_0:0:32599427><TERRORIST>" triggered "Spawned_With_The_Bomb"
L 04/16/2026 - 17:59:00: "SPORK<105><STEAM_0:0:32599427><TERRORIST>" triggered "Dropped_The_Bomb"
L 04/16/2026 - 17:59:01: "4f<104><STEAM_0:0:19989970><TERRORIST>" triggered "Got_The_Bomb"
L 04/16/2026 - 17:59:07: World triggered "Round_Start"
L 04/16/2026 - 18:00:09: "mURk<96><STEAM_0:0:36417680><CT>" killed "SPORK<105><STEAM_0:0:32599427><TERRORIST>" with "famas" (attacker_position "1870 1251 178") (victim_position "2192 962 217")
L 04/16/2026 - 18:00:09: Rcon: "rcon 2122926088 "pikabu" status" from "172.18.0.1:35524"
L 04/16/2026 - 18:00:09: Rcon: "rcon 2122926088 "pikabu" sv_visiblemaxplayers" from "172.18.0.1:50916"
L 04/16/2026 - 18:00:09: "SPORK<105><STEAM_0:0:32599427><TERRORIST>" triggered "weaponstats" (weapon "grenade") (shots "1") (hits "0") (kills "0") (headshots "0") (tks "0") (damage "0") (deaths "0")
L 04/16/2026 - 18:00:09: "SPORK<105><STEAM_0:0:32599427><TERRORIST>" triggered "weaponstats2" (weapon "grenade") (head "0") (chest "0") (stomach "0") (leftarm "0") (rightarm "0") (leftleg "0") (rightleg "0")
L 04/16/2026 - 18:00:09: "SPORK<105><STEAM_0:0:32599427><TERRORIST>" triggered "weaponstats" (weapon "ak47") (shots "21") (hits "6") (kills "2") (headshots "0") (tks "0") (damage "162") (deaths "1")
L 04/16/2026 - 18:00:09: "SPORK<105><STEAM_0:0:32599427><TERRORIST>" triggered "weaponstats2" (weapon "ak47") (head "0") (chest "0") (stomach "0") (leftarm "6") (rightarm "0") (leftleg "0") (rightleg "0")
L 04/16/2026 - 18:00:18: "4f<104><STEAM_0:0:19989970><TERRORIST>" killed "Psych<100><STEAM_0:0:49933366><CT>" with "ak47" (attacker_position "1963 118 196") (victim_position "1932 703 196")
L 04/16/2026 - 18:00:18: "Psych<100><STEAM_0:0:49933366><CT>" triggered "weaponstats" (weapon "famas") (shots "7") (hits "0") (kills "0") (headshots "0") (tks "0") (damage "0") (deaths "1")
L 04/16/2026 - 18:00:18: "Psych<100><STEAM_0:0:49933366><CT>" triggered "weaponstats2" (weapon "famas") (head "0") (chest "0") (stomach "0") (leftarm "0") (rightarm "0") (leftleg "0") (rightleg "0")
L 04/16/2026 - 18:00:33: "4f<104><STEAM_0:0:19989970><TERRORIST>" killed "mURk<96><STEAM_0:0:36417680><CT>" with "ak47" (attacker_position "1802 -47 178") (victim_position "2327 337 196")
L 04/16/2026 - 18:00:33: Team "TERRORIST" triggered "Terrorists_Win" (CT "3") (T "9")
L 04/16/2026 - 18:00:33: World triggered "Round_End"
L 04/16/2026 - 18:00:33: "mURk<96><STEAM_0:0:36417680><CT>" triggered "weaponstats" (weapon "grenade") (shots "1") (hits "0") (kills "0") (headshots "0") (tks "0") (damage "0") (deaths "0")
L 04/16/2026 - 18:00:33: "mURk<96><STEAM_0:0:36417680><CT>" triggered "weaponstats2" (weapon "grenade") (head "0") (chest "0") (stomach "0") (leftarm "0") (rightarm "0") (leftleg "0") (rightleg "0")
L 04/16/2026 - 18:00:33: "mURk<96><STEAM_0:0:36417680><CT>" triggered "weaponstats" (weapon "famas") (shots "19") (hits "7") (kills "1") (headshots "0") (tks "0") (damage "110") (deaths "0")
L 04/16/2026 - 18:00:33: "mURk<96><STEAM_0:0:36417680><CT>" triggered "weaponstats2" (weapon "famas") (head "0") (chest "2") (stomach "2") (leftarm "0") (rightarm "2") (leftleg "1") (rightleg "0")
L 04/16/2026 - 18:00:33: "mURk<96><STEAM_0:0:36417680><CT>" triggered "weaponstats" (weapon "usp") (shots "4") (hits "0") (kills "0") (headshots "0") (tks "0") (damage "0") (deaths "1")
L 04/16/2026 - 18:00:33: "mURk<96><STEAM_0:0:36417680><CT>" triggered "weaponstats2" (weapon "usp") (head "0") (chest "0") (stomach "0") (leftarm "0") (rightarm "0") (leftleg "0") (rightleg "0")
L 04/16/2026 - 18:00:33: "mURk<96><STEAM_0:0:36417680><CT>" triggered "weaponstats" (weapon "ak47") (shots "22") (hits "4") (kills "0") (headshots "0") (tks "0") (damage "69") (deaths "0")
L 04/16/2026 - 18:00:33: "mURk<96><STEAM_0:0:36417680><CT>" triggered "weaponstats2" (weapon "ak47") (head "0") (chest "1") (stomach "1") (leftarm "1") (rightarm "1") (leftleg "0") (rightleg "0")
L 04/16/2026 - 18:00:38: "4f<104><STEAM_0:0:19989970><TERRORIST>" triggered "Spawned_With_The_Bomb"
L 04/16/2026 - 18:00:50: Rcon: "rcon 2122926088 "pikabu" stats" from "172.18.0.1:46177"
L 04/16/2026 - 18:00:53: World triggered "Round_Start"
L 04/16/2026 - 18:01:53: "SPORK<105><STEAM_0:0:32599427><TERRORIST>" killed "mURk<96><STEAM_0:0:36417680><CT>" with "ak47" (attacker_position "1952 -201 308") (victim_position "2548 -303 142")
L 04/16/2026 - 18:02:02: "4f<104><STEAM_0:0:19989970><TERRORIST>" killed "Psych<100><STEAM_0:0:49933366><CT>" with "ak47" (headshot) (attacker_position "2195 689 196") (victim_position "1966 671 243")
L 04/16/2026 - 18:02:02: Team "TERRORIST" triggered "Terrorists_Win" (CT "3") (T "10")
L 04/16/2026 - 18:02:02: World triggered "Round_End"
L 04/16/2026 - 18:02:07: "4f<104><STEAM_0:0:19989970><TERRORIST>" triggered "Planted_The_Bomb"
L 04/16/2026 - 18:02:07: "SPORK<105><STEAM_0:0:32599427><TERRORIST>" triggered "Spawned_With_The_Bomb"
L 04/16/2026 - 18:02:12: "SPORK<105><STEAM_0:0:32599427><TERRORIST>" triggered "Dropped_The_Bomb"
L 04/16/2026 - 18:02:12: Rcon: "rcon 2122926088 "pikabu" status" from "172.18.0.1:42325"
L 04/16/2026 - 18:02:12: Rcon: "rcon 2122926088 "pikabu" sv_visiblemaxplayers" from "172.18.0.1:55847"
L 04/16/2026 - 18:02:13: "4f<104><STEAM_0:0:19989970><TERRORIST>" triggered "Got_The_Bomb"
L 04/16/2026 - 18:02:22: World triggered "Round_Start"
L 04/16/2026 - 18:02:34: "4f<104><STEAM_0:0:19989970><TERRORIST>" killed "mURk<96><STEAM_0:0:36417680><CT>" with "ak47" (headshot) (attacker_position "255 640 132") (victim_position "1423 629 196")
L 04/16/2026 - 18:02:34: "mURk<96><STEAM_0:0:36417680><CT>" triggered "weaponstats" (weapon "deagle") (shots "1") (hits "0") (kills "0") (headshots "0") (tks "0") (damage "0") (deaths "1")
L 04/16/2026 - 18:02:34: "mURk<96><STEAM_0:0:36417680><CT>" triggered "weaponstats2" (weapon "deagle") (head "0") (chest "0") (stomach "0") (leftarm "0") (rightarm "0") (leftleg "0") (rightleg "0")
L 04/16/2026 - 18:02:34: "mURk<96><STEAM_0:0:36417680><CT>" triggered "weaponstats" (weapon "knife") (shots "7") (hits "0") (kills "0") (headshots "0") (tks "0") (damage "0") (deaths "0")
L 04/16/2026 - 18:02:34: "mURk<96><STEAM_0:0:36417680><CT>" triggered "weaponstats2" (weapon "knife") (head "0") (chest "0") (stomach "0") (leftarm "0") (rightarm "0") (leftleg "0") (rightleg "0")
L 04/16/2026 - 18:02:42: "Psych<100><STEAM_0:0:49933366><CT>" killed "4f<104><STEAM_0:0:19989970><TERRORIST>" with "m4a1" (attacker_position "1644 -30 178") (victim_position "1332 608 196")
L 04/16/2026 - 18:02:42: "4f<104><STEAM_0:0:19989970><TERRORIST>" triggered "Dropped_The_Bomb"
L 04/16/2026 - 18:02:42: "4f<104><STEAM_0:0:19989970><TERRORIST>" triggered "weaponstats" (weapon "grenade") (shots "3") (hits "2") (kills "0") (headshots "0") (tks "0") (damage "35") (deaths "1")
L 04/16/2026 - 18:02:42: "4f<104><STEAM_0:0:19989970><TERRORIST>" triggered "weaponstats2" (weapon "grenade") (head "0") (chest "0") (stomach "0") (leftarm "0") (rightarm "0") (leftleg "0") (rightleg "0")
L 04/16/2026 - 18:02:42: "4f<104><STEAM_0:0:19989970><TERRORIST>" triggered "weaponstats" (weapon "ak47") (shots "82") (hits "18") (kills "4") (headshots "2") (tks "0") (damage "565") (deaths "0")
L 04/16/2026 - 18:02:42: "4f<104><STEAM_0:0:19989970><TERRORIST>" triggered "weaponstats2" (weapon "ak47") (head "2") (chest "0") (stomach "0") (leftarm "11") (rightarm "0") (leftleg "4") (rightleg "1")
L 04/16/2026 - 18:02:42: "4f<104><STEAM_0:0:19989970><TERRORIST>" triggered "weaponstats" (weapon "knife") (shots "1") (hits "0") (kills "0") (headshots "0") (tks "0") (damage "0") (deaths "0")
L 04/16/2026 - 18:02:42: "4f<104><STEAM_0:0:19989970><TERRORIST>" triggered "weaponstats2" (weapon "knife") (head "0") (chest "0") (stomach "0") (leftarm "0") (rightarm "0") (leftleg "0") (rightleg "0")
L 04/16/2026 - 18:02:43: "SPORK<105><STEAM_0:0:32599427><TERRORIST>" killed "Psych<100><STEAM_0:0:49933366><CT>" with "ak47" (attacker_position "1336 417 178") (victim_position "1679 -14 178")
L 04/16/2026 - 18:02:43: Team "TERRORIST" triggered "Terrorists_Win" (CT "3") (T "11")
L 04/16/2026 - 18:02:43: World triggered "Round_End"
L 04/16/2026 - 18:02:43: "Psych<100><STEAM_0:0:49933366><CT>" triggered "weaponstats" (weapon "m4a1") (shots "30") (hits "6") (kills "1") (headshots "0") (tks "0") (damage "104") (deaths "1")
L 04/16/2026 - 18:02:43: "Psych<100><STEAM_0:0:49933366><CT>" triggered "weaponstats2" (weapon "m4a1") (head "0") (chest "0") (stomach "1") (leftarm "4") (rightarm "0") (leftleg "0") (rightleg "1")
L 04/16/2026 - 18:02:43: "Psych<100><STEAM_0:0:49933366><CT>" triggered "weaponstats" (weapon "knife") (shots "4") (hits "0") (kills "0") (headshots "0") (tks "0") (damage "0") (deaths "0")
L 04/16/2026 - 18:02:43: "Psych<100><STEAM_0:0:49933366><CT>" triggered "weaponstats2" (weapon "knife") (head "0") (chest "0") (stomach "0") (leftarm "0") (rightarm "0") (leftleg "0") (rightleg "0")
L 04/16/2026 - 18:02:48: "4f<104><STEAM_0:0:19989970><TERRORIST>" triggered "Spawned_With_The_Bomb"
L 04/16/2026 - 18:03:03: World triggered "Round_Start"
L 04/16/2026 - 18:03:47: "4f<104><STEAM_0:0:19989970><TERRORIST>" killed "mURk<96><STEAM_0:0:36417680><CT>" with "ak47" (attacker_position "376 719 85") (victim_position "1436 390 196")
L 04/16/2026 - 18:03:47: "mURk<96><STEAM_0:0:36417680><CT>" triggered "weaponstats" (weapon "grenade") (shots "1") (hits "2") (kills "0") (headshots "0") (tks "0") (damage "38") (deaths "0")
L 04/16/2026 - 18:03:47: "mURk<96><STEAM_0:0:36417680><CT>" triggered "weaponstats2" (weapon "grenade") (head "0") (chest "0") (stomach "0") (leftarm "0") (rightarm "0") (leftleg "0") (rightleg "0")
L 04/16/2026 - 18:03:47: "mURk<96><STEAM_0:0:36417680><CT>" triggered "weaponstats" (weapon "deagle") (shots "3") (hits "2") (kills "0") (headshots "0") (tks "0") (damage "49") (deaths "1")
L 04/16/2026 - 18:03:47: "mURk<96><STEAM_0:0:36417680><CT>" triggered "weaponstats2" (weapon "deagle") (head "0") (chest "0") (stomach "0") (leftarm "2") (rightarm "0") (leftleg "0") (rightleg "0")
L 04/16/2026 - 18:04:06: "SPORK<105><STEAM_0:0:32599427><TERRORIST>" killed "Psych<100><STEAM_0:0:49933366><CT>" with "m4a1" (attacker_position "1666 45 196") (victim_position "1359 284 212")
L 04/16/2026 - 18:04:06: Team "TERRORIST" triggered "Terrorists_Win" (CT "3") (T "12")
L 04/16/2026 - 18:04:06: World triggered "Round_End"
L 04/16/2026 - 18:04:06: "Psych<100><STEAM_0:0:49933366><CT>" triggered "weaponstats" (weapon "famas") (shots "16") (hits "0") (kills "0") (headshots "0") (tks "0") (damage "0") (deaths "1")
L 04/16/2026 - 18:04:06: "Psych<100><STEAM_0:0:49933366><CT>" triggered "weaponstats2" (weapon "famas") (head "0") (chest "0") (stomach "0") (leftarm "0") (rightarm "0") (leftleg "0") (rightleg "0")
L 04/16/2026 - 18:04:06: "Psych<100><STEAM_0:0:49933366><CT>" triggered "weaponstats" (weapon "knife") (shots "3") (hits "0") (kills "0") (headshots "0") (tks "0") (damage "0") (deaths "0")
L 04/16/2026 - 18:04:06: "Psych<100><STEAM_0:0:49933366><CT>" triggered "weaponstats2" (weapon "knife") (head "0") (chest "0") (stomach "0") (leftarm "0") (rightarm "0") (leftleg "0") (rightleg "0")
L 04/16/2026 - 18:04:11: "SPORK<105><STEAM_0:0:32599427><TERRORIST>" triggered "Spawned_With_The_Bomb"
L 04/16/2026 - 18:04:12: "Rakza<95><STEAM_0:1:55955613><SPECTATOR>" joined team "SPECTATOR" (auto)
L 04/16/2026 - 18:04:12: "mURk<96><STEAM_0:0:36417680><CT>" joined team "TERRORIST" (auto)
L 04/16/2026 - 18:04:12: "uPlay<97><STEAM_0:1:644350905><SPECTATOR>" joined team "SPECTATOR" (auto)
L 04/16/2026 - 18:04:12: "Saddz<108><STEAM_0:0:34344543><SPECTATOR>" joined team "SPECTATOR" (auto)
L 04/16/2026 - 18:04:12: "tankograd<107><STEAM_0:0:47465593><SPECTATOR>" joined team "SPECTATOR" (auto)
L 04/16/2026 - 18:04:12: "Psych<100><STEAM_0:0:49933366><CT>" joined team "TERRORIST" (auto)
L 04/16/2026 - 18:04:12: "HeraTuBa<102><STEAM_0:0:100993243><SPECTATOR>" joined team "SPECTATOR" (auto)
L 04/16/2026 - 18:04:12: "SPORK<105><STEAM_0:0:32599427><TERRORIST>" joined team "CT" (auto)
L 04/16/2026 - 18:04:12: "4f<104><STEAM_0:0:19989970><TERRORIST>" joined team "CT" (auto)
L 04/16/2026 - 18:04:12: "Psych<100><STEAM_0:0:49933366><TERRORIST>" triggered "Spawned_With_The_Bomb"
L 04/16/2026 - 18:04:12: Log file closed
