L 04/15/2026 - 18:27:48: Log file started (file "logs/L0415056.log") (game "cstrike") (version "48/1.1.2.7/Stdio/4328")
L 04/15/2026 - 18:27:48: Server cvar "mp_friendlyfire" = "1"
L 04/15/2026 - 18:27:48: Server cvar "mp_give_player_c4" = "1"
L 04/15/2026 - 18:27:48: Server cvar "mp_round_restart_delay" = "5"
L 04/15/2026 - 18:27:48: Server cvar "mp_weapons_allow_map_placed" = "1"
L 04/15/2026 - 18:27:48: Server cvar "mp_timelimit" = "0"
L 04/15/2026 - 18:27:48: World triggered "Restart_Round_(1_second)"
L 04/15/2026 - 18:27:48: Team "CT" scored "1" with "2" players
L 04/15/2026 - 18:27:48: Team "TERRORIST" scored "0" with "2" players
L 04/15/2026 - 18:27:48: Server cvar "sv_restart" = "0"
L 04/15/2026 - 18:27:49: "4f<85><STEAM_0:0:19989970><TERRORIST>" triggered "Spawned_With_The_Bomb"
L 04/15/2026 - 18:27:50: "4f<85><STEAM_0:0:19989970><TERRORIST>" say "gl"
L 04/15/2026 - 18:27:51: Server cvar "sv_restart" = "1"
L 04/15/2026 - 18:27:51: World triggered "Restart_Round_(1_second)"
L 04/15/2026 - 18:27:51: Team "CT" scored "0" with "2" players
L 04/15/2026 - 18:27:51: Team "TERRORIST" scored "0" with "2" players
L 04/15/2026 - 18:27:51: Server cvar "sv_restart" = "0"
L 04/15/2026 - 18:27:52: "SPORK<83><STEAM_0:0:32599427><TERRORIST>" triggered "Spawned_With_The_Bomb"
L 04/15/2026 - 18:27:54: Server cvar "sv_restart" = "1"
L 04/15/2026 - 18:27:54: World triggered "Restart_Round_(1_second)"
L 04/15/2026 - 18:27:54: Team "CT" scored "0" with "2" players
L 04/15/2026 - 18:27:54: Team "TERRORIST" scored "0" with "2" players
L 04/15/2026 - 18:27:54: Server cvar "sv_restart" = "0"
L 04/15/2026 - 18:27:55: "4f<85><STEAM_0:0:19989970><TERRORIST>" triggered "Spawned_With_The_Bomb"
L 04/15/2026 - 18:27:57: Server cvar "sv_restart" = "1"
L 04/15/2026 - 18:27:57: World triggered "Restart_Round_(1_second)"
L 04/15/2026 - 18:27:57: Team "CT" scored "0" with "2" players
L 04/15/2026 - 18:27:57: Team "TERRORIST" scored "0" with "2" players
L 04/15/2026 - 18:27:57: Server cvar "sv_restart" = "0"
L 04/15/2026 - 18:27:58: "SPORK<83><STEAM_0:0:32599427><TERRORIST>" triggered "Spawned_With_The_Bomb"
L 04/15/2026 - 18:28:03: "SPORK<83><STEAM_0:0:32599427><TERRORIST>" triggered "Dropped_The_Bomb"
L 04/15/2026 - 18:28:13: World triggered "Round_Start"
L 04/15/2026 - 18:28:14: "4f<85><STEAM_0:0:19989970><TERRORIST>" triggered "Got_The_Bomb"
L 04/15/2026 - 18:28:59: "gatl<86><STEAM_0:0:204938646><CT>" killed "SPORK<83><STEAM_0:0:32599427><TERRORIST>" with "usp" (headshot) (attacker_position "685 -289 228") (victim_position "240 -624 228")
L 04/15/2026 - 18:28:59: Rcon: "rcon 2122926088 "pikabu" status" from "172.18.0.1:60651"
L 04/15/2026 - 18:28:59: Rcon: "rcon 2122926088 "pikabu" sv_visiblemaxplayers" from "172.18.0.1:58131"
L 04/15/2026 - 18:28:59: "SPORK<83><STEAM_0:0:32599427><TERRORIST>" triggered "weaponstats" (weapon "glock18") (shots "10") (hits "0") (kills "0") (headshots "0") (tks "0") (damage "0") (deaths "1")
L 04/15/2026 - 18:28:59: "SPORK<83><STEAM_0:0:32599427><TERRORIST>" triggered "weaponstats2" (weapon "glock18") (head "0") (chest "0") (stomach "0") (leftarm "0") (rightarm "0") (leftleg "0") (rightleg "0")
L 04/15/2026 - 18:29:01: "gatl<86><STEAM_0:0:204938646><CT>" killed "4f<85><STEAM_0:0:19989970><TERRORIST>" with "usp" (headshot) (attacker_position "625 -394 228") (victim_position "1238 -314 228")
L 04/15/2026 - 18:29:01: Team "CT" triggered "CTs_Win" (CT "1") (T "0")
L 04/15/2026 - 18:29:01: World triggered "Round_End"
L 04/15/2026 - 18:29:01: "4f<85><STEAM_0:0:19989970><TERRORIST>" triggered "weaponstats" (weapon "glock18") (shots "14") (hits "3") (kills "0") (headshots "0") (tks "0") (damage "57") (deaths "1")
L 04/15/2026 - 18:29:01: "4f<85><STEAM_0:0:19989970><TERRORIST>" triggered "weaponstats2" (weapon "glock18") (head "1") (chest "0") (stomach "1") (leftarm "0") (rightarm "1") (leftleg "0") (rightleg "0")
L 04/15/2026 - 18:29:06: "4f<85><STEAM_0:0:19989970><TERRORIST>" triggered "Spawned_With_The_Bomb"
L 04/15/2026 - 18:29:21: World triggered "Round_Start"
L 04/15/2026 - 18:29:27: Rcon: "rcon 2122926088 "pikabu" stats" from "172.18.0.1:44703"
L 04/15/2026 - 18:29:43: "photonly<87><STEAM_0:0:519683270><CT>" killed "SPORK<83><STEAM_0:0:32599427><TERRORIST>" with "famas" (attacker_position "-47 543 98") (victim_position "376 304 116")
L 04/15/2026 - 18:30:03: "BanForLife<88><STEAM_0:1:20467307><>" connected, address "95.104.176.213:22989"
L 04/15/2026 - 18:30:03: "BanForLife<88><STEAM_0:1:20467307><>" STEAM USERID validated
L 04/15/2026 - 18:30:06: "BanForLife<88><STEAM_0:1:20467307><>" entered the game
L 04/15/2026 - 18:30:06: Rcon: "rcon 2122926088 "pikabu" hlx_amx_bulkpsay "79,76,86,80,87,85,84,83" 1 "New player BanForLife has connected from Russia"" from "172.18.0.1:52529"
L 04/15/2026 - 18:30:09: "BanForLife<88><STEAM_0:1:20467307><>" joined team "SPECTATOR"
L 04/15/2026 - 18:30:34: "photonly<87><STEAM_0:0:519683270><CT>" killed "4f<85><STEAM_0:0:19989970><TERRORIST>" with "famas" (headshot) (attacker_position "88 -465 228") (victim_position "-48 735 116")
L 04/15/2026 - 18:30:34: Team "CT" triggered "CTs_Win" (CT "2") (T "0")
L 04/15/2026 - 18:30:34: World triggered "Round_End"
L 04/15/2026 - 18:30:34: "4f<85><STEAM_0:0:19989970><TERRORIST>" triggered "weaponstats" (weapon "glock18") (shots "15") (hits "1") (kills "0") (headshots "0") (tks "0") (damage "23") (deaths "1")
L 04/15/2026 - 18:30:34: "4f<85><STEAM_0:0:19989970><TERRORIST>" triggered "weaponstats2" (weapon "glock18") (head "0") (chest "0") (stomach "1") (leftarm "0") (rightarm "0") (leftleg "0") (rightleg "0")
L 04/15/2026 - 18:30:39: "SPORK<83><STEAM_0:0:32599427><TERRORIST>" triggered "Spawned_With_The_Bomb"
L 04/15/2026 - 18:30:47: "SPORK<83><STEAM_0:0:32599427><TERRORIST>" triggered "Dropped_The_Bomb"
L 04/15/2026 - 18:30:54: World triggered "Round_Start"
L 04/15/2026 - 18:32:04: "4f<85><STEAM_0:0:19989970><TERRORIST>" triggered "Got_The_Bomb"
L 04/15/2026 - 18:32:04: Rcon: "rcon 2122926088 "pikabu" status" from "172.18.0.1:57637"
L 04/15/2026 - 18:32:04: Rcon: "rcon 2122926088 "pikabu" sv_visiblemaxplayers" from "172.18.0.1:56358"
L 04/15/2026 - 18:32:24: "gatl<86><STEAM_0:0:204938646><CT>" killed "4f<85><STEAM_0:0:19989970><TERRORIST>" with "famas" (headshot) (attacker_position "529 -776 228") (victim_position "1570 56 183")
L 04/15/2026 - 18:32:24: "4f<85><STEAM_0:0:19989970><TERRORIST>" triggered "Dropped_The_Bomb"
L 04/15/2026 - 18:32:24: "4f<85><STEAM_0:0:19989970><TERRORIST>" triggered "weaponstats" (weapon "galil") (shots "3") (hits "1") (kills "0") (headshots "0") (tks "0") (damage "21") (deaths "1")
L 04/15/2026 - 18:32:24: "4f<85><STEAM_0:0:19989970><TERRORIST>" triggered "weaponstats2" (weapon "galil") (head "0") (chest "0") (stomach "0") (leftarm "1") (rightarm "0") (leftleg "0") (rightleg "0")
L 04/15/2026 - 18:32:24: "4f<85><STEAM_0:0:19989970><TERRORIST>" triggered "weaponstats" (weapon "knife") (shots "1") (hits "0") (kills "0") (headshots "0") (tks "0") (damage "0") (deaths "0")
L 04/15/2026 - 18:32:24: "4f<85><STEAM_0:0:19989970><TERRORIST>" triggered "weaponstats2" (weapon "knife") (head "0") (chest "0") (stomach "0") (leftarm "0") (rightarm "0") (leftleg "0") (rightleg "0")
L 04/15/2026 - 18:32:26: "SPORK<83><STEAM_0:0:32599427><TERRORIST>" triggered "Got_The_Bomb"
L 04/15/2026 - 18:32:34: "photonly<87><STEAM_0:0:519683270><CT>" killed "SPORK<83><STEAM_0:0:32599427><TERRORIST>" with "famas" (attacker_position "992 -388 228") (victim_position "1398 -222 210")
L 04/15/2026 - 18:32:34: Team "CT" triggered "CTs_Win" (CT "3") (T "0")
L 04/15/2026 - 18:32:34: World triggered "Round_End"
L 04/15/2026 - 18:32:34: "SPORK<83><STEAM_0:0:32599427><TERRORIST>" triggered "weaponstats" (weapon "grenade") (shots "1") (hits "0") (kills "0") (headshots "0") (tks "0") (damage "0") (deaths "0")
L 04/15/2026 - 18:32:34: "SPORK<83><STEAM_0:0:32599427><TERRORIST>" triggered "weaponstats2" (weapon "grenade") (head "0") (chest "0") (stomach "0") (leftarm "0") (rightarm "0") (leftleg "0") (rightleg "0")
L 04/15/2026 - 18:32:34: "SPORK<83><STEAM_0:0:32599427><TERRORIST>" triggered "weaponstats" (weapon "ak47") (shots "19") (hits "2") (kills "0") (headshots "0") (tks "0") (damage "59") (deaths "1")
L 04/15/2026 - 18:32:34: "SPORK<83><STEAM_0:0:32599427><TERRORIST>" triggered "weaponstats2" (weapon "ak47") (head "0") (chest "1") (stomach "1") (leftarm "0") (rightarm "0") (leftleg "0") (rightleg "0")
L 04/15/2026 - 18:32:39: "4f<85><STEAM_0:0:19989970><TERRORIST>" triggered "Spawned_With_The_Bomb"
L 04/15/2026 - 18:32:54: World triggered "Round_Start"
L 04/15/2026 - 18:33:09: "SPORK<83><STEAM_0:0:32599427><TERRORIST>" killed "photonly<87><STEAM_0:0:519683270><CT>" with "galil" (attacker_position "140 222 117") (victim_position "149 604 116")
L 04/15/2026 - 18:33:09: "photonly<87><STEAM_0:0:519683270><CT>" triggered "weaponstats" (weapon "grenade") (shots "1") (hits "0") (kills "0") (headshots "0") (tks "0") (damage "0") (deaths "0")
L 04/15/2026 - 18:33:09: "photonly<87><STEAM_0:0:519683270><CT>" triggered "weaponstats2" (weapon "grenade") (head "0") (chest "0") (stomach "0") (leftarm "0") (rightarm "0") (leftleg "0") (rightleg "0")
L 04/15/2026 - 18:33:09: "photonly<87><STEAM_0:0:519683270><CT>" triggered "weaponstats" (weapon "famas") (shots "60") (hits "10") (kills "3") (headshots "1") (tks "0") (damage "360") (deaths "1")
L 04/15/2026 - 18:33:09: "photonly<87><STEAM_0:0:519683270><CT>" triggered "weaponstats2" (weapon "famas") (head "1") (chest "0") (stomach "0") (leftarm "7") (rightarm "2") (leftleg "0") (rightleg "0")
L 04/15/2026 - 18:33:09: "photonly<87><STEAM_0:0:519683270><CT>" triggered "weaponstats" (weapon "usp") (shots "10") (hits "1") (kills "0") (headshots "0") (tks "0") (damage "5") (deaths "0")
L 04/15/2026 - 18:33:09: "photonly<87><STEAM_0:0:519683270><CT>" triggered "weaponstats2" (weapon "usp") (head "0") (chest "1") (stomach "0") (leftarm "0") (rightarm "0") (leftleg "0") (rightleg "0")
L 04/15/2026 - 18:33:28: "gatl<86><STEAM_0:0:204938646><CT>" killed "SPORK<83><STEAM_0:0:32599427><TERRORIST>" with "famas" (attacker_position "637 -637 228") (victim_position "164 -485 210")
L 04/15/2026 - 18:33:28: "SPORK<83><STEAM_0:0:32599427><TERRORIST>" triggered "weaponstats" (weapon "galil") (shots "32") (hits "9") (kills "1") (headshots "0") (tks "0") (damage "203") (deaths "1")
L 04/15/2026 - 18:33:28: "SPORK<83><STEAM_0:0:32599427><TERRORIST>" triggered "weaponstats2" (weapon "galil") (head "0") (chest "0") (stomach "2") (leftarm "0") (rightarm "0") (leftleg "2") (rightleg "5")
L 04/15/2026 - 18:33:28: "4f<85><STEAM_0:0:19989970><TERRORIST>" killed "gatl<86><STEAM_0:0:204938646><CT>" with "galil" (attacker_position "1464 -84 210") (victim_position "636 -642 228")
L 04/15/2026 - 18:33:28: Team "TERRORIST" triggered "Terrorists_Win" (CT "3") (T "1")
L 04/15/2026 - 18:33:28: World triggered "Round_End"
L 04/15/2026 - 18:33:28: "gatl<86><STEAM_0:0:204938646><CT>" triggered "weaponstats" (weapon "grenade") (shots "2") (hits "0") (kills "0") (headshots "0") (tks "0") (damage "0") (deaths "0")
L 04/15/2026 - 18:33:28: "gatl<86><STEAM_0:0:204938646><CT>" triggered "weaponstats2" (weapon "grenade") (head "0") (chest "0") (stomach "0") (leftarm "0") (rightarm "0") (leftleg "0") (rightleg "0")
L 04/15/2026 - 18:33:28: "gatl<86><STEAM_0:0:204938646><CT>" triggered "weaponstats" (weapon "famas") (shots "33") (hits "7") (kills "2") (headshots "1") (tks "0") (damage "257") (deaths "1")
L 04/15/2026 - 18:33:28: "gatl<86><STEAM_0:0:204938646><CT>" triggered "weaponstats2" (weapon "famas") (head "1") (chest "1") (stomach "0") (leftarm "4") (rightarm "0") (leftleg "0") (rightleg "1")
L 04/15/2026 - 18:33:28: "gatl<86><STEAM_0:0:204938646><CT>" triggered "weaponstats" (weapon "usp") (shots "13") (hits "3") (kills "2") (headshots "2") (tks "0") (damage "214") (deaths "0")
L 04/15/2026 - 18:33:28: "gatl<86><STEAM_0:0:204938646><CT>" triggered "weaponstats2" (weapon "usp") (head "2") (chest "1") (stomach "0") (leftarm "0") (rightarm "0") (leftleg "0") (rightleg "0")
L 04/15/2026 - 18:33:28: "gatl<86><STEAM_0:0:204938646><CT>" triggered "weaponstats" (weapon "ak47") (shots "5") (hits "0") (kills "0") (headshots "0") (tks "0") (damage "0") (deaths "0")
L 04/15/2026 - 18:33:28: "gatl<86><STEAM_0:0:204938646><CT>" triggered "weaponstats2" (weapon "ak47") (head "0") (chest "0") (stomach "0") (leftarm "0") (rightarm "0") (leftleg "0") (rightleg "0")
L 04/15/2026 - 18:33:28: "gatl<86><STEAM_0:0:204938646><CT>" triggered "weaponstats" (weapon "knife") (shots "30") (hits "3") (kills "2") (headshots "0") (tks "0") (damage "175") (deaths "0")
L 04/15/2026 - 18:33:28: "gatl<86><STEAM_0:0:204938646><CT>" triggered "weaponstats2" (weapon "knife") (head "0") (chest "1") (stomach "0") (leftarm "0") (rightarm "0") (leftleg "0") (rightleg "0")
L 04/15/2026 - 18:33:33: "SPORK<83><STEAM_0:0:32599427><TERRORIST>" triggered "Spawned_With_The_Bomb"
L 04/15/2026 - 18:33:48: World triggered "Round_Start"
L 04/15/2026 - 18:34:28: Rcon: "rcon 2122926088 "pikabu" stats" from "172.18.0.1:36883"
L 04/15/2026 - 18:35:21: "gatl<86><STEAM_0:0:204938646><CT>" killed "SPORK<83><STEAM_0:0:32599427><TERRORIST>" with "m4a1" (headshot) (attacker_position "499 -409 228") (victim_position "1050 -386 228")
L 04/15/2026 - 18:35:21: "SPORK<83><STEAM_0:0:32599427><TERRORIST>" triggered "Dropped_The_Bomb"
L 04/15/2026 - 18:35:21: Rcon: "rcon 2122926088 "pikabu" status" from "172.18.0.1:45330"
L 04/15/2026 - 18:35:21: Rcon: "rcon 2122926088 "pikabu" sv_visiblemaxplayers" from "172.18.0.1:35968"
L 04/15/2026 - 18:35:21: "SPORK<83><STEAM_0:0:32599427><TERRORIST>" triggered "weaponstats" (weapon "ak47") (shots "24") (hits "2") (kills "0") (headshots "0") (tks "0") (damage "30") (deaths "1")
L 04/15/2026 - 18:35:21: "SPORK<83><STEAM_0:0:32599427><TERRORIST>" triggered "weaponstats2" (weapon "ak47") (head "0") (chest "0") (stomach "2") (leftarm "0") (rightarm "0") (leftleg "0") (rightleg "0")
L 04/15/2026 - 18:35:23: "photonly<87><STEAM_0:0:519683270><CT>" killed "4f<85><STEAM_0:0:19989970><TERRORIST>" with "m4a1" (headshot) (attacker_position "525 -778 228") (victim_position "879 -301 228")
L 04/15/2026 - 18:35:23: Team "CT" triggered "CTs_Win" (CT "4") (T "1")
L 04/15/2026 - 18:35:23: World triggered "Round_End"
L 04/15/2026 - 18:35:23: "4f<85><STEAM_0:0:19989970><TERRORIST>" triggered "weaponstats" (weapon "grenade") (shots "1") (hits "1") (kills "0") (headshots "0") (tks "0") (damage "42") (deaths "0")
L 04/15/2026 - 18:35:23: "4f<85><STEAM_0:0:19989970><TERRORIST>" triggered "weaponstats2" (weapon "grenade") (head "0") (chest "0") (stomach "0") (leftarm "0") (rightarm "0") (leftleg "0") (rightleg "0")
L 04/15/2026 - 18:35:23: "4f<85><STEAM_0:0:19989970><TERRORIST>" triggered "weaponstats" (weapon "galil") (shots "37") (hits "2") (kills "1") (headshots "0") (tks "0") (damage "49") (deaths "1")
L 04/15/2026 - 18:35:23: "4f<85><STEAM_0:0:19989970><TERRORIST>" triggered "weaponstats2" (weapon "galil") (head "0") (chest "1") (stomach "1") (leftarm "0") (rightarm "0") (leftleg "0") (rightleg "0")
L 04/15/2026 - 18:35:28: "4f<85><STEAM_0:0:19989970><TERRORIST>" triggered "Spawned_With_The_Bomb"
L 04/15/2026 - 18:35:43: World triggered "Round_Start"
L 04/15/2026 - 18:36:17: "gatl<86><STEAM_0:0:204938646><CT>" killed "4f<85><STEAM_0:0:19989970><TERRORIST>" with "ak47" (headshot) (attacker_position "1572 -118 228") (victim_position "1345 344 116")
L 04/15/2026 - 18:36:17: "4f<85><STEAM_0:0:19989970><TERRORIST>" triggered "Dropped_The_Bomb"
L 04/15/2026 - 18:36:17: "4f<85><STEAM_0:0:19989970><TERRORIST>" triggered "weaponstats" (weapon "galil") (shots "1") (hits "0") (kills "0") (headshots "0") (tks "0") (damage "0") (deaths "1")
L 04/15/2026 - 18:36:17: "4f<85><STEAM_0:0:19989970><TERRORIST>" triggered "weaponstats2" (weapon "galil") (head "0") (chest "0") (stomach "0") (leftarm "0") (rightarm "0") (leftleg "0") (rightleg "0")
L 04/15/2026 - 18:36:45: "photonly<87><STEAM_0:0:519683270><CT>" killed "SPORK<83><STEAM_0:0:32599427><TERRORIST>" with "m4a1" (headshot) (attacker_position "1345 -170 228") (victim_position "917 -609 228")
L 04/15/2026 - 18:36:45: Team "CT" triggered "CTs_Win" (CT "5") (T "1")
L 04/15/2026 - 18:36:45: World triggered "Round_End"
L 04/15/2026 - 18:36:45: "SPORK<83><STEAM_0:0:32599427><TERRORIST>" triggered "weaponstats" (weapon "glock18") (shots "13") (hits "3") (kills "0") (headshots "0") (tks "0") (damage "64") (deaths "1")
L 04/15/2026 - 18:36:45: "SPORK<83><STEAM_0:0:32599427><TERRORIST>" triggered "weaponstats2" (weapon "glock18") (head "1") (chest "1") (stomach "1") (leftarm "0") (rightarm "0") (leftleg "0") (rightleg "0")
L 04/15/2026 - 18:36:45: "SPORK<83><STEAM_0:0:32599427><TERRORIST>" triggered "weaponstats" (weapon "knife") (shots "2") (hits "0") (kills "0") (headshots "0") (tks "0") (damage "0") (deaths "0")
L 04/15/2026 - 18:36:45: "SPORK<83><STEAM_0:0:32599427><TERRORIST>" triggered "weaponstats2" (weapon "knife") (head "0") (chest "0") (stomach "0") (leftarm "0") (rightarm "0") (leftleg "0") (rightleg "0")
L 04/15/2026 - 18:36:50: "SPORK<83><STEAM_0:0:32599427><TERRORIST>" triggered "Spawned_With_The_Bomb"
L 04/15/2026 - 18:37:05: World triggered "Round_Start"
L 04/15/2026 - 18:37:53: "photonly<87><STEAM_0:0:519683270><CT>" killed "SPORK<83><STEAM_0:0:32599427><TERRORIST>" with "m4a1" (headshot) (attacker_position "1002 -201 228") (victim_position "664 -709 228")
L 04/15/2026 - 18:37:53: "SPORK<83><STEAM_0:0:32599427><TERRORIST>" triggered "Dropped_The_Bomb"
L 04/15/2026 - 18:37:53: Rcon: "rcon 2122926088 "pikabu" status" from "172.18.0.1:55492"
L 04/15/2026 - 18:37:53: Rcon: "rcon 2122926088 "pikabu" sv_visiblemaxplayers" from "172.18.0.1:55951"
L 04/15/2026 - 18:37:55: "gatl<86><STEAM_0:0:204938646><CT>" killed "4f<85><STEAM_0:0:19989970><TERRORIST>" with "ak47" (attacker_position "905 -760 228") (victim_position "547 -473 228")
L 04/15/2026 - 18:37:55: Team "CT" triggered "CTs_Win" (CT "6") (T "1")
L 04/15/2026 - 18:37:55: World triggered "Round_End"
L 04/15/2026 - 18:37:55: "4f<85><STEAM_0:0:19989970><TERRORIST>" triggered "weaponstats" (weapon "glock18") (shots "6") (hits "1") (kills "0") (headshots "0") (tks "0") (damage "29") (deaths "1")
L 04/15/2026 - 18:37:55: "4f<85><STEAM_0:0:19989970><TERRORIST>" triggered "weaponstats2" (weapon "glock18") (head "0") (chest "0") (stomach "0") (leftarm "0") (rightarm "1") (leftleg "0") (rightleg "0")
L 04/15/2026 - 18:38:00: "4f<85><STEAM_0:0:19989970><TERRORIST>" triggered "Spawned_With_The_Bomb"
L 04/15/2026 - 18:38:15: World triggered "Round_Start"
L 04/15/2026 - 18:39:18: "gatl<86><STEAM_0:0:204938646><CT>" killed "SPORK<83><STEAM_0:0:32599427><TERRORIST>" with "ak47" (headshot) (attacker_position "194 -547 228") (victim_position "1432 -320 228")
L 04/15/2026 - 18:39:18: "SPORK<83><STEAM_0:0:32599427><TERRORIST>" triggered "weaponstats" (weapon "grenade") (shots "1") (hits "0") (kills "0") (headshots "0") (tks "0") (damage "0") (deaths "0")
L 04/15/2026 - 18:39:18: "SPORK<83><STEAM_0:0:32599427><TERRORIST>" triggered "weaponstats2" (weapon "grenade") (head "0") (chest "0") (stomach "0") (leftarm "0") (rightarm "0") (leftleg "0") (rightleg "0")
L 04/15/2026 - 18:39:18: "SPORK<83><STEAM_0:0:32599427><TERRORIST>" triggered "weaponstats" (weapon "galil") (shots "5") (hits "0") (kills "0") (headshots "0") (tks "0") (damage "0") (deaths "1")
L 04/15/2026 - 18:39:18: "SPORK<83><STEAM_0:0:32599427><TERRORIST>" triggered "weaponstats2" (weapon "galil") (head "0") (chest "0") (stomach "0") (leftarm "0") (rightarm "0") (leftleg "0") (rightleg "0")
L 04/15/2026 - 18:39:28: Rcon: "rcon 2122926088 "pikabu" stats" from "172.18.0.1:40151"
L 04/15/2026 - 18:39:33: "gatl<86><STEAM_0:0:204938646><CT>" killed "4f<85><STEAM_0:0:19989970><TERRORIST>" with "ak47" (attacker_position "60 -632 228") (victim_position "1303 -180 228")
L 04/15/2026 - 18:39:33: Team "CT" triggered "CTs_Win" (CT "7") (T "1")
L 04/15/2026 - 18:39:33: World triggered "Round_End"
L 04/15/2026 - 18:39:33: "4f<85><STEAM_0:0:19989970><TERRORIST>" triggered "weaponstats" (weapon "ak47") (shots "14") (hits "0") (kills "0") (headshots "0") (tks "0") (damage "0") (deaths "1")
L 04/15/2026 - 18:39:33: "4f<85><STEAM_0:0:19989970><TERRORIST>" triggered "weaponstats2" (weapon "ak47") (head "0") (chest "0") (stomach "0") (leftarm "0") (rightarm "0") (leftleg "0") (rightleg "0")
L 04/15/2026 - 18:39:38: "SPORK<83><STEAM_0:0:32599427><TERRORIST>" triggered "Spawned_With_The_Bomb"
L 04/15/2026 - 18:39:53: World triggered "Round_Start"
L 04/15/2026 - 18:40:03: Rcon: "rcon 2122926088 "pikabu" status" from "172.18.0.1:44144"
L 04/15/2026 - 18:40:03: Rcon: "rcon 2122926088 "pikabu" sv_visiblemaxplayers" from "172.18.0.1:44955"
L 04/15/2026 - 18:40:06: "gatl<86><STEAM_0:0:204938646><CT>" killed "4f<85><STEAM_0:0:19989970><TERRORIST>" with "ak47" (headshot) (attacker_position "-47 466 116") (victim_position "102 583 116")
L 04/15/2026 - 18:40:06: "4f<85><STEAM_0:0:19989970><TERRORIST>" triggered "weaponstats" (weapon "galil") (shots "6") (hits "3") (kills "0") (headshots "0") (tks "0") (damage "66") (deaths "1")
L 04/15/2026 - 18:40:06: "4f<85><STEAM_0:0:19989970><TERRORIST>" triggered "weaponstats2" (weapon "galil") (head "0") (chest "2") (stomach "0") (leftarm "0") (rightarm "1") (leftleg "0") (rightleg "0")
L 04/15/2026 - 18:40:07: "gatl<86><STEAM_0:0:204938646><CT>" killed "SPORK<83><STEAM_0:0:32599427><TERRORIST>" with "ak47" (headshot) (attacker_position "35 439 116") (victim_position "91 624 116")
L 04/15/2026 - 18:40:07: Team "CT" triggered "CTs_Win" (CT "8") (T "1")
L 04/15/2026 - 18:40:07: World triggered "Round_End"
L 04/15/2026 - 18:40:07: "SPORK<83><STEAM_0:0:32599427><TERRORIST>" triggered "weaponstats" (weapon "ak47") (shots "2") (hits "0") (kills "0") (headshots "0") (tks "0") (damage "0") (deaths "1")
L 04/15/2026 - 18:40:07: "SPORK<83><STEAM_0:0:32599427><TERRORIST>" triggered "weaponstats2" (weapon "ak47") (head "0") (chest "0") (stomach "0") (leftarm "0") (rightarm "0") (leftleg "0") (rightleg "0")
L 04/15/2026 - 18:40:12: "4f<85><STEAM_0:0:19989970><TERRORIST>" triggered "Spawned_With_The_Bomb"
L 04/15/2026 - 18:40:27: World triggered "Round_Start"
L 04/15/2026 - 18:41:08: "gatl<86><STEAM_0:0:204938646><CT>" killed "SPORK<83><STEAM_0:0:32599427><TERRORIST>" with "ak47" (headshot) (attacker_position "615 -137 228") (victim_position "947 -908 228")
L 04/15/2026 - 18:41:08: "SPORK<83><STEAM_0:0:32599427><TERRORIST>" triggered "weaponstats" (weapon "glock18") (shots "2") (hits "0") (kills "0") (headshots "0") (tks "0") (damage "0") (deaths "0")
L 04/15/2026 - 18:41:08: "SPORK<83><STEAM_0:0:32599427><TERRORIST>" triggered "weaponstats2" (weapon "glock18") (head "0") (chest "0") (stomach "0") (leftarm "0") (rightarm "0") (leftleg "0") (rightleg "0")
L 04/15/2026 - 18:41:08: "SPORK<83><STEAM_0:0:32599427><TERRORIST>" triggered "weaponstats" (weapon "ak47") (shots "2") (hits "1") (kills "0") (headshots "0") (tks "0") (damage "25") (deaths "1")
L 04/15/2026 - 18:41:08: "SPORK<83><STEAM_0:0:32599427><TERRORIST>" triggered "weaponstats2" (weapon "ak47") (head "0") (chest "0") (stomach "0") (leftarm "0") (rightarm "0") (leftleg "0") (rightleg "1")
L 04/15/2026 - 18:41:14: "gatl<86><STEAM_0:0:204938646><CT>" killed "4f<85><STEAM_0:0:19989970><TERRORIST>" with "ak47" (headshot) (attacker_position "709 -513 228") (victim_position "1502 -75 216")
L 04/15/2026 - 18:41:14: Team "CT" triggered "CTs_Win" (CT "9") (T "1")
L 04/15/2026 - 18:41:14: World triggered "Round_End"
L 04/15/2026 - 18:41:14: "4f<85><STEAM_0:0:19989970><TERRORIST>" triggered "weaponstats" (weapon "galil") (shots "10") (hits "3") (kills "0") (headshots "0") (tks "0") (damage "63") (deaths "1")
L 04/15/2026 - 18:41:14: "4f<85><STEAM_0:0:19989970><TERRORIST>" triggered "weaponstats2" (weapon "galil") (head "0") (chest "1") (stomach "0") (leftarm "1") (rightarm "0") (leftleg "1") (rightleg "0")
L 04/15/2026 - 18:41:19: "SPORK<83><STEAM_0:0:32599427><TERRORIST>" triggered "Spawned_With_The_Bomb"
L 04/15/2026 - 18:41:34: World triggered "Round_Start"
L 04/15/2026 - 18:41:50: "photonly<87><STEAM_0:0:519683270><CT>" killed "SPORK<83><STEAM_0:0:32599427><TERRORIST>" with "m4a1" (headshot) (attacker_position "304 304 116") (victim_position "370 307 116")
L 04/15/2026 - 18:41:50: "SPORK<83><STEAM_0:0:32599427><TERRORIST>" triggered "Dropped_The_Bomb"
L 04/15/2026 - 18:41:50: "SPORK<83><STEAM_0:0:32599427><TERRORIST>" triggered "weaponstats" (weapon "ak47") (shots "2") (hits "2") (kills "0") (headshots "0") (tks "0") (damage "54") (deaths "1")
L 04/15/2026 - 18:41:50: "SPORK<83><STEAM_0:0:32599427><TERRORIST>" triggered "weaponstats2" (weapon "ak47") (head "0") (chest "0") (stomach "0") (leftarm "2") (rightarm "0") (leftleg "0") (rightleg "0")
L 04/15/2026 - 18:42:00: "4f<85><STEAM_0:0:19989970><TERRORIST>" killed "gatl<86><STEAM_0:0:204938646><CT>" with "galil" (attacker_position "1256 -194 228") (victim_position "529 -566 228")
L 04/15/2026 - 18:42:00: "gatl<86><STEAM_0:0:204938646><CT>" triggered "weaponstats" (weapon "grenade") (shots "5") (hits "1") (kills "0") (headshots "0") (tks "0") (damage "17") (deaths "0")
L 04/15/2026 - 18:42:00: "gatl<86><STEAM_0:0:204938646><CT>" triggered "weaponstats2" (weapon "grenade") (head "0") (chest "0") (stomach "0") (leftarm "0") (rightarm "0") (leftleg "0") (rightleg "0")
L 04/15/2026 - 18:42:00: "gatl<86><STEAM_0:0:204938646><CT>" triggered "weaponstats" (weapon "usp") (shots "1") (hits "0") (kills "0") (headshots "0") (tks "0") (damage "0") (deaths "0")
L 04/15/2026 - 18:42:00: "gatl<86><STEAM_0:0:204938646><CT>" triggered "weaponstats2" (weapon "usp") (head "0") (chest "0") (stomach "0") (leftarm "0") (rightarm "0") (leftleg "0") (rightleg "0")
L 04/15/2026 - 18:42:00: "gatl<86><STEAM_0:0:204938646><CT>" triggered "weaponstats" (weapon "m4a1") (shots "20") (hits "3") (kills "1") (headshots "1") (tks "0") (damage "172") (deaths "0")
L 04/15/2026 - 18:42:00: "gatl<86><STEAM_0:0:204938646><CT>" triggered "weaponstats2" (weapon "m4a1") (head "1") (chest "0") (stomach "1") (leftarm "1") (rightarm "0") (leftleg "0") (rightleg "0")
L 04/15/2026 - 18:42:00: "gatl<86><STEAM_0:0:204938646><CT>" triggered "weaponstats" (weapon "ak47") (shots "72") (hits "17") (kills "8") (headshots "6") (tks "0") (damage "1129") (deaths "1")
L 04/15/2026 - 18:42:00: "gatl<86><STEAM_0:0:204938646><CT>" triggered "weaponstats2" (weapon "ak47") (head "7") (chest "2") (stomach "2") (leftarm "5") (rightarm "1") (leftleg "0") (rightleg "0")
L 04/15/2026 - 18:42:00: "gatl<86><STEAM_0:0:204938646><CT>" triggered "weaponstats" (weapon "knife") (shots "7") (hits "0") (kills "0") (headshots "0") (tks "0") (damage "0") (deaths "0")
L 04/15/2026 - 18:42:00: "gatl<86><STEAM_0:0:204938646><CT>" triggered "weaponstats2" (weapon "knife") (head "0") (chest "0") (stomach "0") (leftarm "0") (rightarm "0") (leftleg "0") (rightleg "0")
L 04/15/2026 - 18:42:04: "4f<85><STEAM_0:0:19989970><TERRORIST>" killed "photonly<87><STEAM_0:0:519683270><CT>" with "galil" (attacker_position "1167 -444 228") (victim_position "-202 -512 228")
L 04/15/2026 - 18:42:04: Team "TERRORIST" triggered "Terrorists_Win" (CT "9") (T "2")
L 04/15/2026 - 18:42:04: World triggered "Round_End"
L 04/15/2026 - 18:42:04: Rcon: "rcon 2122926088 "pikabu" status" from "172.18.0.1:47809"
L 04/15/2026 - 18:42:04: "photonly<87><STEAM_0:0:519683270><CT>" triggered "weaponstats" (weapon "grenade") (shots "2") (hits "2") (kills "0") (headshots "0") (tks "0") (damage "65") (deaths "0")
L 04/15/2026 - 18:42:04: "photonly<87><STEAM_0:0:519683270><CT>" triggered "weaponstats2" (weapon "grenade") (head "0") (chest "0") (stomach "0") (leftarm "0") (rightarm "0") (leftleg "0") (rightleg "0")
L 04/15/2026 - 18:42:04: "photonly<87><STEAM_0:0:519683270><CT>" triggered "weaponstats" (weapon "m4a1") (shots "84") (hits "10") (kills "4") (headshots "4") (tks "0") (damage "530") (deaths "1")
L 04/15/2026 - 18:42:04: "photonly<87><STEAM_0:0:519683270><CT>" triggered "weaponstats2" (weapon "m4a1") (head "6") (chest "1") (stomach "0") (leftarm "0") (rightarm "3") (leftleg "0") (rightleg "0")
L 04/15/2026 - 18:42:04: Rcon: "rcon 2122926088 "pikabu" sv_visiblemaxplayers" from "172.18.0.1:59387"
L 04/15/2026 - 18:42:09: "4f<85><STEAM_0:0:19989970><TERRORIST>" triggered "Spawned_With_The_Bomb"
L 04/15/2026 - 18:42:24: World triggered "Round_Start"
L 04/15/2026 - 18:42:46: "4f<85><STEAM_0:0:19989970><TERRORIST>" killed "photonly<87><STEAM_0:0:519683270><CT>" with "ak47" (attacker_position "1291 463 116") (victim_position "1390 162 152")
L 04/15/2026 - 18:42:46: "photonly<87><STEAM_0:0:519683270><CT>" triggered "weaponstats" (weapon "m4a1") (shots "2") (hits "0") (kills "0") (headshots "0") (tks "0") (damage "0") (deaths "1")
L 04/15/2026 - 18:42:46: "photonly<87><STEAM_0:0:519683270><CT>" triggered "weaponstats2" (weapon "m4a1") (head "0") (chest "0") (stomach "0") (leftarm "0") (rightarm "0") (leftleg "0") (rightleg "0")
L 04/15/2026 - 18:43:32: "SPORK<83><STEAM_0:0:32599427><TERRORIST>" killed "gatl<86><STEAM_0:0:204938646><CT>" with "ak47" (headshot) (attacker_position "790 -719 228") (victim_position "976 -239 228")
L 04/15/2026 - 18:43:32: Team "TERRORIST" triggered "Terrorists_Win" (CT "9") (T "3")
L 04/15/2026 - 18:43:32: World triggered "Round_End"
L 04/15/2026 - 18:43:32: "gatl<86><STEAM_0:0:204938646><CT>" triggered "weaponstats" (weapon "grenade") (shots "1") (hits "0") (kills "0") (headshots "0") (tks "0") (damage "0") (deaths "0")
L 04/15/2026 - 18:43:32: "gatl<86><STEAM_0:0:204938646><CT>" triggered "weaponstats2" (weapon "grenade") (head "0") (chest "0") (stomach "0") (leftarm "0") (rightarm "0") (leftleg "0") (rightleg "0")
L 04/15/2026 - 18:43:37: "SPORK<83><STEAM_0:0:32599427><TERRORIST>" triggered "Spawned_With_The_Bomb"
L 04/15/2026 - 18:43:52: World triggered "Round_Start"
L 04/15/2026 - 18:44:28: Rcon: "rcon 2122926088 "pikabu" stats" from "172.18.0.1:53934"
L 04/15/2026 - 18:44:41: "4f<85><STEAM_0:0:19989970><TERRORIST>" killed "photonly<87><STEAM_0:0:519683270><CT>" with "ak47" (attacker_position "1489 33 189") (victim_position "942 -665 257")
L 04/15/2026 - 18:44:41: Rcon: "rcon 2122926088 "pikabu" status" from "172.18.0.1:48896"
L 04/15/2026 - 18:44:41: Rcon: "rcon 2122926088 "pikabu" sv_visiblemaxplayers" from "172.18.0.1:33746"
L 04/15/2026 - 18:44:41: "photonly<87><STEAM_0:0:519683270><CT>" triggered "weaponstats" (weapon "m4a1") (shots "7") (hits "0") (kills "0") (headshots "0") (tks "0") (damage "0") (deaths "1")
L 04/15/2026 - 18:44:41: "photonly<87><STEAM_0:0:519683270><CT>" triggered "weaponstats2" (weapon "m4a1") (head "0") (chest "0") (stomach "0") (leftarm "0") (rightarm "0") (leftleg "0") (rightleg "0")
L 04/15/2026 - 18:44:43: "gatl<86><STEAM_0:0:204938646><CT>" killed "SPORK<83><STEAM_0:0:32599427><TERRORIST>" with "m4a1" (attacker_position "132 -438 228") (victim_position "96 57 183")
L 04/15/2026 - 18:44:43: "SPORK<83><STEAM_0:0:32599427><TERRORIST>" triggered "Dropped_The_Bomb"
L 04/15/2026 - 18:44:43: "SPORK<83><STEAM_0:0:32599427><TERRORIST>" triggered "weaponstats" (weapon "grenade") (shots "1") (hits "0") (kills "0") (headshots "0") (tks "0") (damage "0") (deaths "0")
L 04/15/2026 - 18:44:43: "SPORK<83><STEAM_0:0:32599427><TERRORIST>" triggered "weaponstats2" (weapon "grenade") (head "0") (chest "0") (stomach "0") (leftarm "0") (rightarm "0") (leftleg "0") (rightleg "0")
L 04/15/2026 - 18:44:43: "SPORK<83><STEAM_0:0:32599427><TERRORIST>" triggered "weaponstats" (weapon "m4a1") (shots "2") (hits "1") (kills "0") (headshots "0") (tks "0") (damage "23") (deaths "1")
L 04/15/2026 - 18:44:43: "SPORK<83><STEAM_0:0:32599427><TERRORIST>" triggered "weaponstats2" (weapon "m4a1") (head "0") (chest "0") (stomach "0") (leftarm "0") (rightarm "0") (leftleg "1") (rightleg "0")
L 04/15/2026 - 18:44:43: "SPORK<83><STEAM_0:0:32599427><TERRORIST>" triggered "weaponstats" (weapon "ak47") (shots "7") (hits "2") (kills "1") (headshots "1") (tks "0") (damage "135") (deaths "0")
L 04/15/2026 - 18:44:43: "SPORK<83><STEAM_0:0:32599427><TERRORIST>" triggered "weaponstats2" (weapon "ak47") (head "1") (chest "0") (stomach "0") (leftarm "1") (rightarm "0") (leftleg "0") (rightleg "0")
L 04/15/2026 - 18:44:58: "4f<85><STEAM_0:0:19989970><TERRORIST>" killed "gatl<86><STEAM_0:0:204938646><CT>" with "ak47" (headshot) (attacker_position "1437 -300 228") (victim_position "-70 -550 228")
L 04/15/2026 - 18:44:58: Team "TERRORIST" triggered "Terrorists_Win" (CT "9") (T "4")
L 04/15/2026 - 18:44:58: World triggered "Round_End"
L 04/15/2026 - 18:44:58: "gatl<86><STEAM_0:0:204938646><CT>" triggered "weaponstats" (weapon "grenade") (shots "1") (hits "0") (kills "0") (headshots "0") (tks "0") (damage "0") (deaths "0")
L 04/15/2026 - 18:44:58: "gatl<86><STEAM_0:0:204938646><CT>" triggered "weaponstats2" (weapon "grenade") (head "0") (chest "0") (stomach "0") (leftarm "0") (rightarm "0") (leftleg "0") (rightleg "0")
L 04/15/2026 - 18:44:58: "gatl<86><STEAM_0:0:204938646><CT>" triggered "weaponstats" (weapon "m4a1") (shots "22") (hits "5") (kills "1") (headshots "0") (tks "0") (damage "111") (deaths "1")
L 04/15/2026 - 18:44:58: "gatl<86><STEAM_0:0:204938646><CT>" triggered "weaponstats2" (weapon "m4a1") (head "0") (chest "2") (stomach "1") (leftarm "1") (rightarm "1") (leftleg "0") (rightleg "0")
L 04/15/2026 - 18:45:03: "4f<85><STEAM_0:0:19989970><TERRORIST>" triggered "Spawned_With_The_Bomb"
L 04/15/2026 - 18:45:18: World triggered "Round_Start"
L 04/15/2026 - 18:45:36: "SPORK<83><STEAM_0:0:32599427><TERRORIST>" killed "photonly<87><STEAM_0:0:519683270><CT>" with "m4a1" (attacker_position "-254 738 116") (victim_position "175 773 116")
L 04/15/2026 - 18:45:36: "photonly<87><STEAM_0:0:519683270><CT>" triggered "weaponstats" (weapon "m4a1") (shots "1") (hits "0") (kills "0") (headshots "0") (tks "0") (damage "0") (deaths "1")
L 04/15/2026 - 18:45:36: "photonly<87><STEAM_0:0:519683270><CT>" triggered "weaponstats2" (weapon "m4a1") (head "0") (chest "0") (stomach "0") (leftarm "0") (rightarm "0") (leftleg "0") (rightleg "0")
L 04/15/2026 - 18:45:44: "gatl<86><STEAM_0:0:204938646><CT>" killed "4f<85><STEAM_0:0:19989970><TERRORIST>" with "m4a1" (headshot) (attacker_position "1360 522 116") (victim_position "797 524 116")
L 04/15/2026 - 18:45:44: "4f<85><STEAM_0:0:19989970><TERRORIST>" triggered "Dropped_The_Bomb"
L 04/15/2026 - 18:45:44: "4f<85><STEAM_0:0:19989970><TERRORIST>" triggered "weaponstats" (weapon "galil") (shots "15") (hits "7") (kills "2") (headshots "0") (tks "0") (damage "163") (deaths "0")
L 04/15/2026 - 18:45:44: "4f<85><STEAM_0:0:19989970><TERRORIST>" triggered "weaponstats2" (weapon "galil") (head "0") (chest "1") (stomach "2") (leftarm "3") (rightarm "0") (leftleg "1") (rightleg "0")
L 04/15/2026 - 18:45:44: "4f<85><STEAM_0:0:19989970><TERRORIST>" triggered "weaponstats" (weapon "glock18") (shots "1") (hits "0") (kills "0") (headshots "0") (tks "0") (damage "0") (deaths "0")
L 04/15/2026 - 18:45:44: "4f<85><STEAM_0:0:19989970><TERRORIST>" triggered "weaponstats2" (weapon "glock18") (head "0") (chest "0") (stomach "0") (leftarm "0") (rightarm "0") (leftleg "0") (rightleg "0")
L 04/15/2026 - 18:45:44: "4f<85><STEAM_0:0:19989970><TERRORIST>" triggered "weaponstats" (weapon "ak47") (shots "29") (hits "9") (kills "3") (headshots "1") (tks "0") (damage "323") (deaths "1")
L 04/15/2026 - 18:45:44: "4f<85><STEAM_0:0:19989970><TERRORIST>" triggered "weaponstats2" (weapon "ak47") (head "1") (chest "0") (stomach "2") (leftarm "3") (rightarm "0") (leftleg "2") (rightleg "1")
L 04/15/2026 - 18:45:44: "4f<85><STEAM_0:0:19989970><TERRORIST>" triggered "weaponstats" (weapon "knife") (shots "1") (hits "0") (kills "0") (headshots "0") (tks "0") (damage "0") (deaths "0")
L 04/15/2026 - 18:45:44: "4f<85><STEAM_0:0:19989970><TERRORIST>" triggered "weaponstats2" (weapon "knife") (head "0") (chest "0") (stomach "0") (leftarm "0") (rightarm "0") (leftleg "0") (rightleg "0")
L 04/15/2026 - 18:46:16: "gatl<86><STEAM_0:0:204938646><CT>" killed "SPORK<83><STEAM_0:0:32599427><TERRORIST>" with "m4a1" (headshot) (attacker_position "665 -330 228") (victim_position "313 -608 228")
L 04/15/2026 - 18:46:16: Team "CT" triggered "CTs_Win" (CT "10") (T "4")
L 04/15/2026 - 18:46:16: World triggered "Round_End"
L 04/15/2026 - 18:46:16: "SPORK<83><STEAM_0:0:32599427><TERRORIST>" triggered "weaponstats" (weapon "m4a1") (shots "28") (hits "6") (kills "1") (headshots "0") (tks "0") (damage "140") (deaths "1")
L 04/15/2026 - 18:46:16: "SPORK<83><STEAM_0:0:32599427><TERRORIST>" triggered "weaponstats2" (weapon "m4a1") (head "0") (chest "0") (stomach "3") (leftarm "2") (rightarm "1") (leftleg "0") (rightleg "0")
L 04/15/2026 - 18:46:21: "SPORK<83><STEAM_0:0:32599427><TERRORIST>" triggered "Spawned_With_The_Bomb"
L 04/15/2026 - 18:46:36: World triggered "Round_Start"
L 04/15/2026 - 18:47:48: "SPORK<83><STEAM_0:0:32599427><TERRORIST>" killed "gatl<86><STEAM_0:0:204938646><CT>" with "ak47" (attacker_position "294 -692 210") (victim_position "677 -137 228")
L 04/15/2026 - 18:47:48: Rcon: "rcon 2122926088 "pikabu" status" from "172.18.0.1:43886"
L 04/15/2026 - 18:47:48: "gatl<86><STEAM_0:0:204938646><CT>" triggered "weaponstats" (weapon "grenade") (shots "2") (hits "0") (kills "0") (headshots "0") (tks "0") (damage "0") (deaths "0")
L 04/15/2026 - 18:47:48: "gatl<86><STEAM_0:0:204938646><CT>" triggered "weaponstats2" (weapon "grenade") (head "0") (chest "0") (stomach "0") (leftarm "0") (rightarm "0") (leftleg "0") (rightleg "0")
L 04/15/2026 - 18:47:48: "gatl<86><STEAM_0:0:204938646><CT>" triggered "weaponstats" (weapon "m4a1") (shots "31") (hits "5") (kills "2") (headshots "2") (tks "0") (damage "274") (deaths "1")
L 04/15/2026 - 18:47:48: "gatl<86><STEAM_0:0:204938646><CT>" triggered "weaponstats2" (weapon "m4a1") (head "2") (chest "0") (stomach "0") (leftarm "1") (rightarm "1") (leftleg "0") (rightleg "1")
L 04/15/2026 - 18:47:48: "gatl<86><STEAM_0:0:204938646><CT>" triggered "weaponstats" (weapon "knife") (shots "1") (hits "0") (kills "0") (headshots "0") (tks "0") (damage "0") (deaths "0")
L 04/15/2026 - 18:47:48: "gatl<86><STEAM_0:0:204938646><CT>" triggered "weaponstats2" (weapon "knife") (head "0") (chest "0") (stomach "0") (leftarm "0") (rightarm "0") (leftleg "0") (rightleg "0")
L 04/15/2026 - 18:47:48: Rcon: "rcon 2122926088 "pikabu" sv_visiblemaxplayers" from "172.18.0.1:42214"
L 04/15/2026 - 18:48:06: "photonly<87><STEAM_0:0:519683270><CT>" killed "4f<85><STEAM_0:0:19989970><TERRORIST>" with "m4a1" (headshot) (attacker_position "816 -943 210") (victim_position "1064 -398 210")
L 04/15/2026 - 18:48:06: "4f<85><STEAM_0:0:19989970><TERRORIST>" triggered "weaponstats" (weapon "grenade") (shots "1") (hits "1") (kills "0") (headshots "0") (tks "0") (damage "16") (deaths "0")
L 04/15/2026 - 18:48:06: "4f<85><STEAM_0:0:19989970><TERRORIST>" triggered "weaponstats2" (weapon "grenade") (head "0") (chest "0") (stomach "0") (leftarm "0") (rightarm "0") (leftleg "0") (rightleg "0")
L 04/15/2026 - 18:48:06: "4f<85><STEAM_0:0:19989970><TERRORIST>" triggered "weaponstats" (weapon "ak47") (shots "49") (hits "2") (kills "0") (headshots "0") (tks "0") (damage "54") (deaths "1")
L 04/15/2026 - 18:48:06: "4f<85><STEAM_0:0:19989970><TERRORIST>" triggered "weaponstats2" (weapon "ak47") (head "0") (chest "0") (stomach "0") (leftarm "2") (rightarm "0") (leftleg "0") (rightleg "0")
L 04/15/2026 - 18:48:10: "SPORK<83><STEAM_0:0:32599427><TERRORIST>" killed "photonly<87><STEAM_0:0:519683270><CT>" with "ak47" (attacker_position "823 -931 228") (victim_position "568 -884 228")
L 04/15/2026 - 18:48:10: Team "TERRORIST" triggered "Terrorists_Win" (CT "10") (T "5")
L 04/15/2026 - 18:48:10: World triggered "Round_End"
L 04/15/2026 - 18:48:10: "photonly<87><STEAM_0:0:519683270><CT>" triggered "weaponstats" (weapon "grenade") (shots "1") (hits "0") (kills "0") (headshots "0") (tks "0") (damage "0") (deaths "0")
L 04/15/2026 - 18:48:10: "photonly<87><STEAM_0:0:519683270><CT>" triggered "weaponstats2" (weapon "grenade") (head "0") (chest "0") (stomach "0") (leftarm "0") (rightarm "0") (leftleg "0") (rightleg "0")
L 04/15/2026 - 18:48:10: "photonly<87><STEAM_0:0:519683270><CT>" triggered "weaponstats" (weapon "m4a1") (shots "30") (hits "3") (kills "1") (headshots "1") (tks "0") (damage "134") (deaths "0")
L 04/15/2026 - 18:48:10: "photonly<87><STEAM_0:0:519683270><CT>" triggered "weaponstats2" (weapon "m4a1") (head "1") (chest "1") (stomach "1") (leftarm "0") (rightarm "0") (leftleg "0") (rightleg "0")
L 04/15/2026 - 18:48:15: "4f<85><STEAM_0:0:19989970><TERRORIST>" triggered "Spawned_With_The_Bomb"
L 04/15/2026 - 18:48:16: "Lin Kuei<84><STEAM_0:0:36417680><SPECTATOR>" joined team "SPECTATOR" (auto)
L 04/15/2026 - 18:48:16: "4f<85><STEAM_0:0:19989970><TERRORIST>" joined team "CT" (auto)
L 04/15/2026 - 18:48:16: "uPlay<76><STEAM_0:1:644350905><SPECTATOR>" joined team "SPECTATOR" (auto)
L 04/15/2026 - 18:48:16: "photonly<87><STEAM_0:0:519683270><CT>" joined team "TERRORIST" (auto)
L 04/15/2026 - 18:48:16: "gatl<86><STEAM_0:0:204938646><CT>" joined team "TERRORIST" (auto)
L 04/15/2026 - 18:48:16: "HeraTuBa<79><STEAM_0:0:100993243><SPECTATOR>" joined team "SPECTATOR" (auto)
L 04/15/2026 - 18:48:16: "Mep3ocTb<80><STEAM_0:1:45686725><SPECTATOR>" joined team "SPECTATOR" (auto)
L 04/15/2026 - 18:48:16: "SPORK<83><STEAM_0:0:32599427><TERRORIST>" joined team "CT" (auto)
L 04/15/2026 - 18:48:16: "BanForLife<88><STEAM_0:1:20467307><SPECTATOR>" joined team "SPECTATOR" (auto)
L 04/15/2026 - 18:48:16: "gatl<86><STEAM_0:0:204938646><TERRORIST>" triggered "Spawned_With_The_Bomb"
L 04/15/2026 - 18:48:16: Log file closed
