L 04/17/2026 - 18:37:18: Log file started (file "logs/L0417062.log") (game "cstrike") (version "48/1.1.2.7/Stdio/4328")
L 04/17/2026 - 18:37:18: Server cvar "mp_buytime" = ".25"
L 04/17/2026 - 18:37:18: Server cvar "mp_forcecamera" = "2"
L 04/17/2026 - 18:37:18: Server cvar "mp_forcechasecam" = "2"
L 04/17/2026 - 18:37:18: Server cvar "mp_freezetime" = "15"
L 04/17/2026 - 18:37:18: Server cvar "mp_playerid" = "1"
L 04/17/2026 - 18:37:18: Server cvar "mp_startmoney" = "10000"
L 04/17/2026 - 18:37:18: Server cvar "mp_forcerespawn" = "0"
L 04/17/2026 - 18:37:18: Server cvar "mp_give_player_c4" = "1"
L 04/17/2026 - 18:37:18: Server cvar "mp_infinite_ammo" = "0"
L 04/17/2026 - 18:37:18: Server cvar "mp_item_staytime" = "300"
L 04/17/2026 - 18:37:18: Server cvar "mp_round_infinite" = "0"
L 04/17/2026 - 18:37:18: Server cvar "mp_respawn_immunitytime" = "0"
L 04/17/2026 - 18:37:18: Server cvar "mp_respawn_immunity_force_unset" = "0"
L 04/17/2026 - 18:37:18: Server cvar "mp_show_scenarioicon" = "1"
L 04/17/2026 - 18:37:18: Server cvar "mp_weapons_allow_map_placed" = "1"
L 04/17/2026 - 18:37:18: Server cvar "sv_alltalk" = "3"
L 04/17/2026 - 18:37:19: World triggered "Restart_Round_(1_second)"
L 04/17/2026 - 18:37:19: Team "CT" scored "0" with "2" players
L 04/17/2026 - 18:37:19: Team "TERRORIST" scored "0" with "2" players
L 04/17/2026 - 18:37:19: Server cvar "sv_restart" = "0"
L 04/17/2026 - 18:37:20: "4f<131><STEAM_0:0:19989970><TERRORIST>" triggered "Spawned_With_The_Bomb"
L 04/17/2026 - 18:37:21: Server cvar "sv_restart" = "1"
L 04/17/2026 - 18:37:22: World triggered "Restart_Round_(1_second)"
L 04/17/2026 - 18:37:22: Team "CT" scored "0" with "2" players
L 04/17/2026 - 18:37:22: Team "TERRORIST" scored "0" with "2" players
L 04/17/2026 - 18:37:22: Server cvar "sv_restart" = "0"
L 04/17/2026 - 18:37:23: "SPORK<128><STEAM_0:0:32599427><TERRORIST>" triggered "Spawned_With_The_Bomb"
L 04/17/2026 - 18:37:24: Server cvar "sv_restart" = "1"
L 04/17/2026 - 18:37:25: World triggered "Restart_Round_(1_second)"
L 04/17/2026 - 18:37:25: Team "CT" scored "0" with "2" players
L 04/17/2026 - 18:37:25: Team "TERRORIST" scored "0" with "2" players
L 04/17/2026 - 18:37:25: Server cvar "sv_restart" = "0"
L 04/17/2026 - 18:37:26: "4f<131><STEAM_0:0:19989970><TERRORIST>" triggered "Spawned_With_The_Bomb"
L 04/17/2026 - 18:37:27: Server cvar "sv_restart" = "1"
L 04/17/2026 - 18:37:28: World triggered "Restart_Round_(1_second)"
L 04/17/2026 - 18:37:28: Team "CT" scored "0" with "2" players
L 04/17/2026 - 18:37:28: Team "TERRORIST" scored "0" with "2" players
L 04/17/2026 - 18:37:28: Server cvar "sv_restart" = "0"
L 04/17/2026 - 18:37:29: "SPORK<128><STEAM_0:0:32599427><TERRORIST>" triggered "Spawned_With_The_Bomb"
L 04/17/2026 - 18:37:44: World triggered "Round_Start"
L 04/17/2026 - 18:37:45: "SPORK<128><STEAM_0:0:32599427><TERRORIST>" triggered "Dropped_The_Bomb"
L 04/17/2026 - 18:37:47: "4f<131><STEAM_0:0:19989970><TERRORIST>" triggered "Got_The_Bomb"
L 04/17/2026 - 18:37:55: Rcon: "rcon 2122926088 "pikabu" stats" from "172.18.0.1:37761"
L 04/17/2026 - 18:38:24: "4f<131><STEAM_0:0:19989970><TERRORIST>" killed "GG.HeraTuBa<127><STEAM_0:0:100993243><CT>" with "ak47" (headshot) (attacker_position "187 -1135 -347") (victim_position "174 -892 -379")
L 04/17/2026 - 18:38:38: "4f<131><STEAM_0:0:19989970><TERRORIST>" triggered "Planted_The_Bomb"
L 04/17/2026 - 18:38:57: "SPORK<128><STEAM_0:0:32599427><TERRORIST>" killed "GG.AndraiL<134><STEAM_0:1:75695923><CT>" with "ak47" (attacker_position "345 -1173 -365") (victim_position "358 -1061 -347")
L 04/17/2026 - 18:38:57: Team "TERRORIST" triggered "Terrorists_Win" (CT "0") (T "1")
L 04/17/2026 - 18:38:57: World triggered "Round_End"
L 04/17/2026 - 18:38:57: "GG.AndraiL<134><STEAM_0:1:75695923><CT>" triggered "weaponstats" (weapon "grenade") (shots "1") (hits "1") (kills "0") (headshots "0") (tks "0") (damage "31") (deaths "0")
L 04/17/2026 - 18:38:57: "GG.AndraiL<134><STEAM_0:1:75695923><CT>" triggered "weaponstats2" (weapon "grenade") (head "0") (chest "0") (stomach "0") (leftarm "0") (rightarm "0") (leftleg "0") (rightleg "0")
L 04/17/2026 - 18:38:57: "GG.AndraiL<134><STEAM_0:1:75695923><CT>" triggered "weaponstats" (weapon "m4a1") (shots "18") (hits "0") (kills "0") (headshots "0") (tks "0") (damage "0") (deaths "1")
L 04/17/2026 - 18:38:57: "GG.AndraiL<134><STEAM_0:1:75695923><CT>" triggered "weaponstats2" (weapon "m4a1") (head "0") (chest "0") (stomach "0") (leftarm "0") (rightarm "0") (leftleg "0") (rightleg "0")
L 04/17/2026 - 18:38:57: "GG.AndraiL<134><STEAM_0:1:75695923><CT>" triggered "weaponstats" (weapon "ak47") (shots "1") (hits "0") (kills "0") (headshots "0") (tks "0") (damage "0") (deaths "0")
L 04/17/2026 - 18:38:57: "GG.AndraiL<134><STEAM_0:1:75695923><CT>" triggered "weaponstats2" (weapon "ak47") (head "0") (chest "0") (stomach "0") (leftarm "0") (rightarm "0") (leftleg "0") (rightleg "0")
L 04/17/2026 - 18:38:57: "GG.AndraiL<134><STEAM_0:1:75695923><CT>" triggered "weaponstats" (weapon "knife") (shots "3") (hits "0") (kills "0") (headshots "0") (tks "0") (damage "0") (deaths "0")
L 04/17/2026 - 18:38:57: "GG.AndraiL<134><STEAM_0:1:75695923><CT>" triggered "weaponstats2" (weapon "knife") (head "0") (chest "0") (stomach "0") (leftarm "0") (rightarm "0") (leftleg "0") (rightleg "0")
L 04/17/2026 - 18:38:57: Rcon: "rcon 2122926088 "pikabu" status" from "172.18.0.1:46200"
L 04/17/2026 - 18:38:57: Rcon: "rcon 2122926088 "pikabu" sv_visiblemaxplayers" from "172.18.0.1:47680"
L 04/17/2026 - 18:39:02: "4f<131><STEAM_0:0:19989970><TERRORIST>" triggered "Spawned_With_The_Bomb"
L 04/17/2026 - 18:39:17: World triggered "Round_Start"
L 04/17/2026 - 18:39:39: "4f<131><STEAM_0:0:19989970><TERRORIST>" triggered "Dropped_The_Bomb"
L 04/17/2026 - 18:40:38: "SPORK<128><STEAM_0:0:32599427><TERRORIST>" triggered "Got_The_Bomb"
L 04/17/2026 - 18:40:44: "SPORK<128><STEAM_0:0:32599427><TERRORIST>" killed "GG.AndraiL<134><STEAM_0:1:75695923><CT>" with "m4a1" (attacker_position "697 -1145 -379") (victim_position "336 -1311 -379")
L 04/17/2026 - 18:40:44: "GG.AndraiL<134><STEAM_0:1:75695923><CT>" triggered "weaponstats" (weapon "grenade") (shots "1") (hits "1") (kills "0") (headshots "0") (tks "0") (damage "27") (deaths "0")
L 04/17/2026 - 18:40:44: "GG.AndraiL<134><STEAM_0:1:75695923><CT>" triggered "weaponstats2" (weapon "grenade") (head "0") (chest "0") (stomach "0") (leftarm "0") (rightarm "0") (leftleg "0") (rightleg "0")
L 04/17/2026 - 18:40:47: "GG.HeraTuBa<127><STEAM_0:0:100993243><CT>" killed "SPORK<128><STEAM_0:0:32599427><TERRORIST>" with "m4a1" (headshot) (attacker_position "443 -1314 -379") (victim_position "568 -1204 -379")
L 04/17/2026 - 18:40:47: "SPORK<128><STEAM_0:0:32599427><TERRORIST>" triggered "Dropped_The_Bomb"
L 04/17/2026 - 18:40:47: "SPORK<128><STEAM_0:0:32599427><TERRORIST>" triggered "weaponstats" (weapon "m4a1") (shots "15") (hits "5") (kills "1") (headshots "0") (tks "0") (damage "105") (deaths "1")
L 04/17/2026 - 18:40:47: "SPORK<128><STEAM_0:0:32599427><TERRORIST>" triggered "weaponstats2" (weapon "m4a1") (head "0") (chest "0") (stomach "0") (leftarm "3") (rightarm "2") (leftleg "0") (rightleg "0")
L 04/17/2026 - 18:40:47: "SPORK<128><STEAM_0:0:32599427><TERRORIST>" triggered "weaponstats" (weapon "ak47") (shots "7") (hits "4") (kills "1") (headshots "0") (tks "0") (damage "108") (deaths "0")
L 04/17/2026 - 18:40:47: "SPORK<128><STEAM_0:0:32599427><TERRORIST>" triggered "weaponstats2" (weapon "ak47") (head "0") (chest "0") (stomach "0") (leftarm "3") (rightarm "1") (leftleg "0") (rightleg "0")
L 04/17/2026 - 18:40:53: "4f<131><STEAM_0:0:19989970><TERRORIST>" killed "GG.HeraTuBa<127><STEAM_0:0:100993243><CT>" with "ak47" (attacker_position "694 -1194 -379") (victim_position "336 -1223 -379")
L 04/17/2026 - 18:40:53: Team "TERRORIST" triggered "Terrorists_Win" (CT "0") (T "2")
L 04/17/2026 - 18:40:53: World triggered "Round_End"
L 04/17/2026 - 18:40:53: "GG.HeraTuBa<127><STEAM_0:0:100993243><CT>" triggered "weaponstats" (weapon "m4a1") (shots "10") (hits "4") (kills "1") (headshots "1") (tks "0") (damage "156") (deaths "1")
L 04/17/2026 - 18:40:53: "GG.HeraTuBa<127><STEAM_0:0:100993243><CT>" triggered "weaponstats2" (weapon "m4a1") (head "1") (chest "1") (stomach "0") (leftarm "1") (rightarm "0") (leftleg "1") (rightleg "0")
L 04/17/2026 - 18:40:55: "4f<131><STEAM_0:0:19989970><TERRORIST>" triggered "Got_The_Bomb"
L 04/17/2026 - 18:40:58: "SPORK<128><STEAM_0:0:32599427><TERRORIST>" triggered "Spawned_With_The_Bomb"
L 04/17/2026 - 18:40:58: Rcon: "rcon 2122926088 "pikabu" status" from "172.18.0.1:48449"
L 04/17/2026 - 18:40:58: Rcon: "rcon 2122926088 "pikabu" sv_visiblemaxplayers" from "172.18.0.1:51149"
L 04/17/2026 - 18:41:13: World triggered "Round_Start"
L 04/17/2026 - 18:41:37: "4f<131><STEAM_0:0:19989970><TERRORIST>" killed "GG.HeraTuBa<127><STEAM_0:0:100993243><CT>" with "ak47" (headshot) (attacker_position "383 -1121 -347") (victim_position "-193 -606 -379")
L 04/17/2026 - 18:41:37: "GG.HeraTuBa<127><STEAM_0:0:100993243><CT>" triggered "weaponstats" (weapon "famas") (shots "1") (hits "2") (kills "0") (headshots "0") (tks "0") (damage "38") (deaths "1")
L 04/17/2026 - 18:41:37: "GG.HeraTuBa<127><STEAM_0:0:100993243><CT>" triggered "weaponstats2" (weapon "famas") (head "0") (chest "0") (stomach "0") (leftarm "2") (rightarm "0") (leftleg "0") (rightleg "0")
L 04/17/2026 - 18:41:37: "GG.HeraTuBa<127><STEAM_0:0:100993243><CT>" triggered "weaponstats" (weapon "knife") (shots "3") (hits "0") (kills "0") (headshots "0") (tks "0") (damage "0") (deaths "0")
L 04/17/2026 - 18:41:37: "GG.HeraTuBa<127><STEAM_0:0:100993243><CT>" triggered "weaponstats2" (weapon "knife") (head "0") (chest "0") (stomach "0") (leftarm "0") (rightarm "0") (leftleg "0") (rightleg "0")
L 04/17/2026 - 18:41:40: "4f<131><STEAM_0:0:19989970><TERRORIST>" killed "GG.AndraiL<134><STEAM_0:1:75695923><CT>" with "ak47" (attacker_position "352 -919 -365") (victim_position "943 -364 -77")
L 04/17/2026 - 18:41:40: Team "TERRORIST" triggered "Terrorists_Win" (CT "0") (T "3")
L 04/17/2026 - 18:41:40: World triggered "Round_End"
L 04/17/2026 - 18:41:45: "4f<131><STEAM_0:0:19989970><TERRORIST>" triggered "Spawned_With_The_Bomb"
L 04/17/2026 - 18:41:46: Log file closed
