L 04/17/2026 - 18:15:00: Log file started (file "logs/L0417058.log") (game "cstrike") (version "48/1.1.2.7/Stdio/4328")
L 04/17/2026 - 18:15:00: Server cvar "mp_buytime" = ".25"
L 04/17/2026 - 18:15:00: Server cvar "mp_forcecamera" = "2"
L 04/17/2026 - 18:15:00: Server cvar "mp_forcechasecam" = "2"
L 04/17/2026 - 18:15:00: Server cvar "mp_freezetime" = "15"
L 04/17/2026 - 18:15:00: Server cvar "mp_friendlyfire" = "1"
L 04/17/2026 - 18:15:00: Server cvar "mp_playerid" = "1"
L 04/17/2026 - 18:15:00: Server cvar "mp_startmoney" = "800"
L 04/17/2026 - 18:15:00: Server cvar "mp_forcerespawn" = "0"
L 04/17/2026 - 18:15:00: Server cvar "mp_give_player_c4" = "1"
L 04/17/2026 - 18:15:00: Server cvar "mp_infinite_ammo" = "0"
L 04/17/2026 - 18:15:00: Server cvar "mp_item_staytime" = "300"
L 04/17/2026 - 18:15:00: Server cvar "mp_round_infinite" = "0"
L 04/17/2026 - 18:15:00: Server cvar "mp_respawn_immunitytime" = "0"
L 04/17/2026 - 18:15:00: Server cvar "mp_respawn_immunity_force_unset" = "0"
L 04/17/2026 - 18:15:00: Server cvar "mp_show_scenarioicon" = "1"
L 04/17/2026 - 18:15:00: Server cvar "mp_weapons_allow_map_placed" = "1"
L 04/17/2026 - 18:15:00: Server cvar "sv_alltalk" = "3"
L 04/17/2026 - 18:15:01: World triggered "Restart_Round_(1_second)"
L 04/17/2026 - 18:15:01: Team "CT" scored "0" with "2" players
L 04/17/2026 - 18:15:01: Team "TERRORIST" scored "0" with "2" players
L 04/17/2026 - 18:15:01: Server cvar "sv_restart" = "0"
L 04/17/2026 - 18:15:02: "GG.AndraiL<134><STEAM_0:1:75695923><TERRORIST>" triggered "Spawned_With_The_Bomb"
L 04/17/2026 - 18:15:03: Server cvar "sv_restart" = "1"
L 04/17/2026 - 18:15:04: World triggered "Restart_Round_(1_second)"
L 04/17/2026 - 18:15:04: Team "CT" scored "0" with "2" players
L 04/17/2026 - 18:15:04: Team "TERRORIST" scored "0" with "2" players
L 04/17/2026 - 18:15:04: Server cvar "sv_restart" = "0"
L 04/17/2026 - 18:15:05: "GG.HeraTuBa<127><STEAM_0:0:100993243><TERRORIST>" triggered "Spawned_With_The_Bomb"
L 04/17/2026 - 18:15:06: Server cvar "sv_restart" = "1"
L 04/17/2026 - 18:15:07: World triggered "Restart_Round_(1_second)"
L 04/17/2026 - 18:15:07: Team "CT" scored "0" with "2" players
L 04/17/2026 - 18:15:07: Team "TERRORIST" scored "0" with "2" players
L 04/17/2026 - 18:15:07: Server cvar "sv_restart" = "0"
L 04/17/2026 - 18:15:08: "GG.AndraiL<134><STEAM_0:1:75695923><TERRORIST>" triggered "Spawned_With_The_Bomb"
L 04/17/2026 - 18:15:09: Server cvar "sv_restart" = "1"
L 04/17/2026 - 18:15:10: World triggered "Restart_Round_(1_second)"
L 04/17/2026 - 18:15:10: Team "CT" scored "0" with "2" players
L 04/17/2026 - 18:15:10: Team "TERRORIST" scored "0" with "2" players
L 04/17/2026 - 18:15:10: Server cvar "sv_restart" = "0"
L 04/17/2026 - 18:15:11: "GG.HeraTuBa<127><STEAM_0:0:100993243><TERRORIST>" triggered "Spawned_With_The_Bomb"
L 04/17/2026 - 18:15:26: World triggered "Round_Start"
L 04/17/2026 - 18:15:46: "SPORK<128><STEAM_0:0:32599427><CT>" killed "GG.HeraTuBa<127><STEAM_0:0:100993243><TERRORIST>" with "usp" (attacker_position "908 -1766 -397") (victim_position "373 -1268 -379")
L 04/17/2026 - 18:15:46: "GG.HeraTuBa<127><STEAM_0:0:100993243><TERRORIST>" triggered "Dropped_The_Bomb"
L 04/17/2026 - 18:15:46: "GG.HeraTuBa<127><STEAM_0:0:100993243><TERRORIST>" triggered "weaponstats" (weapon "glock18") (shots "8") (hits "1") (kills "0") (headshots "0") (tks "0") (damage "18") (deaths "1")
L 04/17/2026 - 18:15:46: "GG.HeraTuBa<127><STEAM_0:0:100993243><TERRORIST>" triggered "weaponstats2" (weapon "glock18") (head "0") (chest "0") (stomach "0") (leftarm "1") (rightarm "0") (leftleg "0") (rightleg "0")
L 04/17/2026 - 18:15:47: "GG.AndraiL<134><STEAM_0:1:75695923><TERRORIST>" killed "4f<131><STEAM_0:0:19989970><CT>" with "p228" (attacker_position "312 -1264 -379") (victim_position "776 -1599 -379")
L 04/17/2026 - 18:15:47: "4f<131><STEAM_0:0:19989970><CT>" triggered "weaponstats" (weapon "usp") (shots "7") (hits "3") (kills "0") (headshots "0") (tks "0") (damage "39") (deaths "1")
L 04/17/2026 - 18:15:47: "4f<131><STEAM_0:0:19989970><CT>" triggered "weaponstats2" (weapon "usp") (head "0") (chest "2") (stomach "0") (leftarm "1") (rightarm "0") (leftleg "0") (rightleg "0")
L 04/17/2026 - 18:15:47: "4f<131><STEAM_0:0:19989970><CT>" triggered "weaponstats" (weapon "ak47") (shots "1") (hits "0") (kills "0") (headshots "0") (tks "0") (damage "0") (deaths "0")
L 04/17/2026 - 18:15:47: "4f<131><STEAM_0:0:19989970><CT>" triggered "weaponstats2" (weapon "ak47") (head "0") (chest "0") (stomach "0") (leftarm "0") (rightarm "0") (leftleg "0") (rightleg "0")
L 04/17/2026 - 18:15:55: "GG.AndraiL<134><STEAM_0:1:75695923><TERRORIST>" triggered "Got_The_Bomb"
L 04/17/2026 - 18:15:55: "GG.AndraiL<134><STEAM_0:1:75695923><TERRORIST>" killed "SPORK<128><STEAM_0:0:32599427><CT>" with "p228" (headshot) (attacker_position "478 -1357 -379") (victim_position "777 -1583 -379")
L 04/17/2026 - 18:15:55: Team "TERRORIST" triggered "Terrorists_Win" (CT "0") (T "1")
L 04/17/2026 - 18:15:55: World triggered "Round_End"
L 04/17/2026 - 18:15:55: "SPORK<128><STEAM_0:0:32599427><CT>" triggered "weaponstats" (weapon "grenade") (shots "1") (hits "1") (kills "0") (headshots "0") (tks "0") (damage "35") (deaths "0")
L 04/17/2026 - 18:15:55: "SPORK<128><STEAM_0:0:32599427><CT>" triggered "weaponstats2" (weapon "grenade") (head "0") (chest "0") (stomach "0") (leftarm "0") (rightarm "0") (leftleg "0") (rightleg "0")
L 04/17/2026 - 18:15:55: "SPORK<128><STEAM_0:0:32599427><CT>" triggered "weaponstats" (weapon "usp") (shots "12") (hits "5") (kills "1") (headshots "0") (tks "0") (damage "63") (deaths "1")
L 04/17/2026 - 18:15:55: "SPORK<128><STEAM_0:0:32599427><CT>" triggered "weaponstats2" (weapon "usp") (head "0") (chest "1") (stomach "1") (leftarm "3") (rightarm "0") (leftleg "0") (rightleg "0")
L 04/17/2026 - 18:15:55: "SPORK<128><STEAM_0:0:32599427><CT>" triggered "weaponstats" (weapon "ak47") (shots "24") (hits "9") (kills "3") (headshots "1") (tks "0") (damage "317") (deaths "0")
L 04/17/2026 - 18:15:55: "SPORK<128><STEAM_0:0:32599427><CT>" triggered "weaponstats2" (weapon "ak47") (head "1") (chest "0") (stomach "0") (leftarm "2") (rightarm "1") (leftleg "2") (rightleg "3")
L 04/17/2026 - 18:16:00: "GG.AndraiL<134><STEAM_0:1:75695923><TERRORIST>" triggered "Spawned_With_The_Bomb"
L 04/17/2026 - 18:16:15: World triggered "Round_Start"
L 04/17/2026 - 18:16:42: "GG.HeraTuBa<127><STEAM_0:0:100993243><TERRORIST>" killed "SPORK<128><STEAM_0:0:32599427><CT>" with "ak47" (attacker_position "811 -745 -397") (victim_position "943 -1552 -379")
L 04/17/2026 - 18:16:42: "SPORK<128><STEAM_0:0:32599427><CT>" triggered "weaponstats" (weapon "famas") (shots "10") (hits "1") (kills "0") (headshots "0") (tks "0") (damage "18") (deaths "1")
L 04/17/2026 - 18:16:42: "SPORK<128><STEAM_0:0:32599427><CT>" triggered "weaponstats2" (weapon "famas") (head "0") (chest "0") (stomach "0") (leftarm "1") (rightarm "0") (leftleg "0") (rightleg "0")
L 04/17/2026 - 18:16:47: "GG.HeraTuBa<127><STEAM_0:0:100993243><TERRORIST>" killed "4f<131><STEAM_0:0:19989970><CT>" with "ak47" (attacker_position "427 -1097 -365") (victim_position "231 -1021 -347")
L 04/17/2026 - 18:16:47: Team "TERRORIST" triggered "Terrorists_Win" (CT "0") (T "2")
L 04/17/2026 - 18:16:47: World triggered "Round_End"
L 04/17/2026 - 18:16:47: "4f<131><STEAM_0:0:19989970><CT>" triggered "weaponstats" (weapon "usp") (shots "2") (hits "1") (kills "0") (headshots "0") (tks "0") (damage "15") (deaths "1")
L 04/17/2026 - 18:16:47: "4f<131><STEAM_0:0:19989970><CT>" triggered "weaponstats2" (weapon "usp") (head "0") (chest "0") (stomach "0") (leftarm "1") (rightarm "0") (leftleg "0") (rightleg "0")
L 04/17/2026 - 18:16:49: "GG.AndraiL<134><STEAM_0:1:75695923><TERRORIST>" triggered "Planted_The_Bomb"
L 04/17/2026 - 18:16:52: "GG.HeraTuBa<127><STEAM_0:0:100993243><TERRORIST>" triggered "Spawned_With_The_Bomb"
L 04/17/2026 - 18:16:52: Rcon: "rcon 2122926088 "pikabu" status" from "172.18.0.1:50545"
L 04/17/2026 - 18:16:52: Rcon: "rcon 2122926088 "pikabu" sv_visiblemaxplayers" from "172.18.0.1:47665"
L 04/17/2026 - 18:17:07: World triggered "Round_Start"
L 04/17/2026 - 18:17:53: Rcon: "rcon 2122926088 "pikabu" stats" from "172.18.0.1:39650"
L 04/17/2026 - 18:17:54: "4f<131><STEAM_0:0:19989970><CT>" killed "GG.AndraiL<134><STEAM_0:1:75695923><TERRORIST>" with "famas" (attacker_position "179 -1135 -347") (victim_position "178 -949 -363")
L 04/17/2026 - 18:17:54: "GG.AndraiL<134><STEAM_0:1:75695923><TERRORIST>" triggered "weaponstats" (weapon "p228") (shots "16") (hits "8") (kills "2") (headshots "1") (tks "0") (damage "281") (deaths "0")
L 04/17/2026 - 18:17:54: "GG.AndraiL<134><STEAM_0:1:75695923><TERRORIST>" triggered "weaponstats2" (weapon "p228") (head "1") (chest "3") (stomach "1") (leftarm "1") (rightarm "1") (leftleg "0") (rightleg "1")
L 04/17/2026 - 18:17:54: "GG.AndraiL<134><STEAM_0:1:75695923><TERRORIST>" triggered "weaponstats" (weapon "ak47") (shots "30") (hits "0") (kills "0") (headshots "0") (tks "0") (damage "0") (deaths "1")
L 04/17/2026 - 18:17:54: "GG.AndraiL<134><STEAM_0:1:75695923><TERRORIST>" triggered "weaponstats2" (weapon "ak47") (head "0") (chest "0") (stomach "0") (leftarm "0") (rightarm "0") (leftleg "0") (rightleg "0")
L 04/17/2026 - 18:18:07: "GG.HeraTuBa<127><STEAM_0:0:100993243><TERRORIST>" killed "4f<131><STEAM_0:0:19989970><CT>" with "ak47" (attacker_position "346 -1148 -347") (victim_position "664 -1608 -379")
L 04/17/2026 - 18:18:07: "4f<131><STEAM_0:0:19989970><CT>" triggered "weaponstats" (weapon "famas") (shots "14") (hits "7") (kills "1") (headshots "0") (tks "0") (damage "123") (deaths "1")
L 04/17/2026 - 18:18:07: "4f<131><STEAM_0:0:19989970><CT>" triggered "weaponstats2" (weapon "famas") (head "0") (chest "1") (stomach "1") (leftarm "3") (rightarm "1") (leftleg "0") (rightleg "1")
L 04/17/2026 - 18:18:07: "4f<131><STEAM_0:0:19989970><CT>" triggered "weaponstats" (weapon "knife") (shots "1") (hits "0") (kills "0") (headshots "0") (tks "0") (damage "0") (deaths "0")
L 04/17/2026 - 18:18:07: "4f<131><STEAM_0:0:19989970><CT>" triggered "weaponstats2" (weapon "knife") (head "0") (chest "0") (stomach "0") (leftarm "0") (rightarm "0") (leftleg "0") (rightleg "0")
L 04/17/2026 - 18:18:10: "GG.HeraTuBa<127><STEAM_0:0:100993243><TERRORIST>" killed "SPORK<128><STEAM_0:0:32599427><CT>" with "ak47" (attacker_position "337 -812 -347") (victim_position "905 -357 -77")
L 04/17/2026 - 18:18:10: Team "TERRORIST" triggered "Terrorists_Win" (CT "0") (T "3")
L 04/17/2026 - 18:18:10: World triggered "Round_End"
L 04/17/2026 - 18:18:10: "SPORK<128><STEAM_0:0:32599427><CT>" triggered "weaponstats" (weapon "deagle") (shots "1") (hits "0") (kills "0") (headshots "0") (tks "0") (damage "0") (deaths "1")
L 04/17/2026 - 18:18:10: "SPORK<128><STEAM_0:0:32599427><CT>" triggered "weaponstats2" (weapon "deagle") (head "0") (chest "0") (stomach "0") (leftarm "0") (rightarm "0") (leftleg "0") (rightleg "0")
L 04/17/2026 - 18:18:15: "GG.AndraiL<134><STEAM_0:1:75695923><TERRORIST>" triggered "Spawned_With_The_Bomb"
L 04/17/2026 - 18:18:30: World triggered "Round_Start"
L 04/17/2026 - 18:18:50: "GG.HeraTuBa<127><STEAM_0:0:100993243><TERRORIST>" killed "4f<131><STEAM_0:0:19989970><CT>" with "ak47" (attacker_position "-217 -866 -379") (victim_position "-47 -439 -379")
L 04/17/2026 - 18:18:50: "4f<131><STEAM_0:0:19989970><CT>" triggered "weaponstats" (weapon "deagle") (shots "1") (hits "0") (kills "0") (headshots "0") (tks "0") (damage "0") (deaths "1")
L 04/17/2026 - 18:18:50: "4f<131><STEAM_0:0:19989970><CT>" triggered "weaponstats2" (weapon "deagle") (head "0") (chest "0") (stomach "0") (leftarm "0") (rightarm "0") (leftleg "0") (rightleg "0")
L 04/17/2026 - 18:19:00: Rcon: "rcon 2122926088 "pikabu" status" from "172.18.0.1:34600"
L 04/17/2026 - 18:19:00: Rcon: "rcon 2122926088 "pikabu" sv_visiblemaxplayers" from "172.18.0.1:35201"
L 04/17/2026 - 18:19:06: "GG.HeraTuBa<127><STEAM_0:0:100993243><TERRORIST>" killed "SPORK<128><STEAM_0:0:32599427><CT>" with "ak47" (attacker_position "479 -558 -379") (victim_position "385 -1010 -85")
L 04/17/2026 - 18:19:06: Team "TERRORIST" triggered "Terrorists_Win" (CT "0") (T "4")
L 04/17/2026 - 18:19:06: World triggered "Round_End"
L 04/17/2026 - 18:19:06: "SPORK<128><STEAM_0:0:32599427><CT>" triggered "weaponstats" (weapon "m4a1") (shots "7") (hits "3") (kills "0") (headshots "0") (tks "0") (damage "65") (deaths "1")
L 04/17/2026 - 18:19:06: "SPORK<128><STEAM_0:0:32599427><CT>" triggered "weaponstats2" (weapon "m4a1") (head "0") (chest "0") (stomach "0") (leftarm "1") (rightarm "1") (leftleg "0") (rightleg "1")
L 04/17/2026 - 18:19:11: "GG.HeraTuBa<127><STEAM_0:0:100993243><TERRORIST>" triggered "Spawned_With_The_Bomb"
L 04/17/2026 - 18:19:26: World triggered "Round_Start"
L 04/17/2026 - 18:20:36: "SPORK<128><STEAM_0:0:32599427><CT>" killed "GG.AndraiL<134><STEAM_0:1:75695923><TERRORIST>" with "m4a1" (headshot) (attacker_position "943 -1455 -77") (victim_position "934 -362 -59")
L 04/17/2026 - 18:20:36: "GG.AndraiL<134><STEAM_0:1:75695923><TERRORIST>" triggered "weaponstats" (weapon "grenade") (shots "1") (hits "1") (kills "0") (headshots "0") (tks "0") (damage "6") (deaths "0")
L 04/17/2026 - 18:20:36: "GG.AndraiL<134><STEAM_0:1:75695923><TERRORIST>" triggered "weaponstats2" (weapon "grenade") (head "0") (chest "0") (stomach "0") (leftarm "0") (rightarm "0") (leftleg "0") (rightleg "0")
L 04/17/2026 - 18:20:48: "GG.HeraTuBa<127><STEAM_0:0:100993243><TERRORIST>" killed "SPORK<128><STEAM_0:0:32599427><CT>" with "ak47" (attacker_position "919 -345 -59") (victim_position "730 -1450 -77")
L 04/17/2026 - 18:20:48: "SPORK<128><STEAM_0:0:32599427><CT>" triggered "weaponstats" (weapon "m4a1") (shots "13") (hits "6") (kills "1") (headshots "1") (tks "0") (damage "231") (deaths "1")
L 04/17/2026 - 18:20:48: "SPORK<128><STEAM_0:0:32599427><CT>" triggered "weaponstats2" (weapon "m4a1") (head "1") (chest "0") (stomach "3") (leftarm "2") (rightarm "0") (leftleg "0") (rightleg "0")
L 04/17/2026 - 18:20:53: "4f<131><STEAM_0:0:19989970><CT>" killed "GG.HeraTuBa<127><STEAM_0:0:100993243><TERRORIST>" with "m4a1" (headshot) (attacker_position "624 -1234 -379") (victim_position "351 -336 -59")
L 04/17/2026 - 18:20:53: Team "CT" triggered "CTs_Win" (CT "1") (T "4")
L 04/17/2026 - 18:20:53: World triggered "Round_End"
L 04/17/2026 - 18:20:53: "GG.HeraTuBa<127><STEAM_0:0:100993243><TERRORIST>" triggered "weaponstats" (weapon "grenade") (shots "1") (hits "1") (kills "0") (headshots "0") (tks "0") (damage "43") (deaths "0")
L 04/17/2026 - 18:20:53: "GG.HeraTuBa<127><STEAM_0:0:100993243><TERRORIST>" triggered "weaponstats2" (weapon "grenade") (head "0") (chest "0") (stomach "0") (leftarm "0") (rightarm "0") (leftleg "0") (rightleg "0")
L 04/17/2026 - 18:20:53: "GG.HeraTuBa<127><STEAM_0:0:100993243><TERRORIST>" triggered "weaponstats" (weapon "ak47") (shots "151") (hits "26") (kills "7") (headshots "0") (tks "0") (damage "762") (deaths "1")
L 04/17/2026 - 18:20:53: "GG.HeraTuBa<127><STEAM_0:0:100993243><TERRORIST>" triggered "weaponstats2" (weapon "ak47") (head "0") (chest "3") (stomach "5") (leftarm "11") (rightarm "1") (leftleg "2") (rightleg "4")
L 04/17/2026 - 18:20:53: "GG.HeraTuBa<127><STEAM_0:0:100993243><TERRORIST>" triggered "weaponstats" (weapon "knife") (shots "1") (hits "0") (kills "0") (headshots "0") (tks "0") (damage "0") (deaths "0")
L 04/17/2026 - 18:20:53: "GG.HeraTuBa<127><STEAM_0:0:100993243><TERRORIST>" triggered "weaponstats2" (weapon "knife") (head "0") (chest "0") (stomach "0") (leftarm "0") (rightarm "0") (leftleg "0") (rightleg "0")
L 04/17/2026 - 18:20:58: "GG.AndraiL<134><STEAM_0:1:75695923><TERRORIST>" triggered "Spawned_With_The_Bomb"
L 04/17/2026 - 18:21:13: World triggered "Round_Start"
L 04/17/2026 - 18:21:13: Rcon: "rcon 2122926088 "pikabu" status" from "172.18.0.1:42659"
L 04/17/2026 - 18:21:13: Rcon: "rcon 2122926088 "pikabu" sv_visiblemaxplayers" from "172.18.0.1:46743"
L 04/17/2026 - 18:21:38: "4f<131><STEAM_0:0:19989970><CT>" killed "GG.AndraiL<134><STEAM_0:1:75695923><TERRORIST>" with "m4a1" (attacker_position "1013 -368 -51") (victim_position "430 -842 -347")
L 04/17/2026 - 18:21:38: "GG.AndraiL<134><STEAM_0:1:75695923><TERRORIST>" triggered "Dropped_The_Bomb"
L 04/17/2026 - 18:21:38: "GG.AndraiL<134><STEAM_0:1:75695923><TERRORIST>" triggered "weaponstats" (weapon "grenade") (shots "1") (hits "0") (kills "0") (headshots "0") (tks "0") (damage "0") (deaths "0")
L 04/17/2026 - 18:21:38: "GG.AndraiL<134><STEAM_0:1:75695923><TERRORIST>" triggered "weaponstats2" (weapon "grenade") (head "0") (chest "0") (stomach "0") (leftarm "0") (rightarm "0") (leftleg "0") (rightleg "0")
L 04/17/2026 - 18:21:38: "4f<131><STEAM_0:0:19989970><CT>" killed "GG.HeraTuBa<127><STEAM_0:0:100993243><TERRORIST>" with "m4a1" (attacker_position "1013 -368 -51") (victim_position "356 -900 -347")
L 04/17/2026 - 18:21:38: Team "CT" triggered "CTs_Win" (CT "2") (T "4")
L 04/17/2026 - 18:21:38: World triggered "Round_End"
L 04/17/2026 - 18:21:38: "GG.HeraTuBa<127><STEAM_0:0:100993243><TERRORIST>" triggered "weaponstats" (weapon "knife") (shots "1") (hits "0") (kills "0") (headshots "0") (tks "0") (damage "0") (deaths "0")
L 04/17/2026 - 18:21:38: "GG.HeraTuBa<127><STEAM_0:0:100993243><TERRORIST>" triggered "weaponstats2" (weapon "knife") (head "0") (chest "0") (stomach "0") (leftarm "0") (rightarm "0") (leftleg "0") (rightleg "0")
L 04/17/2026 - 18:21:43: "GG.HeraTuBa<127><STEAM_0:0:100993243><TERRORIST>" triggered "Spawned_With_The_Bomb"
L 04/17/2026 - 18:21:58: World triggered "Round_Start"
L 04/17/2026 - 18:22:14: "GG.HeraTuBa<127><STEAM_0:0:100993243><TERRORIST>" killed "4f<131><STEAM_0:0:19989970><CT>" with "ak47" (headshot) (attacker_position "93 -108 -379") (victim_position "412 115 -379")
L 04/17/2026 - 18:22:14: "4f<131><STEAM_0:0:19989970><CT>" triggered "weaponstats" (weapon "grenade") (shots "2") (hits "3") (kills "0") (headshots "0") (tks "0") (damage "76") (deaths "0")
L 04/17/2026 - 18:22:14: "4f<131><STEAM_0:0:19989970><CT>" triggered "weaponstats2" (weapon "grenade") (head "0") (chest "0") (stomach "0") (leftarm "0") (rightarm "0") (leftleg "0") (rightleg "0")
L 04/17/2026 - 18:22:14: "4f<131><STEAM_0:0:19989970><CT>" triggered "weaponstats" (weapon "m4a1") (shots "19") (hits "10") (kills "3") (headshots "1") (tks "0") (damage "257") (deaths "1")
L 04/17/2026 - 18:22:14: "4f<131><STEAM_0:0:19989970><CT>" triggered "weaponstats2" (weapon "m4a1") (head "1") (chest "0") (stomach "1") (leftarm "1") (rightarm "0") (leftleg "1") (rightleg "6")
L 04/17/2026 - 18:22:44: "SPORK<128><STEAM_0:0:32599427><CT>" killed "GG.AndraiL<134><STEAM_0:1:75695923><TERRORIST>" with "m4a1" (attacker_position "371 -844 -365") (victim_position "391 -1178 -325")
L 04/17/2026 - 18:22:49: "GG.HeraTuBa<127><STEAM_0:0:100993243><TERRORIST>" killed "SPORK<128><STEAM_0:0:32599427><CT>" with "ak47" (attacker_position "584 -1218 -379") (victim_position "623 -1001 -397")
L 04/17/2026 - 18:22:49: Team "TERRORIST" triggered "Terrorists_Win" (CT "2") (T "5")
L 04/17/2026 - 18:22:49: World triggered "Round_End"
L 04/17/2026 - 18:22:49: "SPORK<128><STEAM_0:0:32599427><CT>" triggered "weaponstats" (weapon "m4a1") (shots "8") (hits "4") (kills "1") (headshots "0") (tks "0") (damage "100") (deaths "1")
L 04/17/2026 - 18:22:49: "SPORK<128><STEAM_0:0:32599427><CT>" triggered "weaponstats2" (weapon "m4a1") (head "0") (chest "0") (stomach "2") (leftarm "0") (rightarm "0") (leftleg "0") (rightleg "2")
L 04/17/2026 - 18:22:53: Rcon: "rcon 2122926088 "pikabu" stats" from "172.18.0.1:52269"
L 04/17/2026 - 18:22:54: "GG.AndraiL<134><STEAM_0:1:75695923><TERRORIST>" triggered "Spawned_With_The_Bomb"
L 04/17/2026 - 18:23:09: World triggered "Round_Start"
L 04/17/2026 - 18:23:56: "GG.HeraTuBa<127><STEAM_0:0:100993243><TERRORIST>" killed "4f<131><STEAM_0:0:19989970><CT>" with "ak47" (attacker_position "-97 -472 -379") (victim_position "-195 -1135 -397")
L 04/17/2026 - 18:23:56: Rcon: "rcon 2122926088 "pikabu" status" from "172.18.0.1:32897"
L 04/17/2026 - 18:23:56: "4f<131><STEAM_0:0:19989970><CT>" triggered "weaponstats" (weapon "m4a1") (shots "3") (hits "2") (kills "0") (headshots "0") (tks "0") (damage "43") (deaths "1")
L 04/17/2026 - 18:23:56: "4f<131><STEAM_0:0:19989970><CT>" triggered "weaponstats2" (weapon "m4a1") (head "0") (chest "0") (stomach "0") (leftarm "1") (rightarm "0") (leftleg "0") (rightleg "1")
L 04/17/2026 - 18:23:56: Rcon: "rcon 2122926088 "pikabu" sv_visiblemaxplayers" from "172.18.0.1:56061"
L 04/17/2026 - 18:24:07: "GG.HeraTuBa<127><STEAM_0:0:100993243><TERRORIST>" killed "SPORK<128><STEAM_0:0:32599427><CT>" with "ak47" (attacker_position "404 -1235 -379") (victim_position "422 -1421 -77")
L 04/17/2026 - 18:24:07: Team "TERRORIST" triggered "Terrorists_Win" (CT "2") (T "6")
L 04/17/2026 - 18:24:07: World triggered "Round_End"
L 04/17/2026 - 18:24:07: "SPORK<128><STEAM_0:0:32599427><CT>" triggered "weaponstats" (weapon "m4a1") (shots "3") (hits "0") (kills "0") (headshots "0") (tks "0") (damage "0") (deaths "1")
L 04/17/2026 - 18:24:07: "SPORK<128><STEAM_0:0:32599427><CT>" triggered "weaponstats2" (weapon "m4a1") (head "0") (chest "0") (stomach "0") (leftarm "0") (rightarm "0") (leftleg "0") (rightleg "0")
L 04/17/2026 - 18:24:12: "GG.HeraTuBa<127><STEAM_0:0:100993243><TERRORIST>" triggered "Spawned_With_The_Bomb"
L 04/17/2026 - 18:24:27: World triggered "Round_Start"
L 04/17/2026 - 18:24:54: "GG.HeraTuBa<127><STEAM_0:0:100993243><TERRORIST>" killed "SPORK<128><STEAM_0:0:32599427><CT>" with "ak47" (attacker_position "1161 -1559 -379") (victim_position "1298 -476 -69")
L 04/17/2026 - 18:24:54: "SPORK<128><STEAM_0:0:32599427><CT>" triggered "weaponstats" (weapon "usp") (shots "7") (hits "0") (kills "0") (headshots "0") (tks "0") (damage "0") (deaths "1")
L 04/17/2026 - 18:24:54: "SPORK<128><STEAM_0:0:32599427><CT>" triggered "weaponstats2" (weapon "usp") (head "0") (chest "0") (stomach "0") (leftarm "0") (rightarm "0") (leftleg "0") (rightleg "0")
L 04/17/2026 - 18:25:08: "4f<131><STEAM_0:0:19989970><CT>" killed "GG.AndraiL<134><STEAM_0:1:75695923><TERRORIST>" with "famas" (attacker_position "336 -1455 -397") (victim_position "491 -1293 -379")
L 04/17/2026 - 18:25:08: "GG.AndraiL<134><STEAM_0:1:75695923><TERRORIST>" triggered "weaponstats" (weapon "grenade") (shots "1") (hits "0") (kills "0") (headshots "0") (tks "0") (damage "0") (deaths "0")
L 04/17/2026 - 18:25:08: "GG.AndraiL<134><STEAM_0:1:75695923><TERRORIST>" triggered "weaponstats2" (weapon "grenade") (head "0") (chest "0") (stomach "0") (leftarm "0") (rightarm "0") (leftleg "0") (rightleg "0")
L 04/17/2026 - 18:25:08: "GG.AndraiL<134><STEAM_0:1:75695923><TERRORIST>" triggered "weaponstats" (weapon "m4a1") (shots "1") (hits "0") (kills "0") (headshots "0") (tks "0") (damage "0") (deaths "1")
L 04/17/2026 - 18:25:08: "GG.AndraiL<134><STEAM_0:1:75695923><TERRORIST>" triggered "weaponstats2" (weapon "m4a1") (head "0") (chest "0") (stomach "0") (leftarm "0") (rightarm "0") (leftleg "0") (rightleg "0")
L 04/17/2026 - 18:25:10: "4f<131><STEAM_0:0:19989970><CT>" killed "GG.HeraTuBa<127><STEAM_0:0:100993243><TERRORIST>" with "famas" (headshot) (attacker_position "336 -1455 -379") (victim_position "937 -1056 -397")
L 04/17/2026 - 18:25:10: Team "CT" triggered "CTs_Win" (CT "3") (T "6")
L 04/17/2026 - 18:25:10: World triggered "Round_End"
L 04/17/2026 - 18:25:10: "GG.HeraTuBa<127><STEAM_0:0:100993243><TERRORIST>" triggered "weaponstats" (weapon "ak47") (shots "46") (hits "20") (kills "5") (headshots "1") (tks "0") (damage "620") (deaths "1")
L 04/17/2026 - 18:25:10: "GG.HeraTuBa<127><STEAM_0:0:100993243><TERRORIST>" triggered "weaponstats2" (weapon "ak47") (head "2") (chest "4") (stomach "1") (leftarm "11") (rightarm "0") (leftleg "0") (rightleg "2")
L 04/17/2026 - 18:25:15: "GG.AndraiL<134><STEAM_0:1:75695923><TERRORIST>" triggered "Spawned_With_The_Bomb"
L 04/17/2026 - 18:25:30: World triggered "Round_Start"
L 04/17/2026 - 18:25:46: "SPORK<128><STEAM_0:0:32599427><CT>" killed "GG.HeraTuBa<127><STEAM_0:0:100993243><TERRORIST>" with "m4a1" (attacker_position "814 -1641 -397") (victim_position "347 -1131 -347")
L 04/17/2026 - 18:25:46: "GG.HeraTuBa<127><STEAM_0:0:100993243><TERRORIST>" triggered "weaponstats" (weapon "ak47") (shots "9") (hits "3") (kills "0") (headshots "0") (tks "0") (damage "66") (deaths "1")
L 04/17/2026 - 18:25:46: "GG.HeraTuBa<127><STEAM_0:0:100993243><TERRORIST>" triggered "weaponstats2" (weapon "ak47") (head "0") (chest "0") (stomach "0") (leftarm "2") (rightarm "1") (leftleg "0") (rightleg "0")
L 04/17/2026 - 18:26:06: Rcon: "rcon 2122926088 "pikabu" status" from "172.18.0.1:38996"
L 04/17/2026 - 18:26:06: Rcon: "rcon 2122926088 "pikabu" sv_visiblemaxplayers" from "172.18.0.1:38369"
L 04/17/2026 - 18:26:16: "4f<131><STEAM_0:0:19989970><CT>" killed "GG.AndraiL<134><STEAM_0:1:75695923><TERRORIST>" with "m4a1" (headshot) (attacker_position "516 -336 -77") (victim_position "404 -1091 -347")
L 04/17/2026 - 18:26:16: Team "CT" triggered "CTs_Win" (CT "4") (T "6")
L 04/17/2026 - 18:26:16: World triggered "Round_End"
L 04/17/2026 - 18:26:16: "GG.AndraiL<134><STEAM_0:1:75695923><TERRORIST>" triggered "weaponstats" (weapon "grenade") (shots "1") (hits "1") (kills "0") (headshots "0") (tks "0") (damage "2") (deaths "0")
L 04/17/2026 - 18:26:16: "GG.AndraiL<134><STEAM_0:1:75695923><TERRORIST>" triggered "weaponstats2" (weapon "grenade") (head "0") (chest "0") (stomach "0") (leftarm "0") (rightarm "0") (leftleg "0") (rightleg "0")
L 04/17/2026 - 18:26:16: "GG.AndraiL<134><STEAM_0:1:75695923><TERRORIST>" triggered "weaponstats" (weapon "ak47") (shots "9") (hits "1") (kills "0") (headshots "0") (tks "0") (damage "12") (deaths "1")
L 04/17/2026 - 18:26:16: "GG.AndraiL<134><STEAM_0:1:75695923><TERRORIST>" triggered "weaponstats2" (weapon "ak47") (head "0") (chest "0") (stomach "0") (leftarm "1") (rightarm "0") (leftleg "0") (rightleg "0")
L 04/17/2026 - 18:26:21: "GG.HeraTuBa<127><STEAM_0:0:100993243><TERRORIST>" triggered "Spawned_With_The_Bomb"
L 04/17/2026 - 18:26:36: World triggered "Round_Start"
L 04/17/2026 - 18:27:23: "GG.HeraTuBa<127><STEAM_0:0:100993243><TERRORIST>" killed "4f<131><STEAM_0:0:19989970><CT>" with "ak47" (headshot) (attacker_position "1838 -1579 -379") (victim_position "1299 -427 -51")
L 04/17/2026 - 18:27:23: "4f<131><STEAM_0:0:19989970><CT>" triggered "weaponstats" (weapon "grenade") (shots "2") (hits "1") (kills "0") (headshots "0") (tks "0") (damage "16") (deaths "0")
L 04/17/2026 - 18:27:23: "4f<131><STEAM_0:0:19989970><CT>" triggered "weaponstats2" (weapon "grenade") (head "0") (chest "0") (stomach "0") (leftarm "0") (rightarm "0") (leftleg "0") (rightleg "0")
L 04/17/2026 - 18:27:23: "4f<131><STEAM_0:0:19989970><CT>" triggered "weaponstats" (weapon "famas") (shots "25") (hits "9") (kills "2") (headshots "1") (tks "0") (damage "241") (deaths "0")
L 04/17/2026 - 18:27:23: "4f<131><STEAM_0:0:19989970><CT>" triggered "weaponstats2" (weapon "famas") (head "1") (chest "0") (stomach "0") (leftarm "1") (rightarm "4") (leftleg "1") (rightleg "2")
L 04/17/2026 - 18:27:23: "4f<131><STEAM_0:0:19989970><CT>" triggered "weaponstats" (weapon "m4a1") (shots "18") (hits "3") (kills "1") (headshots "1") (tks "0") (damage "159") (deaths "1")
L 04/17/2026 - 18:27:23: "4f<131><STEAM_0:0:19989970><CT>" triggered "weaponstats2" (weapon "m4a1") (head "3") (chest "0") (stomach "0") (leftarm "0") (rightarm "0") (leftleg "0") (rightleg "0")
L 04/17/2026 - 18:27:53: Rcon: "rcon 2122926088 "pikabu" stats" from "172.18.0.1:35735"
L 04/17/2026 - 18:27:55: "GG.AndraiL<134><STEAM_0:1:75695923><TERRORIST>" killed "SPORK<128><STEAM_0:0:32599427><CT>" with "sg552" (headshot) (attacker_position "605 -336 -59") (victim_position "379 -841 -347")
L 04/17/2026 - 18:27:55: Team "TERRORIST" triggered "Terrorists_Win" (CT "4") (T "7")
L 04/17/2026 - 18:27:55: World triggered "Round_End"
L 04/17/2026 - 18:27:55: "SPORK<128><STEAM_0:0:32599427><CT>" triggered "weaponstats" (weapon "grenade") (shots "1") (hits "1") (kills "0") (headshots "0") (tks "0") (damage "24") (deaths "0")
L 04/17/2026 - 18:27:55: "SPORK<128><STEAM_0:0:32599427><CT>" triggered "weaponstats2" (weapon "grenade") (head "0") (chest "0") (stomach "0") (leftarm "0") (rightarm "0") (leftleg "0") (rightleg "0")
L 04/17/2026 - 18:27:55: "SPORK<128><STEAM_0:0:32599427><CT>" triggered "weaponstats" (weapon "m4a1") (shots "36") (hits "6") (kills "1") (headshots "0") (tks "0") (damage "103") (deaths "1")
L 04/17/2026 - 18:27:55: "SPORK<128><STEAM_0:0:32599427><CT>" triggered "weaponstats2" (weapon "m4a1") (head "1") (chest "0") (stomach "0") (leftarm "4") (rightarm "0") (leftleg "0") (rightleg "1")
L 04/17/2026 - 18:28:00: "GG.AndraiL<134><STEAM_0:1:75695923><TERRORIST>" triggered "Spawned_With_The_Bomb"
L 04/17/2026 - 18:28:08: Rcon: "rcon 2122926088 "pikabu" status" from "172.18.0.1:53473"
L 04/17/2026 - 18:28:08: Rcon: "rcon 2122926088 "pikabu" sv_visiblemaxplayers" from "172.18.0.1:56126"
L 04/17/2026 - 18:28:15: World triggered "Round_Start"
L 04/17/2026 - 18:28:44: "GG.HeraTuBa<127><STEAM_0:0:100993243><TERRORIST>" killed "SPORK<128><STEAM_0:0:32599427><CT>" with "ak47" (attacker_position "1199 -315 -397") (victim_position "1042 -456 -51")
L 04/17/2026 - 18:28:44: "SPORK<128><STEAM_0:0:32599427><CT>" triggered "weaponstats" (weapon "m4a1") (shots "6") (hits "1") (kills "0") (headshots "0") (tks "0") (damage "21") (deaths "1")
L 04/17/2026 - 18:28:44: "SPORK<128><STEAM_0:0:32599427><CT>" triggered "weaponstats2" (weapon "m4a1") (head "0") (chest "0") (stomach "0") (leftarm "0") (rightarm "1") (leftleg "0") (rightleg "0")
L 04/17/2026 - 18:28:51: "4f<131><STEAM_0:0:19989970><CT>" killed "GG.AndraiL<134><STEAM_0:1:75695923><TERRORIST>" with "m4a1" (attacker_position "921 -1765 -379") (victim_position "352 -1136 -347")
L 04/17/2026 - 18:28:51: "GG.AndraiL<134><STEAM_0:1:75695923><TERRORIST>" triggered "Dropped_The_Bomb"
L 04/17/2026 - 18:28:51: "GG.AndraiL<134><STEAM_0:1:75695923><TERRORIST>" triggered "weaponstats" (weapon "grenade") (shots "2") (hits "1") (kills "0") (headshots "0") (tks "0") (damage "23") (deaths "0")
L 04/17/2026 - 18:28:51: "GG.AndraiL<134><STEAM_0:1:75695923><TERRORIST>" triggered "weaponstats2" (weapon "grenade") (head "0") (chest "0") (stomach "0") (leftarm "0") (rightarm "0") (leftleg "0") (rightleg "0")
L 04/17/2026 - 18:28:51: "GG.AndraiL<134><STEAM_0:1:75695923><TERRORIST>" triggered "weaponstats" (weapon "sg552") (shots "17") (hits "6") (kills "1") (headshots "1") (tks "0") (damage "182") (deaths "1")
L 04/17/2026 - 18:28:51: "GG.AndraiL<134><STEAM_0:1:75695923><TERRORIST>" triggered "weaponstats2" (weapon "sg552") (head "1") (chest "1") (stomach "0") (leftarm "1") (rightarm "0") (leftleg "0") (rightleg "3")
L 04/17/2026 - 18:28:52: "GG.HeraTuBa<127><STEAM_0:0:100993243><TERRORIST>" killed "4f<131><STEAM_0:0:19989970><CT>" with "ak47" (attacker_position "1497 -763 -379") (victim_position "923 -1763 -379")
L 04/17/2026 - 18:28:52: Team "TERRORIST" triggered "Terrorists_Win" (CT "4") (T "8")
L 04/17/2026 - 18:28:52: World triggered "Round_End"
L 04/17/2026 - 18:28:52: "4f<131><STEAM_0:0:19989970><CT>" triggered "weaponstats" (weapon "m4a1") (shots "15") (hits "7") (kills "1") (headshots "0") (tks "0") (damage "107") (deaths "1")
L 04/17/2026 - 18:28:52: "4f<131><STEAM_0:0:19989970><CT>" triggered "weaponstats2" (weapon "m4a1") (head "0") (chest "0") (stomach "2") (leftarm "3") (rightarm "0") (leftleg "2") (rightleg "0")
L 04/17/2026 - 18:28:57: "GG.HeraTuBa<127><STEAM_0:0:100993243><TERRORIST>" triggered "Spawned_With_The_Bomb"
L 04/17/2026 - 18:29:12: World triggered "Round_Start"
L 04/17/2026 - 18:29:43: "GG.HeraTuBa<127><STEAM_0:0:100993243><TERRORIST>" killed "SPORK<128><STEAM_0:0:32599427><CT>" with "ak47" (attacker_position "1218 -2275 -397") (victim_position "884 -1440 -397")
L 04/17/2026 - 18:29:43: "SPORK<128><STEAM_0:0:32599427><CT>" triggered "weaponstats" (weapon "usp") (shots "7") (hits "1") (kills "0") (headshots "0") (tks "0") (damage "12") (deaths "1")
L 04/17/2026 - 18:29:43: "SPORK<128><STEAM_0:0:32599427><CT>" triggered "weaponstats2" (weapon "usp") (head "0") (chest "0") (stomach "0") (leftarm "1") (rightarm "0") (leftleg "0") (rightleg "0")
L 04/17/2026 - 18:29:48: "GG.AndraiL<134><STEAM_0:1:75695923><TERRORIST>" killed "4f<131><STEAM_0:0:19989970><CT>" with "ak47" (attacker_position "739 -1691 -397") (victim_position "539 -1279 -379")
L 04/17/2026 - 18:29:48: Team "TERRORIST" triggered "Terrorists_Win" (CT "4") (T "9")
L 04/17/2026 - 18:29:48: World triggered "Round_End"
L 04/17/2026 - 18:29:48: "4f<131><STEAM_0:0:19989970><CT>" triggered "weaponstats" (weapon "deagle") (shots "20") (hits "1") (kills "0") (headshots "0") (tks "0") (damage "33") (deaths "1")
L 04/17/2026 - 18:29:48: "4f<131><STEAM_0:0:19989970><CT>" triggered "weaponstats2" (weapon "deagle") (head "0") (chest "1") (stomach "0") (leftarm "0") (rightarm "0") (leftleg "0") (rightleg "0")
L 04/17/2026 - 18:29:48: "4f<131><STEAM_0:0:19989970><CT>" triggered "weaponstats" (weapon "knife") (shots "1") (hits "0") (kills "0") (headshots "0") (tks "0") (damage "0") (deaths "0")
L 04/17/2026 - 18:29:48: "4f<131><STEAM_0:0:19989970><CT>" triggered "weaponstats2" (weapon "knife") (head "0") (chest "0") (stomach "0") (leftarm "0") (rightarm "0") (leftleg "0") (rightleg "0")
L 04/17/2026 - 18:29:53: "GG.AndraiL<134><STEAM_0:1:75695923><TERRORIST>" triggered "Spawned_With_The_Bomb"
L 04/17/2026 - 18:30:08: World triggered "Round_Start"
L 04/17/2026 - 18:30:16: Rcon: "rcon 2122926088 "pikabu" status" from "172.18.0.1:47397"
L 04/17/2026 - 18:30:16: Rcon: "rcon 2122926088 "pikabu" sv_visiblemaxplayers" from "172.18.0.1:56734"
L 04/17/2026 - 18:30:25: "GG.AndraiL<134><STEAM_0:1:75695923><TERRORIST>" killed "4f<131><STEAM_0:0:19989970><CT>" with "ak47" (headshot) (attacker_position "336 -757 -365") (victim_position "632 -336 -59")
L 04/17/2026 - 18:30:25: "4f<131><STEAM_0:0:19989970><CT>" triggered "weaponstats" (weapon "m4a1") (shots "9") (hits "3") (kills "0") (headshots "0") (tks "0") (damage "65") (deaths "1")
L 04/17/2026 - 18:30:25: "4f<131><STEAM_0:0:19989970><CT>" triggered "weaponstats2" (weapon "m4a1") (head "0") (chest "0") (stomach "0") (leftarm "1") (rightarm "0") (leftleg "2") (rightleg "0")
L 04/17/2026 - 18:30:29: "GG.HeraTuBa<127><STEAM_0:0:100993243><TERRORIST>" killed "SPORK<128><STEAM_0:0:32599427><CT>" with "ak47" (attacker_position "625 -896 -397") (victim_position "574 -1431 -379")
L 04/17/2026 - 18:30:29: Team "TERRORIST" triggered "Terrorists_Win" (CT "4") (T "10")
L 04/17/2026 - 18:30:29: World triggered "Round_End"
L 04/17/2026 - 18:30:29: "SPORK<128><STEAM_0:0:32599427><CT>" triggered "weaponstats" (weapon "m4a1") (shots "9") (hits "0") (kills "0") (headshots "0") (tks "0") (damage "0") (deaths "1")
L 04/17/2026 - 18:30:29: "SPORK<128><STEAM_0:0:32599427><CT>" triggered "weaponstats2" (weapon "m4a1") (head "0") (chest "0") (stomach "0") (leftarm "0") (rightarm "0") (leftleg "0") (rightleg "0")
L 04/17/2026 - 18:30:34: "GG.HeraTuBa<127><STEAM_0:0:100993243><TERRORIST>" triggered "Spawned_With_The_Bomb"
L 04/17/2026 - 18:30:49: World triggered "Round_Start"
L 04/17/2026 - 18:31:04: "GG.HeraTuBa<127><STEAM_0:0:100993243><TERRORIST>" killed "SPORK<128><STEAM_0:0:32599427><CT>" with "ak47" (attacker_position "613 -1219 -379") (victim_position "915 -346 -77")
L 04/17/2026 - 18:31:04: "SPORK<128><STEAM_0:0:32599427><CT>" triggered "weaponstats" (weapon "deagle") (shots "3") (hits "0") (kills "0") (headshots "0") (tks "0") (damage "0") (deaths "1")
L 04/17/2026 - 18:31:04: "SPORK<128><STEAM_0:0:32599427><CT>" triggered "weaponstats2" (weapon "deagle") (head "0") (chest "0") (stomach "0") (leftarm "0") (rightarm "0") (leftleg "0") (rightleg "0")
L 04/17/2026 - 18:31:06: "4f<131><STEAM_0:0:19989970><CT>" killed "GG.HeraTuBa<127><STEAM_0:0:100993243><TERRORIST>" with "famas" (attacker_position "721 -1632 -397") (victim_position "497 -1131 -397")
L 04/17/2026 - 18:31:06: "GG.HeraTuBa<127><STEAM_0:0:100993243><TERRORIST>" triggered "Dropped_The_Bomb"
L 04/17/2026 - 18:31:06: "GG.HeraTuBa<127><STEAM_0:0:100993243><TERRORIST>" triggered "weaponstats" (weapon "grenade") (shots "2") (hits "1") (kills "0") (headshots "0") (tks "0") (damage "40") (deaths "0")
L 04/17/2026 - 18:31:06: "GG.HeraTuBa<127><STEAM_0:0:100993243><TERRORIST>" triggered "weaponstats2" (weapon "grenade") (head "0") (chest "0") (stomach "0") (leftarm "0") (rightarm "0") (leftleg "0") (rightleg "0")
L 04/17/2026 - 18:31:06: "GG.HeraTuBa<127><STEAM_0:0:100993243><TERRORIST>" triggered "weaponstats" (weapon "ak47") (shots "154") (hits "26") (kills "6") (headshots "1") (tks "0") (damage "659") (deaths "1")
L 04/17/2026 - 18:31:06: "GG.HeraTuBa<127><STEAM_0:0:100993243><TERRORIST>" triggered "weaponstats2" (weapon "ak47") (head "2") (chest "2") (stomach "3") (leftarm "9") (rightarm "1") (leftleg "3") (rightleg "6")
L 04/17/2026 - 18:31:31: "GG.AndraiL<134><STEAM_0:1:75695923><TERRORIST>" triggered "Got_The_Bomb"
L 04/17/2026 - 18:31:43: "GG.AndraiL<134><STEAM_0:1:75695923><TERRORIST>" triggered "Planted_The_Bomb"
L 04/17/2026 - 18:31:54: "GG.AndraiL<134><STEAM_0:1:75695923><TERRORIST>" killed "4f<131><STEAM_0:0:19989970><CT>" with "ak47" (headshot) (attacker_position "938 -462 -397") (victim_position "483 -646 -397")
L 04/17/2026 - 18:31:54: Team "TERRORIST" triggered "Terrorists_Win" (CT "4") (T "11")
L 04/17/2026 - 18:31:54: World triggered "Round_End"
L 04/17/2026 - 18:31:54: "4f<131><STEAM_0:0:19989970><CT>" triggered "weaponstats" (weapon "famas") (shots "26") (hits "11") (kills "1") (headshots "0") (tks "0") (damage "180") (deaths "1")
L 04/17/2026 - 18:31:54: "4f<131><STEAM_0:0:19989970><CT>" triggered "weaponstats2" (weapon "famas") (head "0") (chest "1") (stomach "3") (leftarm "4") (rightarm "0") (leftleg "1") (rightleg "2")
L 04/17/2026 - 18:31:54: "4f<131><STEAM_0:0:19989970><CT>" triggered "weaponstats" (weapon "knife") (shots "1") (hits "0") (kills "0") (headshots "0") (tks "0") (damage "0") (deaths "0")
L 04/17/2026 - 18:31:54: "4f<131><STEAM_0:0:19989970><CT>" triggered "weaponstats2" (weapon "knife") (head "0") (chest "0") (stomach "0") (leftarm "0") (rightarm "0") (leftleg "0") (rightleg "0")
L 04/17/2026 - 18:31:59: "GG.AndraiL<134><STEAM_0:1:75695923><TERRORIST>" triggered "Spawned_With_The_Bomb"
L 04/17/2026 - 18:32:00: Log file closed
