L 04/17/2026 - 17:21:49: Log file started (file "logs/L0417053.log") (game "cstrike") (version "48/1.1.2.7/Stdio/4328")
L 04/17/2026 - 17:21:49: Server cvar "mp_buytime" = ".25"
L 04/17/2026 - 17:21:49: Server cvar "mp_forcecamera" = "2"
L 04/17/2026 - 17:21:49: Server cvar "mp_forcechasecam" = "2"
L 04/17/2026 - 17:21:49: Server cvar "mp_freezetime" = "15"
L 04/17/2026 - 17:21:49: Server cvar "mp_friendlyfire" = "1"
L 04/17/2026 - 17:21:49: Server cvar "mp_playerid" = "1"
L 04/17/2026 - 17:21:49: Server cvar "mp_startmoney" = "800"
L 04/17/2026 - 17:21:49: Server cvar "mp_forcerespawn" = "0"
L 04/17/2026 - 17:21:49: Server cvar "mp_give_player_c4" = "1"
L 04/17/2026 - 17:21:49: Server cvar "mp_infinite_ammo" = "0"
L 04/17/2026 - 17:21:49: Server cvar "mp_item_staytime" = "300"
L 04/17/2026 - 17:21:49: Server cvar "mp_round_infinite" = "0"
L 04/17/2026 - 17:21:49: Server cvar "mp_respawn_immunitytime" = "0"
L 04/17/2026 - 17:21:49: Server cvar "mp_respawn_immunity_force_unset" = "0"
L 04/17/2026 - 17:21:49: Server cvar "mp_show_scenarioicon" = "1"
L 04/17/2026 - 17:21:49: Server cvar "mp_weapons_allow_map_placed" = "1"
L 04/17/2026 - 17:21:49: Server cvar "sv_alltalk" = "3"
L 04/17/2026 - 17:21:50: World triggered "Restart_Round_(1_second)"
L 04/17/2026 - 17:21:50: Team "CT" scored "0" with "2" players
L 04/17/2026 - 17:21:50: Team "TERRORIST" scored "0" with "2" players
L 04/17/2026 - 17:21:50: Server cvar "sv_restart" = "0"
L 04/17/2026 - 17:21:51: "Casper | Punk Not Dead<124><STEAM_0:1:30207066><TERRORIST>" triggered "Spawned_With_The_Bomb"
L 04/17/2026 - 17:21:52: Server cvar "sv_restart" = "1"
L 04/17/2026 - 17:21:53: World triggered "Restart_Round_(1_second)"
L 04/17/2026 - 17:21:53: Team "CT" scored "0" with "2" players
L 04/17/2026 - 17:21:53: Team "TERRORIST" scored "0" with "2" players
L 04/17/2026 - 17:21:53: Server cvar "sv_restart" = "0"
L 04/17/2026 - 17:21:54: "GIRO<126><STEAM_0:1:43536689><TERRORIST>" triggered "Spawned_With_The_Bomb"
L 04/17/2026 - 17:21:55: Server cvar "sv_restart" = "1"
L 04/17/2026 - 17:21:56: World triggered "Restart_Round_(1_second)"
L 04/17/2026 - 17:21:56: Team "CT" scored "0" with "2" players
L 04/17/2026 - 17:21:56: Team "TERRORIST" scored "0" with "2" players
L 04/17/2026 - 17:21:56: Server cvar "sv_restart" = "0"
L 04/17/2026 - 17:21:57: "Casper | Punk Not Dead<124><STEAM_0:1:30207066><TERRORIST>" triggered "Spawned_With_The_Bomb"
L 04/17/2026 - 17:21:58: Server cvar "sv_restart" = "1"
L 04/17/2026 - 17:21:59: World triggered "Restart_Round_(1_second)"
L 04/17/2026 - 17:21:59: Team "CT" scored "0" with "2" players
L 04/17/2026 - 17:21:59: Team "TERRORIST" scored "0" with "2" players
L 04/17/2026 - 17:21:59: Server cvar "sv_restart" = "0"
L 04/17/2026 - 17:22:00: "GIRO<126><STEAM_0:1:43536689><TERRORIST>" triggered "Spawned_With_The_Bomb"
L 04/17/2026 - 17:22:15: World triggered "Round_Start"
L 04/17/2026 - 17:22:47: Rcon: "rcon 2122926088 "pikabu" stats" from "172.18.0.1:52514"
L 04/17/2026 - 17:23:08: "gatl<123><STEAM_0:0:204938646><CT>" killed "Casper | Punk Not Dead<124><STEAM_0:1:30207066><TERRORIST>" with "usp" (headshot) (attacker_position "1320 439 196") (victim_position "1270 438 191")
L 04/17/2026 - 17:23:57: "GIRO<126><STEAM_0:1:43536689><TERRORIST>" killed "photonly<122><STEAM_0:0:519683270><CT>" with "glock18" (attacker_position "1530 1004 196") (victim_position "1452 498 196")
L 04/17/2026 - 17:23:57: Rcon: "rcon 2122926088 "pikabu" status" from "172.18.0.1:47031"
L 04/17/2026 - 17:23:57: Rcon: "rcon 2122926088 "pikabu" sv_visiblemaxplayers" from "172.18.0.1:48086"
L 04/17/2026 - 17:23:57: "photonly<122><STEAM_0:0:519683270><CT>" triggered "weaponstats" (weapon "usp") (shots "12") (hits "1") (kills "0") (headshots "0") (tks "0") (damage "25") (deaths "1")
L 04/17/2026 - 17:23:57: "photonly<122><STEAM_0:0:519683270><CT>" triggered "weaponstats2" (weapon "usp") (head "0") (chest "0") (stomach "0") (leftarm "0") (rightarm "1") (leftleg "0") (rightleg "0")
L 04/17/2026 - 17:24:00: Team "CT" triggered "Target_Saved" (CT "1") (T "0")
L 04/17/2026 - 17:24:00: World triggered "Round_End"
L 04/17/2026 - 17:24:05: "Casper | Punk Not Dead<124><STEAM_0:1:30207066><TERRORIST>" triggered "Spawned_With_The_Bomb"
L 04/17/2026 - 17:24:20: World triggered "Round_Start"
L 04/17/2026 - 17:24:44: "gatl<123><STEAM_0:0:204938646><CT>" killed "Casper | Punk Not Dead<124><STEAM_0:1:30207066><TERRORIST>" with "famas" (attacker_position "1024 579 144") (victim_position "807 473 132")
L 04/17/2026 - 17:24:44: "Casper | Punk Not Dead<124><STEAM_0:1:30207066><TERRORIST>" triggered "Dropped_The_Bomb"
L 04/17/2026 - 17:24:44: "Casper | Punk Not Dead<124><STEAM_0:1:30207066><TERRORIST>" triggered "weaponstats" (weapon "glock18") (shots "8") (hits "4") (kills "0") (headshots "0") (tks "0") (damage "44") (deaths "1")
L 04/17/2026 - 17:24:44: "Casper | Punk Not Dead<124><STEAM_0:1:30207066><TERRORIST>" triggered "weaponstats2" (weapon "glock18") (head "0") (chest "0") (stomach "0") (leftarm "3") (rightarm "1") (leftleg "0") (rightleg "0")
L 04/17/2026 - 17:24:55: "HeraTuBa<117><STEAM_0:0:100993243><SPECTATOR>" disconnected
L 04/17/2026 - 17:25:03: "GIRO<126><STEAM_0:1:43536689><TERRORIST>" triggered "Got_The_Bomb"
L 04/17/2026 - 17:25:37: "gatl<123><STEAM_0:0:204938646><CT>" killed "GIRO<126><STEAM_0:1:43536689><TERRORIST>" with "famas" (attacker_position "1933 -180 308") (victim_position "2100 484 196")
L 04/17/2026 - 17:25:37: Team "CT" triggered "CTs_Win" (CT "2") (T "0")
L 04/17/2026 - 17:25:37: World triggered "Round_End"
L 04/17/2026 - 17:25:37: "GIRO<126><STEAM_0:1:43536689><TERRORIST>" triggered "weaponstats" (weapon "usp") (shots "23") (hits "6") (kills "0") (headshots "0") (tks "0") (damage "75") (deaths "0")
L 04/17/2026 - 17:25:37: "GIRO<126><STEAM_0:1:43536689><TERRORIST>" triggered "weaponstats2" (weapon "usp") (head "0") (chest "2") (stomach "1") (leftarm "3") (rightarm "0") (leftleg "0") (rightleg "0")
L 04/17/2026 - 17:25:37: "GIRO<126><STEAM_0:1:43536689><TERRORIST>" triggered "weaponstats" (weapon "glock18") (shots "12") (hits "3") (kills "1") (headshots "0") (tks "0") (damage "108") (deaths "1")
L 04/17/2026 - 17:25:37: "GIRO<126><STEAM_0:1:43536689><TERRORIST>" triggered "weaponstats2" (weapon "glock18") (head "1") (chest "0") (stomach "0") (leftarm "2") (rightarm "0") (leftleg "0") (rightleg "0")
L 04/17/2026 - 17:25:37: "GIRO<126><STEAM_0:1:43536689><TERRORIST>" triggered "weaponstats" (weapon "knife") (shots "2") (hits "0") (kills "0") (headshots "0") (tks "0") (damage "0") (deaths "0")
L 04/17/2026 - 17:25:37: "GIRO<126><STEAM_0:1:43536689><TERRORIST>" triggered "weaponstats2" (weapon "knife") (head "0") (chest "0") (stomach "0") (leftarm "0") (rightarm "0") (leftleg "0") (rightleg "0")
L 04/17/2026 - 17:25:42: "GIRO<126><STEAM_0:1:43536689><TERRORIST>" triggered "Spawned_With_The_Bomb"
L 04/17/2026 - 17:25:57: World triggered "Round_Start"
L 04/17/2026 - 17:26:01: Rcon: "rcon 2122926088 "pikabu" status" from "172.18.0.1:44763"
L 04/17/2026 - 17:26:01: Rcon: "rcon 2122926088 "pikabu" sv_visiblemaxplayers" from "172.18.0.1:56347"
L 04/17/2026 - 17:26:23: "HeraTuBa<127><STEAM_0:0:100993243><>" connected, address "79.164.146.91:27005"
L 04/17/2026 - 17:26:24: "HeraTuBa<127><STEAM_0:0:100993243><>" STEAM USERID validated
L 04/17/2026 - 17:26:25: "gatl<123><STEAM_0:0:204938646><CT>" killed "GIRO<126><STEAM_0:1:43536689><TERRORIST>" with "famas" (attacker_position "1190 -655 212") (victim_position "1150 -653 212")
L 04/17/2026 - 17:26:25: "GIRO<126><STEAM_0:1:43536689><TERRORIST>" triggered "Dropped_The_Bomb"
L 04/17/2026 - 17:26:25: "GIRO<126><STEAM_0:1:43536689><TERRORIST>" triggered "weaponstats" (weapon "mp5navy") (shots "30") (hits "2") (kills "0") (headshots "0") (tks "0") (damage "24") (deaths "1")
L 04/17/2026 - 17:26:25: "GIRO<126><STEAM_0:1:43536689><TERRORIST>" triggered "weaponstats2" (weapon "mp5navy") (head "0") (chest "0") (stomach "0") (leftarm "1") (rightarm "1") (leftleg "0") (rightleg "0")
L 04/17/2026 - 17:26:25: "GIRO<126><STEAM_0:1:43536689><TERRORIST>" triggered "weaponstats" (weapon "knife") (shots "1") (hits "0") (kills "0") (headshots "0") (tks "0") (damage "0") (deaths "0")
L 04/17/2026 - 17:26:25: "GIRO<126><STEAM_0:1:43536689><TERRORIST>" triggered "weaponstats2" (weapon "knife") (head "0") (chest "0") (stomach "0") (leftarm "0") (rightarm "0") (leftleg "0") (rightleg "0")
L 04/17/2026 - 17:26:26: "HeraTuBa<127><STEAM_0:0:100993243><>" entered the game
L 04/17/2026 - 17:26:26: Rcon: "rcon 2122926088 "pikabu" hlx_amx_bulkpsay "122,123,124,126,,,," 1 "HeraTuBa (Pos 12 with 1024 points) has connected from Russia"" from "172.18.0.1:33481"
L 04/17/2026 - 17:26:28: "HeraTuBa<127><STEAM_0:0:100993243><>" joined team "SPECTATOR"
L 04/17/2026 - 17:26:30: "Casper | Punk Not Dead<124><STEAM_0:1:30207066><TERRORIST>" killed "photonly<122><STEAM_0:0:519683270><CT>" with "ak47" (attacker_position "961 482 132") (victim_position "1330 462 196")
L 04/17/2026 - 17:26:30: "photonly<122><STEAM_0:0:519683270><CT>" triggered "weaponstats" (weapon "famas") (shots "14") (hits "1") (kills "0") (headshots "0") (tks "0") (damage "28") (deaths "1")
L 04/17/2026 - 17:26:30: "photonly<122><STEAM_0:0:519683270><CT>" triggered "weaponstats2" (weapon "famas") (head "0") (chest "0") (stomach "0") (leftarm "0") (rightarm "1") (leftleg "0") (rightleg "0")
L 04/17/2026 - 17:26:40: "Casper | Punk Not Dead<124><STEAM_0:1:30207066><TERRORIST>" killed "gatl<123><STEAM_0:0:204938646><CT>" with "ak47" (attacker_position "841 322 132") (victim_position "961 -124 294")
L 04/17/2026 - 17:26:40: Team "TERRORIST" triggered "Terrorists_Win" (CT "2") (T "1")
L 04/17/2026 - 17:26:40: World triggered "Round_End"
L 04/17/2026 - 17:26:40: "gatl<123><STEAM_0:0:204938646><CT>" triggered "weaponstats" (weapon "grenade") (shots "1") (hits "0") (kills "0") (headshots "0") (tks "0") (damage "0") (deaths "0")
L 04/17/2026 - 17:26:40: "gatl<123><STEAM_0:0:204938646><CT>" triggered "weaponstats2" (weapon "grenade") (head "0") (chest "0") (stomach "0") (leftarm "0") (rightarm "0") (leftleg "0") (rightleg "0")
L 04/17/2026 - 17:26:40: "gatl<123><STEAM_0:0:204938646><CT>" triggered "weaponstats" (weapon "famas") (shots "40") (hits "10") (kills "3") (headshots "0") (tks "0") (damage "341") (deaths "1")
L 04/17/2026 - 17:26:40: "gatl<123><STEAM_0:0:204938646><CT>" triggered "weaponstats2" (weapon "famas") (head "1") (chest "2") (stomach "1") (leftarm "4") (rightarm "1") (leftleg "0") (rightleg "1")
L 04/17/2026 - 17:26:40: "gatl<123><STEAM_0:0:204938646><CT>" triggered "weaponstats" (weapon "usp") (shots "6") (hits "1") (kills "1") (headshots "1") (tks "0") (damage "132") (deaths "0")
L 04/17/2026 - 17:26:40: "gatl<123><STEAM_0:0:204938646><CT>" triggered "weaponstats2" (weapon "usp") (head "1") (chest "0") (stomach "0") (leftarm "0") (rightarm "0") (leftleg "0") (rightleg "0")
L 04/17/2026 - 17:26:40: "gatl<123><STEAM_0:0:204938646><CT>" triggered "weaponstats" (weapon "ak47") (shots "14") (hits "7") (kills "2") (headshots "1") (tks "0") (damage "274") (deaths "0")
L 04/17/2026 - 17:26:40: "gatl<123><STEAM_0:0:204938646><CT>" triggered "weaponstats2" (weapon "ak47") (head "1") (chest "0") (stomach "1") (leftarm "3") (rightarm "1") (leftleg "0") (rightleg "1")
L 04/17/2026 - 17:26:45: "Casper | Punk Not Dead<124><STEAM_0:1:30207066><TERRORIST>" triggered "Spawned_With_The_Bomb"
L 04/17/2026 - 17:27:00: World triggered "Round_Start"
L 04/17/2026 - 17:27:48: Rcon: "rcon 2122926088 "pikabu" stats" from "172.18.0.1:60708"
L 04/17/2026 - 17:28:24: "GIRO<126><STEAM_0:1:43536689><TERRORIST>" killed "photonly<122><STEAM_0:0:519683270><CT>" with "ak47" (headshot) (attacker_position "1953 -75 324") (victim_position "1891 -55 196")
L 04/17/2026 - 17:28:24: Rcon: "rcon 2122926088 "pikabu" status" from "172.18.0.1:33026"
L 04/17/2026 - 17:28:24: Rcon: "rcon 2122926088 "pikabu" sv_visiblemaxplayers" from "172.18.0.1:57023"
L 04/17/2026 - 17:28:24: "photonly<122><STEAM_0:0:519683270><CT>" triggered "weaponstats" (weapon "famas") (shots "1") (hits "0") (kills "0") (headshots "0") (tks "0") (damage "0") (deaths "1")
L 04/17/2026 - 17:28:24: "photonly<122><STEAM_0:0:519683270><CT>" triggered "weaponstats2" (weapon "famas") (head "0") (chest "0") (stomach "0") (leftarm "0") (rightarm "0") (leftleg "0") (rightleg "0")
L 04/17/2026 - 17:28:33: "GIRO<126><STEAM_0:1:43536689><TERRORIST>" killed "gatl<123><STEAM_0:0:204938646><CT>" with "ak47" (attacker_position "2056 52 196") (victim_position "1858 349 196")
L 04/17/2026 - 17:28:33: Team "TERRORIST" triggered "Terrorists_Win" (CT "2") (T "2")
L 04/17/2026 - 17:28:33: World triggered "Round_End"
L 04/17/2026 - 17:28:33: "gatl<123><STEAM_0:0:204938646><CT>" triggered "weaponstats" (weapon "grenade") (shots "1") (hits "1") (kills "0") (headshots "0") (tks "0") (damage "29") (deaths "0")
L 04/17/2026 - 17:28:33: "gatl<123><STEAM_0:0:204938646><CT>" triggered "weaponstats2" (weapon "grenade") (head "0") (chest "0") (stomach "0") (leftarm "0") (rightarm "0") (leftleg "0") (rightleg "0")
L 04/17/2026 - 17:28:33: "gatl<123><STEAM_0:0:204938646><CT>" triggered "weaponstats" (weapon "famas") (shots "4") (hits "1") (kills "0") (headshots "0") (tks "0") (damage "19") (deaths "1")
L 04/17/2026 - 17:28:33: "gatl<123><STEAM_0:0:204938646><CT>" triggered "weaponstats2" (weapon "famas") (head "0") (chest "0") (stomach "0") (leftarm "1") (rightarm "0") (leftleg "0") (rightleg "0")
L 04/17/2026 - 17:28:38: "GIRO<126><STEAM_0:1:43536689><TERRORIST>" triggered "Spawned_With_The_Bomb"
L 04/17/2026 - 17:28:53: World triggered "Round_Start"
L 04/17/2026 - 17:29:10: "Casper | Punk Not Dead<124><STEAM_0:1:30207066><TERRORIST>" killed "gatl<123><STEAM_0:0:204938646><CT>" with "ak47" (attacker_position "-78 844 110") (victim_position "618 571 132")
L 04/17/2026 - 17:29:12: "photonly<122><STEAM_0:0:519683270><CT>" killed "Casper | Punk Not Dead<124><STEAM_0:1:30207066><TERRORIST>" with "deagle" (headshot) (attacker_position "419 567 132") (victim_position "2 794 132")
L 04/17/2026 - 17:29:12: "Casper | Punk Not Dead<124><STEAM_0:1:30207066><TERRORIST>" triggered "weaponstats" (weapon "glock18") (shots "2") (hits "0") (kills "0") (headshots "0") (tks "0") (damage "0") (deaths "0")
L 04/17/2026 - 17:29:12: "Casper | Punk Not Dead<124><STEAM_0:1:30207066><TERRORIST>" triggered "weaponstats2" (weapon "glock18") (head "0") (chest "0") (stomach "0") (leftarm "0") (rightarm "0") (leftleg "0") (rightleg "0")
L 04/17/2026 - 17:29:12: "Casper | Punk Not Dead<124><STEAM_0:1:30207066><TERRORIST>" triggered "weaponstats" (weapon "ak47") (shots "32") (hits "12") (kills "3") (headshots "0") (tks "0") (damage "358") (deaths "1")
L 04/17/2026 - 17:29:12: "Casper | Punk Not Dead<124><STEAM_0:1:30207066><TERRORIST>" triggered "weaponstats2" (weapon "ak47") (head "0") (chest "2") (stomach "4") (leftarm "3") (rightarm "0") (leftleg "3") (rightleg "0")
L 04/17/2026 - 17:29:27: "GIRO<126><STEAM_0:1:43536689><TERRORIST>" triggered "Planted_The_Bomb"
L 04/17/2026 - 17:30:02: Team "TERRORIST" triggered "Target_Bombed" (CT "2") (T "3")
L 04/17/2026 - 17:30:02: World triggered "Round_End"
L 04/17/2026 - 17:30:07: "Casper | Punk Not Dead<124><STEAM_0:1:30207066><TERRORIST>" triggered "Spawned_With_The_Bomb"
L 04/17/2026 - 17:30:22: World triggered "Round_Start"
L 04/17/2026 - 17:32:00: "Casper | Punk Not Dead<124><STEAM_0:1:30207066><TERRORIST>" killed "photonly<122><STEAM_0:0:519683270><CT>" with "ak47" (attacker_position "2338 493 178") (victim_position "1808 484 196")
L 04/17/2026 - 17:32:00: Rcon: "rcon 2122926088 "pikabu" status" from "172.18.0.1:52045"
L 04/17/2026 - 17:32:00: Rcon: "rcon 2122926088 "pikabu" sv_visiblemaxplayers" from "172.18.0.1:35180"
L 04/17/2026 - 17:32:00: "photonly<122><STEAM_0:0:519683270><CT>" triggered "weaponstats" (weapon "famas") (shots "26") (hits "2") (kills "0") (headshots "0") (tks "0") (damage "20") (deaths "0")
L 04/17/2026 - 17:32:00: "photonly<122><STEAM_0:0:519683270><CT>" triggered "weaponstats2" (weapon "famas") (head "0") (chest "0") (stomach "1") (leftarm "0") (rightarm "1") (leftleg "0") (rightleg "0")
L 04/17/2026 - 17:32:00: "photonly<122><STEAM_0:0:519683270><CT>" triggered "weaponstats" (weapon "deagle") (shots "4") (hits "2") (kills "1") (headshots "1") (tks "0") (damage "164") (deaths "1")
L 04/17/2026 - 17:32:00: "photonly<122><STEAM_0:0:519683270><CT>" triggered "weaponstats2" (weapon "deagle") (head "1") (chest "0") (stomach "0") (leftarm "1") (rightarm "0") (leftleg "0") (rightleg "0")
L 04/17/2026 - 17:32:04: "Casper | Punk Not Dead<124><STEAM_0:1:30207066><TERRORIST>" killed "gatl<123><STEAM_0:0:204938646><CT>" with "ak47" (attacker_position "2198 70 178") (victim_position "1808 220 196")
L 04/17/2026 - 17:32:04: Team "TERRORIST" triggered "Terrorists_Win" (CT "2") (T "4")
L 04/17/2026 - 17:32:04: World triggered "Round_End"
L 04/17/2026 - 17:32:04: "gatl<123><STEAM_0:0:204938646><CT>" triggered "weaponstats" (weapon "grenade") (shots "1") (hits "1") (kills "0") (headshots "0") (tks "0") (damage "12") (deaths "0")
L 04/17/2026 - 17:32:04: "gatl<123><STEAM_0:0:204938646><CT>" triggered "weaponstats2" (weapon "grenade") (head "0") (chest "0") (stomach "0") (leftarm "0") (rightarm "0") (leftleg "0") (rightleg "0")
L 04/17/2026 - 17:32:04: "gatl<123><STEAM_0:0:204938646><CT>" triggered "weaponstats" (weapon "usp") (shots "2") (hits "0") (kills "0") (headshots "0") (tks "0") (damage "0") (deaths "0")
L 04/17/2026 - 17:32:04: "gatl<123><STEAM_0:0:204938646><CT>" triggered "weaponstats2" (weapon "usp") (head "0") (chest "0") (stomach "0") (leftarm "0") (rightarm "0") (leftleg "0") (rightleg "0")
L 04/17/2026 - 17:32:04: "gatl<123><STEAM_0:0:204938646><CT>" triggered "weaponstats" (weapon "ak47") (shots "2") (hits "0") (kills "0") (headshots "0") (tks "0") (damage "0") (deaths "1")
L 04/17/2026 - 17:32:04: "gatl<123><STEAM_0:0:204938646><CT>" triggered "weaponstats2" (weapon "ak47") (head "0") (chest "0") (stomach "0") (leftarm "0") (rightarm "0") (leftleg "0") (rightleg "0")
L 04/17/2026 - 17:32:09: "GIRO<126><STEAM_0:1:43536689><TERRORIST>" triggered "Spawned_With_The_Bomb"
L 04/17/2026 - 17:32:24: World triggered "Round_Start"
L 04/17/2026 - 17:32:48: Rcon: "rcon 2122926088 "pikabu" stats" from "172.18.0.1:39017"
L 04/17/2026 - 17:33:07: "GIRO<126><STEAM_0:1:43536689><TERRORIST>" killed "photonly<122><STEAM_0:0:519683270><CT>" with "ak47" (headshot) (attacker_position "1106 439 159") (victim_position "1608 1042 196")
L 04/17/2026 - 17:33:19: "GIRO<126><STEAM_0:1:43536689><TERRORIST>" killed "gatl<123><STEAM_0:0:204938646><CT>" with "ak47" (headshot) (attacker_position "1418 177 196") (victim_position "1860 125 196")
L 04/17/2026 - 17:33:19: Team "TERRORIST" triggered "Terrorists_Win" (CT "2") (T "5")
L 04/17/2026 - 17:33:19: World triggered "Round_End"
L 04/17/2026 - 17:33:19: "gatl<123><STEAM_0:0:204938646><CT>" triggered "weaponstats" (weapon "famas") (shots "3") (hits "0") (kills "0") (headshots "0") (tks "0") (damage "0") (deaths "1")
L 04/17/2026 - 17:33:19: "gatl<123><STEAM_0:0:204938646><CT>" triggered "weaponstats2" (weapon "famas") (head "0") (chest "0") (stomach "0") (leftarm "0") (rightarm "0") (leftleg "0") (rightleg "0")
L 04/17/2026 - 17:33:24: "Casper | Punk Not Dead<124><STEAM_0:1:30207066><TERRORIST>" triggered "Spawned_With_The_Bomb"
L 04/17/2026 - 17:33:39: World triggered "Round_Start"
L 04/17/2026 - 17:33:52: "gatl<123><STEAM_0:0:204938646><CT>" killed "Casper | Punk Not Dead<124><STEAM_0:1:30207066><TERRORIST>" with "deagle" (headshot) (attacker_position "163 544 132") (victim_position "-76 911 111")
L 04/17/2026 - 17:33:52: "Casper | Punk Not Dead<124><STEAM_0:1:30207066><TERRORIST>" triggered "Dropped_The_Bomb"
L 04/17/2026 - 17:33:52: "Casper | Punk Not Dead<124><STEAM_0:1:30207066><TERRORIST>" triggered "weaponstats" (weapon "ak47") (shots "43") (hits "11") (kills "2") (headshots "0") (tks "0") (damage "177") (deaths "1")
L 04/17/2026 - 17:33:52: "Casper | Punk Not Dead<124><STEAM_0:1:30207066><TERRORIST>" triggered "weaponstats2" (weapon "ak47") (head "0") (chest "3") (stomach "0") (leftarm "4") (rightarm "3") (leftleg "1") (rightleg "0")
L 04/17/2026 - 17:34:04: Rcon: "rcon 2122926088 "pikabu" status" from "172.18.0.1:39608"
L 04/17/2026 - 17:34:04: Rcon: "rcon 2122926088 "pikabu" sv_visiblemaxplayers" from "172.18.0.1:56843"
L 04/17/2026 - 17:34:07: "GIRO<126><STEAM_0:1:43536689><TERRORIST>" killed "gatl<123><STEAM_0:0:204938646><CT>" with "ak47" (attacker_position "265 632 63") (victim_position "111 707 132")
L 04/17/2026 - 17:34:07: "gatl<123><STEAM_0:0:204938646><CT>" triggered "weaponstats" (weapon "grenade") (shots "1") (hits "1") (kills "0") (headshots "0") (tks "0") (damage "13") (deaths "0")
L 04/17/2026 - 17:34:07: "gatl<123><STEAM_0:0:204938646><CT>" triggered "weaponstats2" (weapon "grenade") (head "0") (chest "0") (stomach "0") (leftarm "0") (rightarm "0") (leftleg "0") (rightleg "0")
L 04/17/2026 - 17:34:07: "gatl<123><STEAM_0:0:204938646><CT>" triggered "weaponstats" (weapon "deagle") (shots "1") (hits "1") (kills "1") (headshots "1") (tks "0") (damage "135") (deaths "1")
L 04/17/2026 - 17:34:07: "gatl<123><STEAM_0:0:204938646><CT>" triggered "weaponstats2" (weapon "deagle") (head "1") (chest "0") (stomach "0") (leftarm "0") (rightarm "0") (leftleg "0") (rightleg "0")
L 04/17/2026 - 17:34:13: "GIRO<126><STEAM_0:1:43536689><TERRORIST>" killed "photonly<122><STEAM_0:0:519683270><CT>" with "ak47" (headshot) (attacker_position "191 -45 95") (victim_position "647 -114 128")
L 04/17/2026 - 17:34:13: Team "TERRORIST" triggered "Terrorists_Win" (CT "2") (T "6")
L 04/17/2026 - 17:34:13: World triggered "Round_End"
L 04/17/2026 - 17:34:18: "GIRO<126><STEAM_0:1:43536689><TERRORIST>" triggered "Spawned_With_The_Bomb"
L 04/17/2026 - 17:34:33: World triggered "Round_Start"
L 04/17/2026 - 17:35:04: "Casper | Punk Not Dead<124><STEAM_0:1:30207066><TERRORIST>" killed "gatl<123><STEAM_0:0:204938646><CT>" with "ak47" (attacker_position "1004 604 140") (victim_position "1397 432 178")
L 04/17/2026 - 17:35:04: "gatl<123><STEAM_0:0:204938646><CT>" triggered "weaponstats" (weapon "m4a1") (shots "29") (hits "1") (kills "0") (headshots "0") (tks "0") (damage "21") (deaths "1")
L 04/17/2026 - 17:35:04: "gatl<123><STEAM_0:0:204938646><CT>" triggered "weaponstats2" (weapon "m4a1") (head "0") (chest "0") (stomach "0") (leftarm "1") (rightarm "0") (leftleg "0") (rightleg "0")
L 04/17/2026 - 17:35:37: "Casper | Punk Not Dead<124><STEAM_0:1:30207066><TERRORIST>" killed "photonly<122><STEAM_0:0:519683270><CT>" with "ak47" (attacker_position "1312 1231 178") (victim_position "1906 1227 196")
L 04/17/2026 - 17:35:37: Team "TERRORIST" triggered "Terrorists_Win" (CT "2") (T "7")
L 04/17/2026 - 17:35:37: World triggered "Round_End"
L 04/17/2026 - 17:35:37: "photonly<122><STEAM_0:0:519683270><CT>" triggered "weaponstats" (weapon "m4a1") (shots "30") (hits "4") (kills "0") (headshots "0") (tks "0") (damage "52") (deaths "1")
L 04/17/2026 - 17:35:37: "photonly<122><STEAM_0:0:519683270><CT>" triggered "weaponstats2" (weapon "m4a1") (head "0") (chest "1") (stomach "1") (leftarm "1") (rightarm "0") (leftleg "1") (rightleg "0")
L 04/17/2026 - 17:35:38: "GIRO<126><STEAM_0:1:43536689><TERRORIST>" triggered "Planted_The_Bomb"
L 04/17/2026 - 17:35:42: "Casper | Punk Not Dead<124><STEAM_0:1:30207066><TERRORIST>" triggered "Spawned_With_The_Bomb"
L 04/17/2026 - 17:35:57: World triggered "Round_Start"
L 04/17/2026 - 17:36:22: "gatl<123><STEAM_0:0:204938646><CT>" killed "Casper | Punk Not Dead<124><STEAM_0:1:30207066><TERRORIST>" with "deagle" (attacker_position "1385 399 196") (victim_position "-294 866 68")
L 04/17/2026 - 17:36:22: "Casper | Punk Not Dead<124><STEAM_0:1:30207066><TERRORIST>" triggered "Dropped_The_Bomb"
L 04/17/2026 - 17:36:22: "Casper | Punk Not Dead<124><STEAM_0:1:30207066><TERRORIST>" triggered "weaponstats" (weapon "grenade") (shots "1") (hits "1") (kills "0") (headshots "0") (tks "0") (damage "1") (deaths "0")
L 04/17/2026 - 17:36:22: "Casper | Punk Not Dead<124><STEAM_0:1:30207066><TERRORIST>" triggered "weaponstats2" (weapon "grenade") (head "0") (chest "0") (stomach "0") (leftarm "0") (rightarm "0") (leftleg "0") (rightleg "0")
L 04/17/2026 - 17:36:22: "Casper | Punk Not Dead<124><STEAM_0:1:30207066><TERRORIST>" triggered "weaponstats" (weapon "ak47") (shots "42") (hits "13") (kills "2") (headshots "0") (tks "0") (damage "292") (deaths "1")
L 04/17/2026 - 17:36:22: "Casper | Punk Not Dead<124><STEAM_0:1:30207066><TERRORIST>" triggered "weaponstats2" (weapon "ak47") (head "0") (chest "2") (stomach "1") (leftarm "6") (rightarm "0") (leftleg "2") (rightleg "2")
L 04/17/2026 - 17:36:22: Rcon: "rcon 2122926088 "pikabu" status" from "172.18.0.1:53515"
L 04/17/2026 - 17:36:22: Rcon: "rcon 2122926088 "pikabu" sv_visiblemaxplayers" from "172.18.0.1:57974"
L 04/17/2026 - 17:36:48: "GIRO<126><STEAM_0:1:43536689><TERRORIST>" triggered "Got_The_Bomb"
L 04/17/2026 - 17:37:17: "GIRO<126><STEAM_0:1:43536689><TERRORIST>" killed "gatl<123><STEAM_0:0:204938646><CT>" with "ak47" (attacker_position "1152 298 260") (victim_position "1075 -227 260")
L 04/17/2026 - 17:37:17: "gatl<123><STEAM_0:0:204938646><CT>" triggered "weaponstats" (weapon "deagle") (shots "6") (hits "2") (kills "1") (headshots "0") (tks "0") (damage "31") (deaths "1")
L 04/17/2026 - 17:37:17: "gatl<123><STEAM_0:0:204938646><CT>" triggered "weaponstats2" (weapon "deagle") (head "0") (chest "0") (stomach "0") (leftarm "2") (rightarm "0") (leftleg "0") (rightleg "0")
L 04/17/2026 - 17:37:32: "GIRO<126><STEAM_0:1:43536689><TERRORIST>" triggered "Planted_The_Bomb"
L 04/17/2026 - 17:37:48: Rcon: "rcon 2122926088 "pikabu" stats" from "172.18.0.1:60833"
L 04/17/2026 - 17:37:56: "photonly<122><STEAM_0:0:519683270><CT>" triggered "Begin_Bomb_Defuse_Without_Kit"
L 04/17/2026 - 17:37:59: "GIRO<126><STEAM_0:1:43536689><TERRORIST>" killed "photonly<122><STEAM_0:0:519683270><CT>" with "ak47" (attacker_position "1946 58 196") (victim_position "1885 346 196")
L 04/17/2026 - 17:37:59: Team "TERRORIST" triggered "Terrorists_Win" (CT "2") (T "8")
L 04/17/2026 - 17:37:59: World triggered "Round_End"
L 04/17/2026 - 17:37:59: "photonly<122><STEAM_0:0:519683270><CT>" triggered "weaponstats" (weapon "grenade") (shots "1") (hits "2") (kills "0") (headshots "0") (tks "0") (damage "11") (deaths "0")
L 04/17/2026 - 17:37:59: "photonly<122><STEAM_0:0:519683270><CT>" triggered "weaponstats2" (weapon "grenade") (head "0") (chest "0") (stomach "0") (leftarm "0") (rightarm "0") (leftleg "0") (rightleg "0")
L 04/17/2026 - 17:37:59: "photonly<122><STEAM_0:0:519683270><CT>" triggered "weaponstats" (weapon "deagle") (shots "8") (hits "3") (kills "0") (headshots "0") (tks "0") (damage "84") (deaths "1")
L 04/17/2026 - 17:37:59: "photonly<122><STEAM_0:0:519683270><CT>" triggered "weaponstats2" (weapon "deagle") (head "0") (chest "0") (stomach "0") (leftarm "3") (rightarm "0") (leftleg "0") (rightleg "0")
L 04/17/2026 - 17:38:01: "gatl<123><STEAM_0:0:204938646><CT>" say "GG" (dead)
L 04/17/2026 - 17:38:04: "GIRO<126><STEAM_0:1:43536689><TERRORIST>" triggered "Spawned_With_The_Bomb"
L 04/17/2026 - 17:38:05: Log file closed
